Component: ARM Compiler 5.06 update 6 (build 750) Tool: armlink [4d35ed]

==============================================================================

Section Cross References

    main.o(i.assert_nrf_callback) refers to app_error_handler_keil.o(.emb_text) for app_error_handler
    main.o(i.ble_evt_handler) refers to main.o(i.on_adv_report) for on_adv_report
    main.o(i.ble_evt_handler) refers to app_error_handler_keil.o(.emb_text) for app_error_handler
    main.o(i.ble_evt_handler) refers to nrf_log_frontend.o(i.nrf_log_frontend_std_1) for nrf_log_frontend_std_1
    main.o(i.ble_evt_handler) refers to ble_lbs_c.o(i.ble_lbs_c_handles_assign) for ble_lbs_c_handles_assign
    main.o(i.ble_evt_handler) refers to ble_db_discovery.o(i.ble_db_discovery_start) for ble_db_discovery_start
    main.o(i.ble_evt_handler) refers to boards.o(i.bsp_board_led_on) for bsp_board_led_on
    main.o(i.ble_evt_handler) refers to ble_conn_state.o(i.ble_conn_state_central_conn_count) for ble_conn_state_central_conn_count
    main.o(i.ble_evt_handler) refers to main.o(i.scan_start) for scan_start
    main.o(i.ble_evt_handler) refers to boards.o(i.bsp_board_led_off) for bsp_board_led_off
    main.o(i.ble_evt_handler) refers to nrf_log_frontend.o(i.nrf_log_frontend_std_2) for nrf_log_frontend_std_2
    main.o(i.ble_evt_handler) refers to app_button.o(i.app_button_disable) for app_button_disable
    main.o(i.ble_evt_handler) refers to main.o(.data) for .data
    main.o(i.ble_evt_handler) refers to nrf_log_frontend.o(log_dynamic_data) for m_nrf_log_app_logs_data_dynamic
    main.o(i.ble_evt_handler) refers to main.o(.bss) for .bss
    main.o(i.ble_evt_handler) refers to main.o(i.event_of_b) for event_of_b
    main.o(i.ble_evt_handler) refers to main.o(i.event_of_b1) for event_of_b1
    main.o(i.ble_evt_handler) refers to main.o(i.event_of_b2) for event_of_b2
    main.o(i.ble_evt_handler) refers to main.o(i.event_of_b3) for event_of_b3
    main.o(i.ble_stack_init) refers to nrf_sdh.o(i.nrf_sdh_enable_request) for nrf_sdh_enable_request
    main.o(i.ble_stack_init) refers to app_error_handler_keil.o(.emb_text) for app_error_handler
    main.o(i.ble_stack_init) refers to nrf_sdh_ble.o(i.nrf_sdh_ble_default_cfg_set) for nrf_sdh_ble_default_cfg_set
    main.o(i.ble_stack_init) refers to nrf_sdh_ble.o(i.nrf_sdh_ble_enable) for nrf_sdh_ble_enable
    main.o(i.ble_stack_init) refers to main.o(i.main) for i.main
    main.o(i.button_event_handler) refers to app_error_handler_keil.o(.emb_text) for app_error_handler
    main.o(i.button_event_handler) refers to main.o(i.led_status_send_to_two) for led_status_send_to_two
    main.o(i.button_event_handler) refers to nrf_log_frontend.o(i.nrf_log_frontend_std_1) for nrf_log_frontend_std_1
    main.o(i.button_event_handler) refers to nrf_log_frontend.o(log_dynamic_data) for m_nrf_log_app_logs_data_dynamic
    main.o(i.db_disc_handler) refers to ble_lbs_c.o(i.ble_lbs_on_db_disc_evt) for ble_lbs_on_db_disc_evt
    main.o(i.db_disc_handler) refers to main.o(.bss) for .bss
    main.o(i.event_of_b) refers to app_uart_fifo.o(i.app_uart_put) for app_uart_put
    main.o(i.event_of_b) refers to app_button.o(i.app_button_enable) for app_button_enable
    main.o(i.event_of_b) refers to app_error_handler_keil.o(.emb_text) for app_error_handler
    main.o(i.event_of_b) refers to ble_lbs_c.o(i.ble_lbs_c_button_notif_enable) for ble_lbs_c_button_notif_enable
    main.o(i.event_of_b1) refers to app_uart_fifo.o(i.app_uart_put) for app_uart_put
    main.o(i.event_of_b1) refers to app_button.o(i.app_button_enable) for app_button_enable
    main.o(i.event_of_b1) refers to app_error_handler_keil.o(.emb_text) for app_error_handler
    main.o(i.event_of_b1) refers to ble_lbs_c.o(i.ble_lbs_c_button_notif_enable) for ble_lbs_c_button_notif_enable
    main.o(i.event_of_b2) refers to app_uart_fifo.o(i.app_uart_put) for app_uart_put
    main.o(i.event_of_b2) refers to app_button.o(i.app_button_enable) for app_button_enable
    main.o(i.event_of_b2) refers to app_error_handler_keil.o(.emb_text) for app_error_handler
    main.o(i.event_of_b2) refers to ble_lbs_c.o(i.ble_lbs_c_button_notif_enable) for ble_lbs_c_button_notif_enable
    main.o(i.event_of_b3) refers to app_uart_fifo.o(i.app_uart_put) for app_uart_put
    main.o(i.event_of_b3) refers to app_button.o(i.app_button_enable) for app_button_enable
    main.o(i.event_of_b3) refers to app_error_handler_keil.o(.emb_text) for app_error_handler
    main.o(i.event_of_b3) refers to ble_lbs_c.o(i.ble_lbs_c_button_notif_enable) for ble_lbs_c_button_notif_enable
    main.o(i.led_status_send_to_two) refers to ble_lbs_c.o(i.ble_lbs_led_status_send) for ble_lbs_led_status_send
    main.o(i.led_status_send_to_two) refers to main.o(.bss) for .bss
    main.o(i.main) refers to nrf_log_frontend.o(i.nrf_log_init) for nrf_log_init
    main.o(i.main) refers to app_error_handler_keil.o(.emb_text) for app_error_handler
[...]
    .bss                                     0x20008144   Section       92  nrfx_gpiote.o(.bss)
    m_cb                                     0x20008144   Data          92  nrfx_gpiote.o(.bss)
    .bss                                     0x200081a0   Section       44  nrfx_uart.o(.bss)
    m_cb                                     0x200081a0   Data          44  nrfx_uart.o(.bss)
    .bss                                     0x200081cc   Section       36  nrfx_uarte.o(.bss)
    m_cb                                     0x200081cc   Data          36  nrfx_uarte.o(.bss)
    .bss                                     0x200081f0   Section       32  app_button.o(.bss)
    m_detection_delay_timer_id_data          0x200081f0   Data          32  app_button.o(.bss)
    .bss                                     0x20008210   Section       32  app_error.o(.bss)
    m_error_data                             0x20008210   Data          32  app_error.o(.bss)
    .bss                                     0x20008230   Section      268  app_timer.o(.bss)
    m_op_queue                               0x20008230   Data         268  app_timer.o(.bss)
    .bss                                     0x2000833c   Section       12  app_util_platform.o(.bss)
    .bss                                     0x20008348   Section      160  nrf_fstorage_sd.o(.bss)
    m_fifo_data                              0x20008348   Data         140  nrf_fstorage_sd.o(.bss)
    m_flags                                  0x200083d4   Data          20  nrf_fstorage_sd.o(.bss)
    .bss                                     0x200083e8   Section       12  nrf_pwr_mgmt.o(.bss)
    m_handlers_iter                          0x200083e8   Data          12  nrf_pwr_mgmt.o(.bss)
    .bss                                     0x200083f4   Section       32  app_uart_fifo.o(.bss)
    m_rx_fifo                                0x200083f4   Data          16  app_uart_fifo.o(.bss)
    m_tx_fifo                                0x20008404   Data          16  app_uart_fifo.o(.bss)
    .bss                                     0x20008414   Section       64  nrf_log_backend_rtt.o(.bss)
    m_string_buff                            0x20008414   Data          64  nrf_log_backend_rtt.o(.bss)
    .bss                                     0x20008454   Section      192  nrf_log_frontend.o(.bss)
    log_mempool_nrf_balloc_pool_mem          0x20008454   Data         192  nrf_log_frontend.o(.bss)
    .bss                                     0x20008514   Section     1060  nrf_log_frontend.o(.bss)
    m_log_data                               0x20008514   Data        1060  nrf_log_frontend.o(.bss)
    .bss                                     0x20008938   Section      648  segger_rtt.o(.bss)
    _acUpBuffer                              0x200089b0   Data         512  segger_rtt.o(.bss)
    _acDownBuffer                            0x20008bb0   Data          16  segger_rtt.o(.bss)
    STACK                                    0x20008bc0   Section     8192  arm_startup_nrf52.o(STACK)

    Global Symbols

    Symbol Name                              Value     Ov Type        Size  Object(Section)

    BuildAttributes$$THM_ISAv4$E$P$D$K$B$S$7EM$VFPi3$EXTD16$VFPS$VFMA$PE$A:L22UL41UL21$X:L11$S22US41US21$IEEE1$IW$USESV6$~STKCKD$USESV7$~SHL$OSPACE$ROPI$EBA8$MICROLIB$REQ8$EABIv2 0x00000000   Number         0  anon$$obj.o ABSOLUTE
    __ARM_use_no_argv                        0x00000000   Number         0  main.o ABSOLUTE
    __cpp_initialize__aeabi_                  - Undefined Weak Reference
    __cxa_finalize                            - Undefined Weak Reference
    _clock_init                               - Undefined Weak Reference
    _microlib_exit                            - Undefined Weak Reference
    fs_data$$Base                             - Undefined Reference
    fs_data$$Limit                            - Undefined Reference
    pwr_mgmt_data0$$Base                      - Undefined Reference
    pwr_mgmt_data0$$Limit                     - Undefined Reference
    pwr_mgmt_data1$$Base                      - Undefined Reference
    pwr_mgmt_data1$$Limit                     - Undefined Reference
    pwr_mgmt_data2$$Base                      - Undefined Reference
    pwr_mgmt_data2$$Limit                     - Undefined Reference
    sdh_req_observers1$$Base                  - Undefined Reference
    sdh_req_observers1$$Limit                 - Undefined Reference
    sdh_soc_observers1$$Base                  - Undefined Reference
    sdh_soc_observers1$$Limit                 - Undefined Reference
    sdh_stack_observers1$$Base                - Undefined Reference
    sdh_stack_observers1$$Limit               - Undefined Reference
    sdh_state_observers1$$Base                - Undefined Reference
    sdh_state_observers1$$Limit               - Undefined Reference
    __Vectors_Size                           0x00000200   Number         0  arm_startup_nrf52.o ABSOLUTE
    __Vectors                                0x00026000   Data           4  arm_startup_nrf52.o(RESET)
    __Vectors_End                            0x00026200   Data           0  arm_startup_nrf52.o(RESET)
    __main                                   0x00026201   Thumb Code     0  entry.o(.ARM.Collect$$$$00000000)
    _main_stk                                0x00026201   Thumb Code     0  entry2.o(.ARM.Collect$$$$00000001)
    _main_scatterload                        0x00026205   Thumb Code     0  entry5.o(.ARM.Collect$$$$00000004)
    __main_after_scatterload                 0x00026209   Thumb Code     0  entry5.o(.ARM.Collect$$$$00000004)
    _main_clock                              0x00026209   Thumb Code     0  entry7b.o(.ARM.Collect$$$$00000008)
    _main_cpp_init                           0x00026209   Thumb Code     0  entry8b.o(.ARM.Collect$$$$0000000A)
    _main_init                               0x00026209   Thumb Code     0  entry9a.o(.ARM.Collect$$$$0000000B)
    __rt_final_cpp                           0x00026211   Thumb Code     0  entry10a.o(.ARM.Collect$$$$0000000D)
    __rt_final_exit                          0x00026211   Thumb Code     0  entry11a.o(.ARM.Collect$$$$0000000F)
    app_error_handler                        0x00026215   Thumb Code    26  app_error_handler_keil.o(.emb_text)
    __asm___12_nrf_atfifo_c_51f461e1__nrf_atfifo_wspace_req 0x00026231   Thumb Code    56  nrf_atfifo.o(.emb_text)
    __asm___12_nrf_atfifo_c_51f461e1__nrf_atfifo_wspace_close 0x00026269   Thumb Code    18  nrf_atfifo.o(.emb_text)
    __asm___12_nrf_atfifo_c_51f461e1__nrf_atfifo_rspace_req 0x0002627b   Thumb Code    58  nrf_atfifo.o(.emb_text)
    __asm___12_nrf_atfifo_c_51f461e1__nrf_atfifo_rspace_close 0x000262b5   Thumb Code    18  nrf_atfifo.o(.emb_text)
    __asm___12_nrf_atfifo_c_51f461e1__nrf_atfifo_space_clear 0x000262c7   Thumb Code    50  nrf_atfifo.o(.emb_text)
    __asm___12_nrf_atomic_c_85ca2469__nrf_atomic_internal_mov 0x000262f9   Thumb Code    24  nrf_atomic.o(.emb_text)
    __asm___12_nrf_atomic_c_85ca2469__nrf_atomic_internal_orr 0x00026311   Thumb Code    26  nrf_atomic.o(.emb_text)
    __asm___12_nrf_atomic_c_85ca2469__nrf_atomic_internal_and 0x0002632b   Thumb Code    26  nrf_atomic.o(.emb_text)
    __asm___12_nrf_atomic_c_85ca2469__nrf_atomic_internal_eor 0x00026345   Thumb Code    26  nrf_atomic.o(.emb_text)
    __asm___12_nrf_atomic_c_85ca2469__nrf_atomic_internal_add 0x0002635f   Thumb Code    26  nrf_atomic.o(.emb_text)
    __asm___12_nrf_atomic_c_85ca2469__nrf_atomic_internal_sub 0x00026379   Thumb Code    26  nrf_atomic.o(.emb_text)
    __asm___12_nrf_atomic_c_85ca2469__nrf_atomic_internal_cmp_exch 0x00026393   Thumb Code    42  nrf_atomic.o(.emb_text)
    __asm___12_nrf_atomic_c_85ca2469__nrf_atomic_internal_sub_hs 0x000263bd   Thumb Code    30  nrf_atomic.o(.emb_text)
    Reset_Handler                            0x000263dd   Thumb Code     8  arm_startup_nrf52.o(.text)
    NMI_Handler                              0x000263e5   Thumb Code     2  arm_startup_nrf52.o(.text)
    HardFault_Handler                        0x000263e7   Thumb Code     2  arm_startup_nrf52.o(.text)
    MemoryManagement_Handler                 0x000263e9   Thumb Code     2  arm_startup_nrf52.o(.text)
    BusFault_Handler                         0x000263eb   Thumb Code     2  arm_startup_nrf52.o(.text)
    UsageFault_Handler                       0x000263ed   Thumb Code     2  arm_startup_nrf52.o(.text)
    SVC_Handler                              0x000263ef   Thumb Code     2  arm_startup_nrf52.o(.text)
    DebugMon_Handler                         0x000263f1   Thumb Code     2  arm_startup_nrf52.o(.text)
    PendSV_Handler                           0x000263f3   Thumb Code     2  arm_startup_nrf52.o(.text)
    SysTick_Handler                          0x000263f5   Thumb Code     2  arm_startup_nrf52.o(.text)
    CCM_AAR_IRQHandler                       0x000263f7   Thumb Code     0  arm_startup_nrf52.o(.text)
    COMP_LPCOMP_IRQHandler                   0x000263f7   Thumb Code     0  arm_startup_nrf52.o(.text)
    ECB_IRQHandler                           0x000263f7   Thumb Code     0  arm_startup_nrf52.o(.text)
    FPU_IRQHandler                           0x000263f7   Thumb Code     0  arm_startup_nrf52.o(.text)
    I2S_IRQHandler                           0x000263f7   Thumb Code     0  arm_startup_nrf52.o(.text)
    MWU_IRQHandler                           0x000263f7   Thumb Code     0  arm_startup_nrf52.o(.text)
    NFCT_IRQHandler                          0x000263f7   Thumb Code     0  arm_startup_nrf52.o(.text)
    PDM_IRQHandler                           0x000263f7   Thumb Code     0  arm_startup_nrf52.o(.text)
    PWM0_IRQHandler                          0x000263f7   Thumb Code     0  arm_startup_nrf52.o(.text)
    PWM1_IRQHandler                          0x000263f7   Thumb Code     0  arm_startup_nrf52.o(.text)
    PWM2_IRQHandler                          0x000263f7   Thumb Code     0  arm_startup_nrf52.o(.text)
    QDEC_IRQHandler                          0x000263f7   Thumb Code     0  arm_startup_nrf52.o(.text)
    RADIO_IRQHandler                         0x000263f7   Thumb Code     0  arm_startup_nrf52.o(.text)
    RNG_IRQHandler                           0x000263f7   Thumb Code     0  arm_startup_nrf52.o(.text)
    RTC0_IRQHandler                          0x000263f7   Thumb Code     0  arm_startup_nrf52.o(.text)
    RTC2_IRQHandler                          0x000263f7   Thumb Code     0  arm_startup_nrf52.o(.text)
    SAADC_IRQHandler                         0x000263f7   Thumb Code     0  arm_startup_nrf52.o(.text)
    SPIM0_SPIS0_TWIM0_TWIS0_SPI0_TWI0_IRQHandler 0x000263f7   Thumb Code     0  arm_startup_nrf52.o(.text)
    SPIM1_SPIS1_TWIM1_TWIS1_SPI1_TWI1_IRQHandler 0x000263f7   Thumb Code     0  arm_startup_nrf52.o(.text)
    SPIM2_SPIS2_SPI2_IRQHandler              0x000263f7   Thumb Code     0  arm_startup_nrf52.o(.text)
    SWI1_EGU1_IRQHandler                     0x000263f7   Thumb Code     0  arm_startup_nrf52.o(.text)
    SWI3_EGU3_IRQHandler                     0x000263f7   Thumb Code     0  arm_startup_nrf52.o(.text)
    SWI4_EGU4_IRQHandler                     0x000263f7   Thumb Code     0  arm_startup_nrf52.o(.text)
    SWI5_EGU5_IRQHandler                     0x000263f7   Thumb Code     0  arm_startup_nrf52.o(.text)
    TEMP_IRQHandler                          0x000263f7   Thumb Code     0  arm_startup_nrf52.o(.text)
    TIMER0_IRQHandler                        0x000263f7   Thumb Code     0  arm_startup_nrf52.o(.text)
    TIMER1_IRQHandler                        0x000263f7   Thumb Code     0  arm_startup_nrf52.o(.text)
    TIMER2_IRQHandler                        0x000263f7   Thumb Code     0  arm_startup_nrf52.o(.text)
    TIMER3_IRQHandler                        0x000263f7   Thumb Code     0  arm_startup_nrf52.o(.text)
    TIMER4_IRQHandler                        0x000263f7   Thumb Code     0  arm_startup_nrf52.o(.text)
    WDT_IRQHandler                           0x000263f7   Thumb Code     0  arm_startup_nrf52.o(.text)
    __aeabi_llsl                             0x00026401   Thumb Code    30  llshl.o(.text)
    _ll_shift_l                              0x00026401   Thumb Code     0  llshl.o(.text)
    __rt_ctype_table                         0x00026421   Thumb Code     4  ctype_o.o(.text)
    __aeabi_memcpy                           0x00026429   Thumb Code    36  memcpya.o(.text)
    __aeabi_memcpy4                          0x00026429   Thumb Code     0  memcpya.o(.text)
    __aeabi_memcpy8                          0x00026429   Thumb Code     0  memcpya.o(.text)
    __aeabi_memset                           0x0002644d   Thumb Code    14  memseta.o(.text)
    __aeabi_memset4                          0x0002644d   Thumb Code     0  memseta.o(.text)
    __aeabi_memset8                          0x0002644d   Thumb Code     0  memseta.o(.text)
    __aeabi_memclr                           0x0002645b   Thumb Code     4  memseta.o(.text)
    __aeabi_memclr4                          0x0002645b   Thumb Code     0  memseta.o(.text)
    __aeabi_memclr8                          0x0002645b   Thumb Code     0  memseta.o(.text)
    _memset$wrapper                          0x0002645f   Thumb Code    18  memseta.o(.text)
    strlen                                   0x00026471   Thumb Code    14  strlen.o(.text)
    memcmp                                   0x0002647f   Thumb Code    26  memcmp.o(.text)
    strcpy                                   0x00026499   Thumb Code    18  strcpy.o(.text)
    __scatterload                            0x000264ad   Thumb Code    28  init.o(.text)
    __scatterload_rt2                        0x000264ad   Thumb Code     0  init.o(.text)
    __decompress                             0x000264d1   Thumb Code     0  __dczerorl2.o(.text)
    __decompress1                            0x000264d1   Thumb Code    86  __dczerorl2.o(.text)
    GPIOTE_IRQHandler                        0x00026529   Thumb Code   346  nrfx_gpiote.o(i.GPIOTE_IRQHandler)
    POWER_CLOCK_IRQHandler                   0x000266f1   Thumb Code    82  nrfx_clock.o(i.POWER_CLOCK_IRQHandler)
    RTC1_IRQHandler                          0x00026749   Thumb Code    32  app_timer.o(i.RTC1_IRQHandler)
    SEGGER_RTT_Init                          0x0002676d   Thumb Code     4  segger_rtt.o(i.SEGGER_RTT_Init)
    SEGGER_RTT_WriteNoLock                   0x00026771   Thumb Code    86  segger_rtt.o(i.SEGGER_RTT_WriteNoLock)
    SWI0_EGU0_IRQHandler                     0x000267cd   Thumb Code     4  app_timer.o(i.SWI0_EGU0_IRQHandler)
    SWI2_EGU2_IRQHandler                     0x000267d1   Thumb Code     4  nrf_sdh.o(i.SWI2_EGU2_IRQHandler)
    SystemInit                               0x000267d5   Thumb Code   726  system_nrf52.o(i.SystemInit)
    UARTE0_UART0_IRQHandler                  0x00026af1   Thumb Code     6  nrfx_prs.o(i.UARTE0_UART0_IRQHandler)
    __0printf$bare                           0x00026c19   Thumb Code     8  printfb.o(i.__0printf$bare)
    __1printf$bare                           0x00026c19   Thumb Code     0  printfb.o(i.__0printf$bare)
    __2printf                                0x00026c19   Thumb Code     0  printfb.o(i.__0printf$bare)
    __scatterload_copy                       0x00026c29   Thumb Code    14  handlers.o(i.__scatterload_copy)
    __scatterload_null                       0x00026c37   Thumb Code     2  handlers.o(i.__scatterload_null)
    __scatterload_zeroinit                   0x00026c39   Thumb Code    14  handlers.o(i.__scatterload_zeroinit)
    active_flag_count                        0x00026ca5   Thumb Code    28  ble_conn_state.o(i.active_flag_count)
    app_button_disable                       0x00026d09   Thumb Code    38  app_button.o(i.app_button_disable)
    app_button_enable                        0x00026d39   Thumb Code    32  app_button.o(i.app_button_enable)
    app_button_init                          0x00026d5d   Thumb Code   102  app_button.o(i.app_button_init)
    app_error_fault_handler                  0x00026dd5   Thumb Code   182  app_error_weak.o(i.app_error_fault_handler)
    app_error_save_and_stop                  0x00026f49   Thumb Code    96  app_error.o(i.app_error_save_and_stop)
    app_fifo_get                             0x00026fad   Thumb Code    22  app_fifo.o(i.app_fifo_get)
    app_fifo_init                            0x00026fc3   Thumb Code    32  app_fifo.o(i.app_fifo_init)
    app_fifo_put                             0x00026fe3   Thumb Code    26  app_fifo.o(i.app_fifo_put)
    app_timer_create                         0x00026ffd   Thumb Code    36  app_timer.o(i.app_timer_create)
    app_timer_init                           0x00027025   Thumb Code    70  app_timer.o(i.app_timer_init)
    app_timer_start                          0x00027079   Thumb Code   128  app_timer.o(i.app_timer_start)
    app_timer_stop                           0x00027101   Thumb Code    26  app_timer.o(i.app_timer_stop)
    app_uart_get                             0x00027121   Thumb Code    46  app_uart_fifo.o(i.app_uart_get)
    app_uart_init                            0x00027195   Thumb Code   148  app_uart_fifo.o(i.app_uart_init)
    app_uart_put                             0x00027239   Thumb Code    70  app_uart_fifo.o(i.app_uart_put)
    app_util_critical_region_enter           0x0002728d   Thumb Code    64  app_util_platform.o(i.app_util_critical_region_enter)
    app_util_critical_region_exit            0x000272d5   Thumb Code    46  app_util_platform.o(i.app_util_critical_region_exit)
    bcs_internal_state_reset                 0x00027419   Thumb Code     8  ble_conn_state.o(i.bcs_internal_state_reset)
    ble_advdata_name_find                    0x00027425   Thumb Code    68  ble_advdata.o(i.ble_advdata_name_find)
    ble_advdata_search                       0x00027469   Thumb Code    56  ble_advdata.o(i.ble_advdata_search)
    ble_conn_state_central_conn_count        0x000274a1   Thumb Code    24  ble_conn_state.o(i.ble_conn_state_central_conn_count)
    ble_conn_state_init                      0x000274bd   Thumb Code     4  ble_conn_state.o(i.ble_conn_state_init)
    ble_db_discovery_evt_register            0x000274c1   Thumb Code    56  ble_db_discovery.o(i.ble_db_discovery_evt_register)
    ble_db_discovery_init                    0x00027501   Thumb Code    24  ble_db_discovery.o(i.ble_db_discovery_init)
    ble_db_discovery_on_ble_evt              0x0002751d   Thumb Code   138  ble_db_discovery.o(i.ble_db_discovery_on_ble_evt)
    ble_db_discovery_start                   0x000275ad   Thumb Code    34  ble_db_discovery.o(i.ble_db_discovery_start)
    ble_lbs_c_button_notif_enable            0x000279bd   Thumb Code    80  ble_lbs_c.o(i.ble_lbs_c_button_notif_enable)
    ble_lbs_c_handles_assign                 0x00027a15   Thumb Code    24  ble_lbs_c.o(i.ble_lbs_c_handles_assign)
    ble_lbs_c_init                           0x00027a2d   Thumb Code    80  ble_lbs_c.o(i.ble_lbs_c_init)
    ble_lbs_c_on_ble_evt                     0x00027a81   Thumb Code   128  ble_lbs_c.o(i.ble_lbs_c_on_ble_evt)
    ble_lbs_c_string_send                    0x00027b01   Thumb Code    86  ble_lbs_c.o(i.ble_lbs_c_string_send)
    ble_lbs_led_status_send                  0x00027b85   Thumb Code    80  ble_lbs_c.o(i.ble_lbs_led_status_send)
    ble_lbs_on_db_disc_evt                   0x00027bdd   Thumb Code   142  ble_lbs_c.o(i.ble_lbs_on_db_disc_evt)
    bsp_board_init                           0x00027cb1   Thumb Code    80  boards.o(i.bsp_board_init)
    bsp_board_led_off                        0x00027d05   Thumb Code    10  boards.o(i.bsp_board_led_off)
    bsp_board_led_on                         0x00027d15   Thumb Code    10  boards.o(i.bsp_board_led_on)
    bsp_board_leds_off                       0x00027d25   Thumb Code    18  boards.o(i.bsp_board_leds_off)
    bsp_event_to_button_action_assign        0x00027d39   Thumb Code    64  bsp.o(i.bsp_event_to_button_action_assign)
    buffer_is_empty                          0x00027e2d   Thumb Code    16  nrf_log_frontend.o(i.buffer_is_empty)
    conn_handle_list_get                     0x00028075   Thumb Code    62  ble_conn_state.o(i.conn_handle_list_get)
    fputc                                    0x0002868b   Thumb Code    14  retarget.o(i.fputc)
    main                                     0x00028aad   Thumb Code   250  main.o(i.main)
    nrf_atfifo_item_free                     0x00028c99   Thumb Code    22  nrf_atfifo.o(i.nrf_atfifo_item_free)
    nrf_atfifo_item_get                      0x00028caf   Thumb Code    22  nrf_atfifo.o(i.nrf_atfifo_item_get)
    nrf_atflags_clear                        0x00028cc5   Thumb Code    22  nrf_atflags.o(i.nrf_atflags_clear)
    nrf_atflags_get                          0x00028cdb   Thumb Code    22  nrf_atflags.o(i.nrf_atflags_get)
    nrf_atflags_set                          0x00028cf1   Thumb Code    20  nrf_atflags.o(i.nrf_atflags_set)
    nrf_atomic_flag_clear_fetch              0x00028d05   Thumb Code     6  nrf_atomic.o(i.nrf_atomic_flag_clear_fetch)
    nrf_atomic_flag_set                      0x00028d0b   Thumb Code     6  nrf_atomic.o(i.nrf_atomic_flag_set)
    nrf_atomic_u32_add                       0x00028d11   Thumb Code    12  nrf_atomic.o(i.nrf_atomic_u32_add)
    nrf_atomic_u32_and                       0x00028d1d   Thumb Code    12  nrf_atomic.o(i.nrf_atomic_u32_and)
    nrf_atomic_u32_fetch_and                 0x00028d29   Thumb Code    10  nrf_atomic.o(i.nrf_atomic_u32_fetch_and)
    nrf_atomic_u32_fetch_store               0x00028d33   Thumb Code    10  nrf_atomic.o(i.nrf_atomic_u32_fetch_store)
    nrf_atomic_u32_or                        0x00028d3d   Thumb Code    12  nrf_atomic.o(i.nrf_atomic_u32_or)
    nrf_atomic_u32_sub                       0x00028d49   Thumb Code    12  nrf_atomic.o(i.nrf_atomic_u32_sub)
    nrf_balloc_alloc                         0x00028d55   Thumb Code    68  nrf_balloc.o(i.nrf_balloc_alloc)
    nrf_balloc_free                          0x00028d99   Thumb Code    48  nrf_balloc.o(i.nrf_balloc_free)
    nrf_balloc_init                          0x00028dc9   Thumb Code    48  nrf_balloc.o(i.nrf_balloc_init)
    nrf_ble_gatt_init                        0x00028e1d   Thumb Code    44  nrf_ble_gatt.o(i.nrf_ble_gatt_init)
    nrf_ble_gatt_on_ble_evt                  0x00028e49   Thumb Code   298  nrf_ble_gatt.o(i.nrf_ble_gatt_on_ble_evt)
    nrf_drv_clock_init                       0x00028fd1   Thumb Code    48  nrf_drv_clock.o(i.nrf_drv_clock_init)
    nrf_drv_clock_lfclk_release              0x00029009   Thumb Code    42  nrf_drv_clock.o(i.nrf_drv_clock_lfclk_release)
    nrf_drv_uart_init                        0x00029039   Thumb Code    90  nrf_drv_uart.o(i.nrf_drv_uart_init)
    nrf_fprintf                              0x000290e1   Thumb Code    26  nrf_fprintf.o(i.nrf_fprintf)
    nrf_fprintf_buffer_flush                 0x000290fb   Thumb Code    24  nrf_fprintf.o(i.nrf_fprintf_buffer_flush)
    nrf_fprintf_fmt                          0x00029113   Thumb Code   474  nrf_fprintf_format.o(i.nrf_fprintf_fmt)
    nrf_fstorage_sdh_req_handler             0x000292ed   Thumb Code    18  nrf_fstorage_sd.o(i.nrf_fstorage_sdh_req_handler)
    nrf_fstorage_sdh_state_handler           0x00029305   Thumb Code    28  nrf_fstorage_sd.o(i.nrf_fstorage_sdh_state_handler)
    nrf_fstorage_sys_evt_handler             0x00029325   Thumb Code   154  nrf_fstorage_sd.o(i.nrf_fstorage_sys_evt_handler)
    nrf_log_backend_add                      0x00029529   Thumb Code    74  nrf_log_frontend.o(i.nrf_log_backend_add)
    nrf_log_backend_rtt_init                 0x0002957b   Thumb Code     4  nrf_log_backend_rtt.o(i.nrf_log_backend_rtt_init)
    nrf_log_backend_serial_put               0x00029599   Thumb Code   200  nrf_log_backend_serial.o(i.nrf_log_backend_serial_put)
    nrf_log_color_id_get                     0x00029661   Thumb Code    42  nrf_log_frontend.o(i.nrf_log_color_id_get)
    nrf_log_default_backends_init            0x00029691   Thumb Code    22  nrf_log_default_backends.o(i.nrf_log_default_backends_init)
    nrf_log_frontend_dequeue                 0x000296ad   Thumb Code   510  nrf_log_frontend.o(i.nrf_log_frontend_dequeue)
    nrf_log_frontend_std_0                   0x000298cd   Thumb Code     8  nrf_log_frontend.o(i.nrf_log_frontend_std_0)
    nrf_log_frontend_std_1                   0x000298d5   Thumb Code    14  nrf_log_frontend.o(i.nrf_log_frontend_std_1)
    nrf_log_frontend_std_2                   0x000298e3   Thumb Code    16  nrf_log_frontend.o(i.nrf_log_frontend_std_2)
    nrf_log_frontend_std_3                   0x000298f3   Thumb Code    18  nrf_log_frontend.o(i.nrf_log_frontend_std_3)
    nrf_log_frontend_std_5                   0x00029905   Thumb Code    28  nrf_log_frontend.o(i.nrf_log_frontend_std_5)
    nrf_log_hexdump_entry_process            0x00029921   Thumb Code   146  nrf_log_str_formatter.o(i.nrf_log_hexdump_entry_process)
    nrf_log_init                             0x000299cd   Thumb Code    66  nrf_log_frontend.o(i.nrf_log_init)
    nrf_log_module_cnt_get                   0x00029a25   Thumb Code    10  nrf_log_frontend.o(i.nrf_log_module_cnt_get)
    nrf_log_module_name_get                  0x00029a39   Thumb Code    24  nrf_log_frontend.o(i.nrf_log_module_name_get)
    nrf_log_panic                            0x00029a55   Thumb Code    34  nrf_log_frontend.o(i.nrf_log_panic)
    nrf_log_std_entry_process                0x00029a7d   Thumb Code   182  nrf_log_str_formatter.o(i.nrf_log_std_entry_process)
    nrf_memobj_alloc                         0x00029b33   Thumb Code    96  nrf_memobj.o(i.nrf_memobj_alloc)
    nrf_memobj_free                          0x00029b93   Thumb Code    50  nrf_memobj.o(i.nrf_memobj_free)
    nrf_memobj_get                           0x00029bc5   Thumb Code     8  nrf_memobj.o(i.nrf_memobj_get)
    nrf_memobj_pool_init                     0x00029bcd   Thumb Code     4  nrf_memobj.o(i.nrf_memobj_pool_init)
    nrf_memobj_put                           0x00029bd1   Thumb Code    30  nrf_memobj.o(i.nrf_memobj_put)
    nrf_memobj_read                          0x00029bef   Thumb Code    12  nrf_memobj.o(i.nrf_memobj_read)
    nrf_memobj_write                         0x00029bfb   Thumb Code    12  nrf_memobj.o(i.nrf_memobj_write)
    nrf_pwr_mgmt_init                        0x00029c09   Thumb Code    28  nrf_pwr_mgmt.o(i.nrf_pwr_mgmt_init)
    nrf_pwr_mgmt_run                         0x00029c31   Thumb Code    64  nrf_pwr_mgmt.o(i.nrf_pwr_mgmt_run)
    nrf_sdh_ble_app_ram_start_get            0x00029c75   Thumb Code    16  nrf_sdh_ble.o(i.nrf_sdh_ble_app_ram_start_get)
    nrf_sdh_ble_default_cfg_set              0x00029c89   Thumb Code   316  nrf_sdh_ble.o(i.nrf_sdh_ble_default_cfg_set)
    nrf_sdh_ble_enable                       0x00029de1   Thumb Code   116  nrf_sdh_ble.o(i.nrf_sdh_ble_enable)
    nrf_sdh_disable_request                  0x00029fb5   Thumb Code    80  nrf_sdh.o(i.nrf_sdh_disable_request)
    nrf_sdh_enable_request                   0x0002a009   Thumb Code   106  nrf_sdh.o(i.nrf_sdh_enable_request)
    nrf_sdh_evts_poll                        0x0002a081   Thumb Code    32  nrf_sdh.o(i.nrf_sdh_evts_poll)
    nrf_sdh_is_enabled                       0x0002a0a5   Thumb Code     6  nrf_sdh.o(i.nrf_sdh_is_enabled)
    nrf_sdh_request_continue                 0x0002a0b1   Thumb Code    22  nrf_sdh.o(i.nrf_sdh_request_continue)
    nrf_section_iter_init                    0x0002a14d   Thumb Code    10  nrf_section_iter.o(i.nrf_section_iter_init)
    nrf_section_iter_next                    0x0002a17b   Thumb Code    32  nrf_section_iter.o(i.nrf_section_iter_next)
    nrf_strerror_find                        0x0002a19d   Thumb Code    52  nrf_strerror.o(i.nrf_strerror_find)
    nrf_strerror_get                         0x0002a1d5   Thumb Code    14  nrf_strerror.o(i.nrf_strerror_get)
    nrfx_clock_enable                        0x0002a221   Thumb Code    36  nrfx_clock.o(i.nrfx_clock_enable)
    nrfx_clock_init                          0x0002a24d   Thumb Code    26  nrfx_clock.o(i.nrfx_clock_init)
    nrfx_clock_lfclk_stop                    0x0002a26d   Thumb Code    20  nrfx_clock.o(i.nrfx_clock_lfclk_stop)
    nrfx_gpiote_in_event_disable             0x0002a299   Thumb Code    66  nrfx_gpiote.o(i.nrfx_gpiote_in_event_disable)
    nrfx_gpiote_in_event_enable              0x0002a2e1   Thumb Code   156  nrfx_gpiote.o(i.nrfx_gpiote_in_event_enable)
    nrfx_gpiote_in_init                      0x0002a385   Thumb Code   194  nrfx_gpiote.o(i.nrfx_gpiote_in_init)
    nrfx_gpiote_in_is_set                    0x0002a455   Thumb Code    20  nrfx_gpiote.o(i.nrfx_gpiote_in_is_set)
    nrfx_gpiote_init                         0x0002a469   Thumb Code    98  nrfx_gpiote.o(i.nrfx_gpiote_init)
    nrfx_gpiote_is_init                      0x0002a4d9   Thumb Code    14  nrfx_gpiote.o(i.nrfx_gpiote_is_init)
    nrfx_prs_acquire                         0x0002a4fd   Thumb Code    58  nrfx_prs.o(i.nrfx_prs_acquire)
    nrfx_uart_0_irq_handler                  0x0002a539   Thumb Code     8  nrfx_uart.o(i.nrfx_uart_0_irq_handler)
    nrfx_uart_init                           0x0002a549   Thumb Code   200  nrfx_uart.o(i.nrfx_uart_init)
    nrfx_uart_rx                             0x0002a61d   Thumb Code   230  nrfx_uart.o(i.nrfx_uart_rx)
    nrfx_uart_tx                             0x0002a709   Thumb Code   160  nrfx_uart.o(i.nrfx_uart_tx)
    nrfx_uart_tx_in_progress                 0x0002a7ad   Thumb Code    26  nrfx_uart.o(i.nrfx_uart_tx_in_progress)
    nrfx_uarte_0_irq_handler                 0x0002a7cd   Thumb Code     8  nrfx_uarte.o(i.nrfx_uarte_0_irq_handler)
    nrfx_uarte_init                          0x0002a7dd   Thumb Code   100  nrfx_uarte.o(i.nrfx_uarte_init)
    nrfx_uarte_rx                            0x0002a849   Thumb Code   256  nrfx_uarte.o(i.nrfx_uarte_rx)
    nrfx_uarte_tx                            0x0002a94d   Thumb Code   138  nrfx_uarte.o(i.nrfx_uarte_tx)
    nrfx_uarte_tx_in_progress                0x0002a9dd   Thumb Code    22  nrfx_uarte.o(i.nrfx_uarte_tx_in_progress)
    uart_event_handle                        0x0002b8d1   Thumb Code   416  main.o(i.uart_event_handle)
    nrf_log_backend_rtt_api                  0x0002c1c8   Data          12  nrf_log_backend_rtt.o(.constdata)
    m_ram_start                              0x0002c260   Data           4  nrf_sdh_ble.o(.constdata)
    __ctype_table                            0x0002c28c   Data         129  ctype_o.o(.constdata)
    Region$$Table$$Base                      0x0002cac4   Number         0  anon$$obj.o(Region$$Table)
    Region$$Table$$Limit                     0x0002cae4   Number         0  anon$$obj.o(Region$$Table)
    log_const_data$$Base                     0x0002cae4   Number         0  ble_db_discovery.o(log_const_data)
    m_nrf_log_ble_db_disc_logs_data_const    0x0002cae4   Data           8  ble_db_discovery.o(log_const_data)
    m_nrf_log_nrf_ble_gatt_logs_data_const   0x0002caec   Data           8  nrf_ble_gatt.o(log_const_data)
    m_nrf_log_ble_lbs_c_logs_data_const      0x0002caf4   Data           8  ble_lbs_c.o(log_const_data)
    m_nrf_log_clock_logs_data_const          0x0002cafc   Data           8  nrf_drv_clock.o(log_const_data)
    m_nrf_log_CLOCK_logs_data_const          0x0002cb04   Data           8  nrfx_clock.o(log_const_data)
    m_nrf_log_GPIOTE_logs_data_const         0x0002cb0c   Data           8  nrfx_gpiote.o(log_const_data)
    m_nrf_log_PRS_logs_data_const            0x0002cb14   Data           8  nrfx_prs.o(log_const_data)
    m_nrf_log_UART_logs_data_const           0x0002cb1c   Data           8  nrfx_uart.o(log_const_data)
    m_nrf_log_UARTE_logs_data_const          0x0002cb24   Data           8  nrfx_uarte.o(log_const_data)
    m_nrf_log_nrf_fstorage_logs_data_const   0x0002cb2c   Data           8  nrf_fstorage.o(log_const_data)
    m_nrf_log_atfifo_m_fifo_logs_data_const  0x0002cb34   Data           8  nrf_fstorage_sd.o(log_const_data)
    m_nrf_log_pwr_mgmt_logs_data_const       0x0002cb3c   Data           8  nrf_pwr_mgmt.o(log_const_data)
    m_nrf_log_balloc_log_mempool_logs_data_const 0x0002cb44   Data           8  nrf_log_frontend.o(log_const_data)
    m_nrf_log_app_logs_data_const            0x0002cb4c   Data           8  nrf_log_frontend.o(log_const_data)
    m_nrf_log_nrf_sdh_logs_data_const        0x0002cb54   Data           8  nrf_sdh.o(log_const_data)
    m_nrf_log_nrf_sdh_ble_logs_data_const    0x0002cb5c   Data           8  nrf_sdh_ble.o(log_const_data)
    m_nrf_log_nrf_sdh_soc_logs_data_const    0x0002cb64   Data           8  nrf_sdh_soc.o(log_const_data)
    log_const_data$$Limit                    0x0002cb6c   Number         0  nrf_sdh_soc.o(log_const_data)
    log_mempool                              0x0002cb6c   Data          24  nrf_log_frontend.o(nrf_balloc)
    sdh_ble_observers0$$Base                 0x0002cb84   Number         0  ble_conn_state.o(sdh_ble_observers0)
    sdh_ble_observers0$$Limit                0x0002cb8c   Number         0  ble_conn_state.o(sdh_ble_observers0)
    sdh_ble_observers1$$Base                 0x0002cb8c   Number         0  main.o(sdh_ble_observers1)
    sdh_ble_observers1$$Limit                0x0002cbbc   Number         0  bsp_btn_ble.o(sdh_ble_observers1)
    sdh_ble_observers2$$Base                 0x0002cbbc   Number         0  main.o(sdh_ble_observers2)
    sdh_ble_observers2$$Limit                0x0002cbdc   Number         0  main.o(sdh_ble_observers2)
    sdh_ble_observers3$$Base                 0x0002cbdc   Number         0  main.o(sdh_ble_observers3)
    m_req_obs                                0x0002cbe4   Data           8  nrf_fstorage_sd.o(sdh_req_observers0)
    sdh_ble_observers3$$Limit                0x0002cbe4   Number         0  main.o(sdh_ble_observers3)
    sdh_req_observers0$$Base                 0x0002cbe4   Number         0  nrf_fstorage_sd.o(sdh_req_observers0)
    sdh_req_observers0$$Limit                0x0002cbec   Number         0  nrf_fstorage_sd.o(sdh_req_observers0)
    sdh_soc_observers0$$Base                 0x0002cbec   Number         0  nrf_drv_clock.o(sdh_soc_observers0)
    sdh_soc_observers0$$Limit                0x0002cbfc   Number         0  nrf_fstorage_sd.o(sdh_soc_observers0)
    sdh_stack_observers0$$Base               0x0002cbfc   Number         0  nrf_sdh_ble.o(sdh_stack_observers0)
    sdh_stack_observers0$$Limit              0x0002cc0c   Number         0  nrf_sdh_soc.o(sdh_stack_observers0)
    sdh_state_observers0$$Base               0x0002cc0c   Number         0  nrf_drv_clock.o(sdh_state_observers0)
    sdh_state_observers0$$Limit              0x0002cc1c   Number         0  nrf_fstorage_sd.o(sdh_state_observers0)
    Image$$RW_IRAM1$$Base                    0x20006c98   Number         0  anon$$obj.o ABSOLUTE
    valid_acupoint_handle                    0x20006c98   Data           1  main.o(.data)
    adv_count                                0x20006cac   Data           4  main.o(.data)
    con_handle                               0x20006cb0   Data           4  main.o(.data)
    string                                   0x200077ec   Data          20  main.o(.data)
    nrf_drv_uart_use_easy_dma                0x20007830   Data           1  nrf_drv_uart.o(.data)
    __stdout                                 0x200078a8   Data           4  retarget.o(.data)
    SystemCoreClock                          0x2000792c   Data           4  system_nrf52.o(.data)
    log_dynamic_data$$Base                   0x20007930   Number         0  ble_db_discovery.o(log_dynamic_data)
    m_nrf_log_ble_db_disc_logs_data_dynamic  0x20007930   Data           4  ble_db_discovery.o(log_dynamic_data)
    m_nrf_log_nrf_ble_gatt_logs_data_dynamic 0x20007934   Data           4  nrf_ble_gatt.o(log_dynamic_data)
    m_nrf_log_ble_lbs_c_logs_data_dynamic    0x20007938   Data           4  ble_lbs_c.o(log_dynamic_data)
    m_nrf_log_clock_logs_data_dynamic        0x2000793c   Data           4  nrf_drv_clock.o(log_dynamic_data)
    m_nrf_log_CLOCK_logs_data_dynamic        0x20007940   Data           4  nrfx_clock.o(log_dynamic_data)
    m_nrf_log_GPIOTE_logs_data_dynamic       0x20007944   Data           4  nrfx_gpiote.o(log_dynamic_data)
    m_nrf_log_PRS_logs_data_dynamic          0x20007948   Data           4  nrfx_prs.o(log_dynamic_data)
    m_nrf_log_UART_logs_data_dynamic         0x2000794c   Data           4  nrfx_uart.o(log_dynamic_data)
    m_nrf_log_UARTE_logs_data_dynamic        0x20007950   Data           4  nrfx_uarte.o(log_dynamic_data)
    m_nrf_log_nrf_fstorage_logs_data_dynamic 0x20007954   Data           4  nrf_fstorage.o(log_dynamic_data)
    m_nrf_log_atfifo_m_fifo_logs_data_dynamic 0x20007958   Data           4  nrf_fstorage_sd.o(log_dynamic_data)
    m_nrf_log_pwr_mgmt_logs_data_dynamic     0x2000795c   Data           4  nrf_pwr_mgmt.o(log_dynamic_data)
    m_nrf_log_balloc_log_mempool_logs_data_dynamic 0x20007960   Data           4  nrf_log_frontend.o(log_dynamic_data)
    m_nrf_log_app_logs_data_dynamic          0x20007964   Data           4  nrf_log_frontend.o(log_dynamic_data)
    m_nrf_log_nrf_sdh_logs_data_dynamic      0x20007968   Data           4  nrf_sdh.o(log_dynamic_data)
    m_nrf_log_nrf_sdh_ble_logs_data_dynamic  0x2000796c   Data           4  nrf_sdh_ble.o(log_dynamic_data)
    m_nrf_log_nrf_sdh_soc_logs_data_dynamic  0x20007970   Data           4  nrf_sdh_soc.o(log_dynamic_data)
    nrf_nvic_state                           0x2000833c   Data          12  app_util_platform.o(.bss)
    _SEGGER_RTT                              0x20008938   Data         120  segger_rtt.o(.bss)
    __initial_sp                             0x2000abc0   Data           0  arm_startup_nrf52.o(STACK)



==============================================================================

Memory Map of the image

  Image Entry point : 0x00026201

  Load Region LR_IROM1 (Base: 0x00026000, Size: 0x000078f8, Max: 0x0005a000, ABSOLUTE, COMPRESSED[0x00006ca4])

    Execution Region ER_IROM1 (Exec base: 0x00026000, Load base: 0x00026000, Size: 0x00006c1c, Max: 0x0005a000, ABSOLUTE)

    Exec Addr    Load Addr    Size         Type   Attr      Idx    E Section Name        Object

    0x00026000   0x00026000   0x00000200   Data   RO         5387    RESET               arm_startup_nrf52.o
    0x00026200   0x00026200   0x00000000   Code   RO         5432  * .ARM.Collect$$$$00000000  mc_w.l(entry.o)
    0x00026200   0x00026200   0x00000004   Code   RO         5739    .ARM.Collect$$$$00000001  mc_w.l(entry2.o)
    0x00026204   0x00026204   0x00000004   Code   RO         5742    .ARM.Collect$$$$00000004  mc_w.l(entry5.o)
    0x00026208   0x00026208   0x00000000   Code   RO         5744    .ARM.Collect$$$$00000008  mc_w.l(entry7b.o)
    0x00026208   0x00026208   0x00000000   Code   RO         5746    .ARM.Collect$$$$0000000A  mc_w.l(entry8b.o)
    0x00026208   0x00026208   0x00000008   Code   RO         5747    .ARM.Collect$$$$0000000B  mc_w.l(entry9a.o)
    0x00026210   0x00026210   0x00000000   Code   RO         5749    .ARM.Collect$$$$0000000D  mc_w.l(entry10a.o)
    0x00026210   0x00026210   0x00000000   Code   RO         5751    .ARM.Collect$$$$0000000F  mc_w.l(entry11a.o)
    0x00026210   0x00026210   0x00000004   Code   RO         5740    .ARM.Collect$$$$00002712  mc_w.l(entry2.o)
    0x00026214   0x00026214   0x0000001a   Code   RO         3061    .emb_text           app_error_handler_keil.o
    0x0002622e   0x0002622e   0x00000002   PAD
    0x00026230   0x00026230   0x000000c8   Code   RO         3486    .emb_text           nrf_atfifo.o
    0x000262f8   0x000262f8   0x000000e2   Code   RO         3625    .emb_text           nrf_atomic.o
    0x000263da   0x000263da   0x00000002   PAD
    0x000263dc   0x000263dc   0x00000024   Code   RO         5388    .text               arm_startup_nrf52.o
    0x00026400   0x00026400   0x0000001e   Code   RO         5437    .text               mc_w.l(llshl.o)
    0x0002641e   0x0002641e   0x00000002   PAD
    0x00026420   0x00026420   0x00000008   Code   RO         5439    .text               mc_w.l(ctype_o.o)
    0x00026428   0x00026428   0x00000024   Code   RO         5467    .text               mc_w.l(memcpya.o)
    0x0002644c   0x0002644c   0x00000024   Code   RO         5469    .text               mc_w.l(memseta.o)
    0x00026470   0x00026470   0x0000000e   Code   RO         5471    .text               mc_w.l(strlen.o)
    0x0002647e   0x0002647e   0x0000001a   Code   RO         5473    .text               mc_w.l(memcmp.o)
    0x00026498   0x00026498   0x00000012   Code   RO         5475    .text               mc_w.l(strcpy.o)
    0x000264aa   0x000264aa   0x00000002   PAD
    0x000264ac   0x000264ac   0x00000024   Code   RO         5768    .text               mc_w.l(init.o)
    0x000264d0   0x000264d0   0x00000056   Code   RO         5782    .text               mc_w.l(__dczerorl2.o)
    0x00026526   0x00026526   0x00000002   PAD
    0x00026528   0x00026528   0x00000164   Code   RO         2265    i.GPIOTE_IRQHandler  nrfx_gpiote.o
    0x0002668c   0x0002668c   0x00000016   Code   RO         3188    i.NVIC_ClearPendingIRQ  app_timer.o
    0x000266a2   0x000266a2   0x00000016   Code   RO         3189    i.NVIC_EnableIRQ    app_timer.o
    0x000266b8   0x000266b8   0x00000016   Code   RO         3190    i.NVIC_SetPendingIRQ  app_timer.o
    0x000266ce   0x000266ce   0x00000020   Code   RO         3191    i.NVIC_SetPriority  app_timer.o
    0x000266ee   0x000266ee   0x00000002   PAD
    0x000266f0   0x000266f0   0x00000058   Code   RO         2133    i.POWER_CLOCK_IRQHandler  nrfx_clock.o
    0x00026748   0x00026748   0x00000024   Code   RO         3192    i.RTC1_IRQHandler   app_timer.o
    0x0002676c   0x0002676c   0x00000004   Code   RO         4918    i.SEGGER_RTT_Init   segger_rtt.o
    0x00026770   0x00026770   0x0000005c   Code   RO         4932    i.SEGGER_RTT_WriteNoLock  segger_rtt.o
    0x000267cc   0x000267cc   0x00000004   Code   RO         3193    i.SWI0_EGU0_IRQHandler  app_timer.o
    0x000267d0   0x000267d0   0x00000004   Code   RO         5169    i.SWI2_EGU2_IRQHandler  nrf_sdh.o
    0x000267d4   0x000267d4   0x0000031c   Code   RO         5396    i.SystemInit        system_nrf52.o
    0x00026af0   0x00026af0   0x0000000c   Code   RO         2564    i.UARTE0_UART0_IRQHandler  nrfx_prs.o
    0x00026afc   0x00026afc   0x00000068   Code   RO         4936    i._DoInit           segger_rtt.o
    0x00026b64   0x00026b64   0x00000016   Code   RO         4937    i._GetAvailWriteSpace  segger_rtt.o
    0x00026b7a   0x00026b7a   0x0000005a   Code   RO         4939    i._WriteBlocking    segger_rtt.o
    0x00026bd4   0x00026bd4   0x00000042   Code   RO         4940    i._WriteNoCheck     segger_rtt.o
    0x00026c16   0x00026c16   0x00000002   PAD
    0x00026c18   0x00026c18   0x00000010   Code   RO         5480    i.__0printf$bare    mc_w.l(printfb.o)
    0x00026c28   0x00026c28   0x0000000e   Code   RO         5776    i.__scatterload_copy  mc_w.l(handlers.o)
    0x00026c36   0x00026c36   0x00000002   Code   RO         5777    i.__scatterload_null  mc_w.l(handlers.o)
    0x00026c38   0x00026c38   0x0000000e   Code   RO         5778    i.__scatterload_zeroinit  mc_w.l(handlers.o)
    0x00026c46   0x00026c46   0x00000002   PAD
    0x00026c48   0x00026c48   0x00000024   Code   RO         5170    i.__sd_nvic_app_accessible_irq  nrf_sdh.o
    0x00026c6c   0x00026c6c   0x00000016   Code   RO         5171    i.__sd_nvic_is_app_accessible_priority  nrf_sdh.o
    0x00026c82   0x00026c82   0x00000022   Code   RO         5487    i._printf_core      mc_w.l(printfb.o)
    0x00026ca4   0x00026ca4   0x0000001c   Code   RO         1110    i.active_flag_count  ble_conn_state.o
    0x00026cc0   0x00026cc0   0x00000046   Code   RO          750    i.advertising_buttons_configure  bsp_btn_ble.o
    0x00026d06   0x00026d06   0x00000002   PAD
    0x00026d08   0x00026d08   0x00000030   Code   RO         2955    i.app_button_disable  app_button.o
    0x00026d38   0x00026d38   0x00000024   Code   RO         2956    i.app_button_enable  app_button.o
    0x00026d5c   0x00026d5c   0x00000078   Code   RO         2957    i.app_button_init   app_button.o
    0x00026dd4   0x00026dd4   0x00000174   Code   RO         3083    i.app_error_fault_handler  app_error_weak.o
    0x00026f48   0x00026f48   0x00000064   Code   RO         3021    i.app_error_save_and_stop  app_error.o
    0x00026fac   0x00026fac   0x00000016   Code   RO         4410    i.app_fifo_get      app_fifo.o
    0x00026fc2   0x00026fc2   0x00000020   Code   RO         4411    i.app_fifo_init     app_fifo.o
    0x00026fe2   0x00026fe2   0x0000001a   Code   RO         4413    i.app_fifo_put      app_fifo.o
    0x00026ffc   0x00026ffc   0x00000028   Code   RO         3196    i.app_timer_create  app_timer.o
    0x00027024   0x00027024   0x00000054   Code   RO         3197    i.app_timer_init    app_timer.o
    0x00027078   0x00027078   0x00000088   Code   RO         3200    i.app_timer_start   app_timer.o
    0x00027100   0x00027100   0x00000020   Code   RO         3201    i.app_timer_stop    app_timer.o
    0x00027120   0x00027120   0x00000074   Code   RO         4325    i.app_uart_get      app_uart_fifo.o
    0x00027194   0x00027194   0x000000a4   Code   RO         4326    i.app_uart_init     app_uart_fifo.o
    0x00027238   0x00027238   0x00000054   Code   RO         4327    i.app_uart_put      app_uart_fifo.o
    0x0002728c   0x0002728c   0x00000048   Code   RO         3361    i.app_util_critical_region_enter  app_util_platform.o
    0x000272d4   0x000272d4   0x00000034   Code   RO         3362    i.app_util_critical_region_exit  app_util_platform.o
    0x00027308   0x00027308   0x00000088   Code   RO         2615    i.apply_config      nrfx_uart.o
    0x00027390   0x00027390   0x00000088   Code   RO         2803    i.apply_config      nrfx_uarte.o
    0x00027418   0x00027418   0x0000000c   Code   RO         1111    i.bcs_internal_state_reset  ble_conn_state.o
    0x00027424   0x00027424   0x00000044   Code   RO          866    i.ble_advdata_name_find  ble_advdata.o
    0x00027468   0x00027468   0x00000038   Code   RO          868    i.ble_advdata_search  ble_advdata.o
    0x000274a0   0x000274a0   0x0000001c   Code   RO         1112    i.ble_conn_state_central_conn_count  ble_conn_state.o
    0x000274bc   0x000274bc   0x00000004   Code   RO         1120    i.ble_conn_state_init  ble_conn_state.o
    0x000274c0   0x000274c0   0x00000040   Code   RO         1284    i.ble_db_discovery_evt_register  ble_db_discovery.o
    0x00027500   0x00027500   0x0000001c   Code   RO         1285    i.ble_db_discovery_init  ble_db_discovery.o
    0x0002751c   0x0002751c   0x00000090   Code   RO         1286    i.ble_db_discovery_on_ble_evt  ble_db_discovery.o
    0x000275ac   0x000275ac   0x00000028   Code   RO         1287    i.ble_db_discovery_start  ble_db_discovery.o
    0x000275d4   0x000275d4   0x00000234   Code   RO            5    i.ble_evt_handler   main.o
    0x00027808   0x00027808   0x00000070   Code   RO          751    i.ble_evt_handler   bsp_btn_ble.o
    0x00027878   0x00027878   0x00000144   Code   RO         1130    i.ble_evt_handler   ble_conn_state.o
    0x000279bc   0x000279bc   0x00000058   Code   RO         1828    i.ble_lbs_c_button_notif_enable  ble_lbs_c.o
    0x00027a14   0x00027a14   0x00000018   Code   RO         1829    i.ble_lbs_c_handles_assign  ble_lbs_c.o
    0x00027a2c   0x00027a2c   0x00000054   Code   RO         1830    i.ble_lbs_c_init    ble_lbs_c.o
    0x00027a80   0x00027a80   0x00000080   Code   RO         1831    i.ble_lbs_c_on_ble_evt  ble_lbs_c.o
    0x00027b00   0x00027b00   0x00000084   Code   RO         1832    i.ble_lbs_c_string_send  ble_lbs_c.o
    0x00027b84   0x00027b84   0x00000058   Code   RO         1833    i.ble_lbs_led_status_send  ble_lbs_c.o
    0x00027bdc   0x00027bdc   0x0000008e   Code   RO         1834    i.ble_lbs_on_db_disc_evt  ble_lbs_c.o
    0x00027c6a   0x00027c6a   0x00000002   PAD
    0x00027c6c   0x00027c6c   0x00000044   Code   RO            6    i.ble_stack_init    main.o
    0x00027cb0   0x00027cb0   0x00000054   Code   RO          407    i.bsp_board_init    boards.o
    0x00027d04   0x00027d04   0x00000010   Code   RO          410    i.bsp_board_led_off  boards.o
    0x00027d14   0x00027d14   0x00000010   Code   RO          411    i.bsp_board_led_on  boards.o
    0x00027d24   0x00027d24   0x00000012   Code   RO          413    i.bsp_board_leds_off  boards.o
    0x00027d36   0x00027d36   0x00000002   PAD
    0x00027d38   0x00027d38   0x00000044   Code   RO          632    i.bsp_event_to_button_action_assign  bsp.o
    0x00027d7c   0x00027d7c   0x00000090   Code   RO         4672    i.buf_prealloc      nrf_log_frontend.o
    0x00027e0c   0x00027e0c   0x0000001e   Code   RO         3837    i.buffer_add        nrf_fprintf_format.o
    0x00027e2a   0x00027e2a   0x00000002   PAD
    0x00027e2c   0x00027e2c   0x00000014   Code   RO         4673    i.buffer_is_empty   nrf_log_frontend.o
    0x00027e40   0x00027e40   0x0000008c   Code   RO            7    i.button_event_handler  main.o
    0x00027ecc   0x00027ecc   0x0000001c   Code   RO         2266    i.channel_free      nrfx_gpiote.o
    0x00027ee8   0x00027ee8   0x00000048   Code   RO         2267    i.channel_port_alloc  nrfx_gpiote.o
    0x00027f30   0x00027f30   0x00000010   Code   RO         2268    i.channel_port_get  nrfx_gpiote.o
    0x00027f40   0x00027f40   0x00000042   Code   RO         1288    i.characteristics_discover  ble_db_discovery.o
    0x00027f82   0x00027f82   0x00000002   PAD
    0x00027f84   0x00027f84   0x00000028   Code   RO         1932    i.clock_clk_started_notify  nrf_drv_clock.o
    0x00027fac   0x00027fac   0x0000001c   Code   RO         1933    i.clock_irq_handler  nrf_drv_clock.o
    0x00027fc8   0x00027fc8   0x000000ac   Code   RO         3203    i.compare_reg_update  app_timer.o
    0x00028074   0x00028074   0x0000003e   Code   RO         1131    i.conn_handle_list_get  ble_conn_state.o
    0x000280b2   0x000280b2   0x00000002   PAD
    0x000280b4   0x000280b4   0x000000bc   Code   RO         1549    i.data_length_update  nrf_ble_gatt.o
    0x00028170   0x00028170   0x00000014   Code   RO            8    i.db_disc_handler   main.o
    0x00028184   0x00028184   0x0000008c   Code   RO         1289    i.descriptors_discover  ble_db_discovery.o
    0x00028210   0x00028210   0x00000098   Code   RO         2959    i.detection_delay_timeout_handler  app_button.o
    0x000282a8   0x000282a8   0x00000090   Code   RO         1290    i.discovery_complete_evt_trigger  ble_db_discovery.o
    0x00028338   0x00028338   0x0000003c   Code   RO         1291    i.discovery_error_evt_trigger  ble_db_discovery.o
    0x00028374   0x00028374   0x0000005c   Code   RO         1292    i.discovery_start   ble_db_discovery.o
    0x000283d0   0x000283d0   0x00000014   Code   RO         4675    i.dropped_sat16_get  nrf_log_frontend.o
    0x000283e4   0x000283e4   0x00000040   Code   RO         3204    i.elapsed_ticks_acquire  app_timer.o
    0x00028424   0x00028424   0x00000094   Code   RO            9    i.event_of_b        main.o
    0x000284b8   0x000284b8   0x00000070   Code   RO           10    i.event_of_b1       main.o
    0x00028528   0x00028528   0x00000074   Code   RO           11    i.event_of_b2       main.o
    0x0002859c   0x0002859c   0x00000074   Code   RO           12    i.event_of_b3       main.o
    0x00028610   0x00028610   0x00000054   Code   RO         3962    i.event_send        nrf_fstorage_sd.o
    0x00028664   0x00028664   0x00000014   Code   RO         4416    i.fifo_get          app_fifo.o
    0x00028678   0x00028678   0x00000012   Code   RO         4417    i.fifo_put          app_fifo.o
    0x0002868a   0x0002868a   0x0000000e   Code   RO         4283    i.fputc             retarget.o
    0x00028698   0x00028698   0x00000084   Code   RO         2960    i.gpiote_event_handler  app_button.o
    0x0002871c   0x0002871c   0x000000a6   Code   RO         3838    i.int_print         nrf_fprintf_format.o
    0x000287c2   0x000287c2   0x00000002   PAD
    0x000287c4   0x000287c4   0x00000080   Code   RO         2804    i.interrupts_enable  nrfx_uarte.o
    0x00028844   0x00028844   0x0000004c   Code   RO         4676    i.invalid_packets_pushed_str_omit  nrf_log_frontend.o
    0x00028890   0x00028890   0x0000004c   Code   RO         1293    i.is_desc_discovery_reqd  ble_db_discovery.o
    0x000288dc   0x000288dc   0x00000002   Code   RO           13    i.lbs_c_evt_handler  main.o
    0x000288de   0x000288de   0x00000002   PAD
    0x000288e0   0x000288e0   0x00000020   Code   RO           14    i.led_status_send_to_two  main.o
    0x00028900   0x00028900   0x00000016   Code   RO         1550    i.link_init         nrf_ble_gatt.o
    0x00028916   0x00028916   0x00000002   PAD
    0x00028918   0x00028918   0x000000f8   Code   RO         3205    i.list_insertions_handler  app_timer.o
    0x00028a10   0x00028a10   0x0000009c   Code   RO         4677    i.log_skip          nrf_log_frontend.o
    0x00028aac   0x00028aac   0x00000144   Code   RO           15    i.main              main.o
    0x00028bf0   0x00028bf0   0x00000076   Code   RO         4076    i.memobj_op         nrf_memobj.o
    0x00028c66   0x00028c66   0x00000002   PAD
    0x00028c68   0x00028c68   0x00000030   Code   RO         4678    i.module_idx_get    nrf_log_frontend.o
    0x00028c98   0x00028c98   0x00000016   Code   RO         3492    i.nrf_atfifo_item_free  nrf_atfifo.o
    0x00028cae   0x00028cae   0x00000016   Code   RO         3493    i.nrf_atfifo_item_get  nrf_atfifo.o
    0x00028cc4   0x00028cc4   0x00000016   Code   RO         3559    i.nrf_atflags_clear  nrf_atflags.o
    0x00028cda   0x00028cda   0x00000016   Code   RO         3564    i.nrf_atflags_get   nrf_atflags.o
    0x00028cf0   0x00028cf0   0x00000014   Code   RO         3566    i.nrf_atflags_set   nrf_atflags.o
    0x00028d04   0x00028d04   0x00000006   Code   RO         3627    i.nrf_atomic_flag_clear_fetch  nrf_atomic.o
    0x00028d0a   0x00028d0a   0x00000006   Code   RO         3628    i.nrf_atomic_flag_set  nrf_atomic.o
    0x00028d10   0x00028d10   0x0000000c   Code   RO         3630    i.nrf_atomic_u32_add  nrf_atomic.o
    0x00028d1c   0x00028d1c   0x0000000c   Code   RO         3631    i.nrf_atomic_u32_and  nrf_atomic.o
    0x00028d28   0x00028d28   0x0000000a   Code   RO         3634    i.nrf_atomic_u32_fetch_and  nrf_atomic.o
    0x00028d32   0x00028d32   0x0000000a   Code   RO         3636    i.nrf_atomic_u32_fetch_store  nrf_atomic.o
    0x00028d3c   0x00028d3c   0x0000000c   Code   RO         3640    i.nrf_atomic_u32_or  nrf_atomic.o
    0x00028d48   0x00028d48   0x0000000c   Code   RO         3642    i.nrf_atomic_u32_sub  nrf_atomic.o
    0x00028d54   0x00028d54   0x00000044   Code   RO         3761    i.nrf_balloc_alloc  nrf_balloc.o
    0x00028d98   0x00028d98   0x00000030   Code   RO         3762    i.nrf_balloc_free   nrf_balloc.o
    0x00028dc8   0x00028dc8   0x00000030   Code   RO         3763    i.nrf_balloc_init   nrf_balloc.o
    0x00028df8   0x00028df8   0x00000010   Code   RO         2269    i.nrf_bitmask_bit_is_set  nrfx_gpiote.o
    0x00028e08   0x00028e08   0x00000014   Code   RO         2270    i.nrf_bitmask_bit_set  nrfx_gpiote.o
    0x00028e1c   0x00028e1c   0x0000002c   Code   RO         1556    i.nrf_ble_gatt_init  nrf_ble_gatt.o
    0x00028e48   0x00028e48   0x00000168   Code   RO         1557    i.nrf_ble_gatt_on_ble_evt  nrf_ble_gatt.o
    0x00028fb0   0x00028fb0   0x0000000e   Code   RO         2134    i.nrf_clock_event_check  nrfx_clock.o
    0x00028fbe   0x00028fbe   0x00000010   Code   RO         2135    i.nrf_clock_event_clear  nrfx_clock.o
    0x00028fce   0x00028fce   0x00000002   PAD
    0x00028fd0   0x00028fd0   0x00000038   Code   RO         1940    i.nrf_drv_clock_init  nrf_drv_clock.o
    0x00029008   0x00029008   0x00000030   Code   RO         1944    i.nrf_drv_clock_lfclk_release  nrf_drv_clock.o
    0x00029038   0x00029038   0x00000068   Code   RO         2081    i.nrf_drv_uart_init  nrf_drv_uart.o
    0x000290a0   0x000290a0   0x00000020   Code   RO         4328    i.nrf_drv_uart_rx   app_uart_fifo.o
    0x000290c0   0x000290c0   0x00000020   Code   RO         4329    i.nrf_drv_uart_tx   app_uart_fifo.o
    0x000290e0   0x000290e0   0x0000001a   Code   RO         3798    i.nrf_fprintf       nrf_fprintf.o
    0x000290fa   0x000290fa   0x00000018   Code   RO         3799    i.nrf_fprintf_buffer_flush  nrf_fprintf.o
    0x00029112   0x00029112   0x000001da   Code   RO         3839    i.nrf_fprintf_fmt   nrf_fprintf_format.o
    0x000292ec   0x000292ec   0x00000018   Code   RO         3965    i.nrf_fstorage_sdh_req_handler  nrf_fstorage_sd.o
    0x00029304   0x00029304   0x00000020   Code   RO         3966    i.nrf_fstorage_sdh_state_handler  nrf_fstorage_sd.o
    0x00029324   0x00029324   0x000000a4   Code   RO         3967    i.nrf_fstorage_sys_evt_handler  nrf_fstorage_sd.o
    0x000293c8   0x000293c8   0x00000024   Code   RO          417    i.nrf_gpio_cfg      boards.o
    0x000293ec   0x000293ec   0x00000024   Code   RO         2271    i.nrf_gpio_cfg      nrfx_gpiote.o
    0x00029410   0x00029410   0x00000024   Code   RO         2616    i.nrf_gpio_cfg      nrfx_uart.o
    0x00029434   0x00029434   0x00000024   Code   RO         2805    i.nrf_gpio_cfg      nrfx_uarte.o
    0x00029458   0x00029458   0x00000012   Code   RO         2618    i.nrf_gpio_cfg_input  nrfx_uart.o
    0x0002946a   0x0002946a   0x00000012   Code   RO         2807    i.nrf_gpio_cfg_input  nrfx_uarte.o
    0x0002947c   0x0002947c   0x00000014   Code   RO         2619    i.nrf_gpio_cfg_output  nrfx_uart.o
    0x00029490   0x00029490   0x00000014   Code   RO         2808    i.nrf_gpio_cfg_output  nrfx_uarte.o
    0x000294a4   0x000294a4   0x00000022   Code   RO         2273    i.nrf_gpio_cfg_sense_set  nrfx_gpiote.o
    0x000294c6   0x000294c6   0x00000016   Code   RO          418    i.nrf_gpio_pin_write  boards.o
    0x000294dc   0x000294dc   0x00000028   Code   RO         2274    i.nrf_gpio_ports_read  nrfx_gpiote.o
    0x00029504   0x00029504   0x00000014   Code   RO         2275    i.nrf_gpiote_event_clear  nrfx_gpiote.o
    0x00029518   0x00029518   0x00000010   Code   RO         2276    i.nrf_gpiote_event_is_set  nrfx_gpiote.o
    0x00029528   0x00029528   0x00000050   Code   RO         4679    i.nrf_log_backend_add  nrf_log_frontend.o
    0x00029578   0x00029578   0x00000002   Code   RO         4515    i.nrf_log_backend_rtt_flush  nrf_log_backend_rtt.o
    0x0002957a   0x0002957a   0x00000004   Code   RO         4516    i.nrf_log_backend_rtt_init  nrf_log_backend_rtt.o
    0x0002957e   0x0002957e   0x00000002   Code   RO         4517    i.nrf_log_backend_rtt_panic_set  nrf_log_backend_rtt.o
    0x00029580   0x00029580   0x00000018   Code   RO         4518    i.nrf_log_backend_rtt_put  nrf_log_backend_rtt.o
    0x00029598   0x00029598   0x000000c8   Code   RO         4584    i.nrf_log_backend_serial_put  nrf_log_backend_serial.o
    0x00029660   0x00029660   0x00000030   Code   RO         4681    i.nrf_log_color_id_get  nrf_log_frontend.o
    0x00029690   0x00029690   0x0000001c   Code   RO         4636    i.nrf_log_default_backends_init  nrf_log_default_backends.o
    0x000296ac   0x000296ac   0x00000220   Code   RO         4682    i.nrf_log_frontend_dequeue  nrf_log_frontend.o
    0x000298cc   0x000298cc   0x00000008   Code   RO         4684    i.nrf_log_frontend_std_0  nrf_log_frontend.o
    0x000298d4   0x000298d4   0x0000000e   Code   RO         4685    i.nrf_log_frontend_std_1  nrf_log_frontend.o
    0x000298e2   0x000298e2   0x00000010   Code   RO         4686    i.nrf_log_frontend_std_2  nrf_log_frontend.o
    0x000298f2   0x000298f2   0x00000012   Code   RO         4687    i.nrf_log_frontend_std_3  nrf_log_frontend.o
    0x00029904   0x00029904   0x0000001c   Code   RO         4689    i.nrf_log_frontend_std_5  nrf_log_frontend.o
    0x00029920   0x00029920   0x000000ac   Code   RO         4859    i.nrf_log_hexdump_entry_process  nrf_log_str_formatter.o
    0x000299cc   0x000299cc   0x00000058   Code   RO         4691    i.nrf_log_init      nrf_log_frontend.o
    0x00029a24   0x00029a24   0x00000014   Code   RO         4692    i.nrf_log_module_cnt_get  nrf_log_frontend.o
    0x00029a38   0x00029a38   0x0000001c   Code   RO         4695    i.nrf_log_module_name_get  nrf_log_frontend.o
    0x00029a54   0x00029a54   0x00000028   Code   RO         4696    i.nrf_log_panic     nrf_log_frontend.o
    0x00029a7c   0x00029a7c   0x000000b6   Code   RO         4860    i.nrf_log_std_entry_process  nrf_log_str_formatter.o
    0x00029b32   0x00029b32   0x00000060   Code   RO         4077    i.nrf_memobj_alloc  nrf_memobj.o
    0x00029b92   0x00029b92   0x00000032   Code   RO         4078    i.nrf_memobj_free   nrf_memobj.o
    0x00029bc4   0x00029bc4   0x00000008   Code   RO         4079    i.nrf_memobj_get    nrf_memobj.o
    0x00029bcc   0x00029bcc   0x00000004   Code   RO         4080    i.nrf_memobj_pool_init  nrf_memobj.o
    0x00029bd0   0x00029bd0   0x0000001e   Code   RO         4081    i.nrf_memobj_put    nrf_memobj.o
    0x00029bee   0x00029bee   0x0000000c   Code   RO         4082    i.nrf_memobj_read   nrf_memobj.o
    0x00029bfa   0x00029bfa   0x0000000c   Code   RO         4083    i.nrf_memobj_write  nrf_memobj.o
    0x00029c06   0x00029c06   0x00000002   PAD
    0x00029c08   0x00029c08   0x00000028   Code   RO         4142    i.nrf_pwr_mgmt_init  nrf_pwr_mgmt.o
    0x00029c30   0x00029c30   0x00000044   Code   RO         4143    i.nrf_pwr_mgmt_run  nrf_pwr_mgmt.o
    0x00029c74   0x00029c74   0x00000014   Code   RO         5305    i.nrf_sdh_ble_app_ram_start_get  nrf_sdh_ble.o
    0x00029c88   0x00029c88   0x00000158   Code   RO         5306    i.nrf_sdh_ble_default_cfg_set  nrf_sdh_ble.o
    0x00029de0   0x00029de0   0x0000012c   Code   RO         5307    i.nrf_sdh_ble_enable  nrf_sdh_ble.o
    0x00029f0c   0x00029f0c   0x000000a8   Code   RO         5308    i.nrf_sdh_ble_evts_poll  nrf_sdh_ble.o
    0x00029fb4   0x00029fb4   0x00000054   Code   RO         5172    i.nrf_sdh_disable_request  nrf_sdh.o
    0x0002a008   0x0002a008   0x00000078   Code   RO         5173    i.nrf_sdh_enable_request  nrf_sdh.o
    0x0002a080   0x0002a080   0x00000024   Code   RO         5174    i.nrf_sdh_evts_poll  nrf_sdh.o
    0x0002a0a4   0x0002a0a4   0x0000000c   Code   RO         5175    i.nrf_sdh_is_enabled  nrf_sdh.o
    0x0002a0b0   0x0002a0b0   0x0000001c   Code   RO         5177    i.nrf_sdh_request_continue  nrf_sdh.o
    0x0002a0cc   0x0002a0cc   0x00000080   Code   RO         5356    i.nrf_sdh_soc_evts_poll  nrf_sdh_soc.o
    0x0002a14c   0x0002a14c   0x0000000a   Code   RO         4214    i.nrf_section_iter_init  nrf_section_iter.o
    0x0002a156   0x0002a156   0x00000024   Code   RO         4215    i.nrf_section_iter_item_set  nrf_section_iter.o
    0x0002a17a   0x0002a17a   0x00000020   Code   RO         4216    i.nrf_section_iter_next  nrf_section_iter.o
    0x0002a19a   0x0002a19a   0x00000002   PAD
    0x0002a19c   0x0002a19c   0x00000038   Code   RO         4249    i.nrf_strerror_find  nrf_strerror.o
    0x0002a1d4   0x0002a1d4   0x00000014   Code   RO         4250    i.nrf_strerror_get  nrf_strerror.o
    0x0002a1e8   0x0002a1e8   0x0000000a   Code   RO         2620    i.nrf_uart_event_check  nrfx_uart.o
    0x0002a1f2   0x0002a1f2   0x0000000c   Code   RO         2621    i.nrf_uart_event_clear  nrfx_uart.o
    0x0002a1fe   0x0002a1fe   0x0000000c   Code   RO         2622    i.nrf_uart_int_enable_check  nrfx_uart.o
    0x0002a20a   0x0002a20a   0x0000000a   Code   RO         2809    i.nrf_uarte_event_check  nrfx_uarte.o
    0x0002a214   0x0002a214   0x0000000c   Code   RO         2810    i.nrf_uarte_event_clear  nrfx_uarte.o
    0x0002a220   0x0002a220   0x0000002c   Code   RO         2140    i.nrfx_clock_enable  nrfx_clock.o
    0x0002a24c   0x0002a24c   0x00000020   Code   RO         2143    i.nrfx_clock_init   nrfx_clock.o
    0x0002a26c   0x0002a26c   0x0000001c   Code   RO         2146    i.nrfx_clock_lfclk_stop  nrfx_clock.o
    0x0002a288   0x0002a288   0x00000010   Code   RO         3206    i.nrfx_coredep_delay_us  app_timer.o
    0x0002a298   0x0002a298   0x00000048   Code   RO         2280    i.nrfx_gpiote_in_event_disable  nrfx_gpiote.o
    0x0002a2e0   0x0002a2e0   0x000000a4   Code   RO         2281    i.nrfx_gpiote_in_event_enable  nrfx_gpiote.o
    0x0002a384   0x0002a384   0x000000d0   Code   RO         2282    i.nrfx_gpiote_in_init  nrfx_gpiote.o
    0x0002a454   0x0002a454   0x00000014   Code   RO         2283    i.nrfx_gpiote_in_is_set  nrfx_gpiote.o
    0x0002a468   0x0002a468   0x00000070   Code   RO         2285    i.nrfx_gpiote_init  nrfx_gpiote.o
    0x0002a4d8   0x0002a4d8   0x00000014   Code   RO         2286    i.nrfx_gpiote_is_init  nrfx_gpiote.o
    0x0002a4ec   0x0002a4ec   0x00000010   Code   RO         2811    i.nrfx_is_in_ram    nrfx_uarte.o
    0x0002a4fc   0x0002a4fc   0x0000003a   Code   RO         2565    i.nrfx_prs_acquire  nrfx_prs.o
    0x0002a536   0x0002a536   0x00000002   PAD
    0x0002a538   0x0002a538   0x00000010   Code   RO         2623    i.nrfx_uart_0_irq_handler  nrfx_uart.o
    0x0002a548   0x0002a548   0x000000d4   Code   RO         2625    i.nrfx_uart_init    nrfx_uart.o
    0x0002a61c   0x0002a61c   0x000000ec   Code   RO         2626    i.nrfx_uart_rx      nrfx_uart.o
    0x0002a708   0x0002a708   0x000000a4   Code   RO         2631    i.nrfx_uart_tx      nrfx_uart.o
    0x0002a7ac   0x0002a7ac   0x00000020   Code   RO         2633    i.nrfx_uart_tx_in_progress  nrfx_uart.o
    0x0002a7cc   0x0002a7cc   0x00000010   Code   RO         2812    i.nrfx_uarte_0_irq_handler  nrfx_uarte.o
    0x0002a7dc   0x0002a7dc   0x0000006c   Code   RO         2814    i.nrfx_uarte_init   nrfx_uarte.o
    0x0002a848   0x0002a848   0x00000104   Code   RO         2815    i.nrfx_uarte_rx     nrfx_uarte.o
    0x0002a94c   0x0002a94c   0x00000090   Code   RO         2818    i.nrfx_uarte_tx     nrfx_uarte.o
    0x0002a9dc   0x0002a9dc   0x0000001c   Code   RO         2820    i.nrfx_uarte_tx_in_progress  nrfx_uarte.o
    0x0002a9f8   0x0002a9f8   0x000001d4   Code   RO           16    i.on_adv_report     main.o
    0x0002abcc   0x0002abcc   0x00000114   Code   RO         1294    i.on_characteristic_discovery_rsp  ble_db_discovery.o
    0x0002ace0   0x0002ace0   0x000000a0   Code   RO         1558    i.on_connected_evt  nrf_ble_gatt.o
    0x0002ad80   0x0002ad80   0x000000f0   Code   RO         1295    i.on_descriptor_discovery_rsp  ble_db_discovery.o
    0x0002ae70   0x0002ae70   0x000000a4   Code   RO         1559    i.on_exchange_mtu_request_evt  nrf_ble_gatt.o
    0x0002af14   0x0002af14   0x0000006c   Code   RO         1296    i.on_primary_srv_discovery_rsp  ble_db_discovery.o
    0x0002af80   0x0002af80   0x0000007c   Code   RO         1297    i.on_srv_disc_completion  ble_db_discovery.o
    0x0002affc   0x0002affc   0x00000018   Code   RO         2302    i.pin_in_use_by_port  nrfx_gpiote.o
    0x0002b014   0x0002b014   0x00000018   Code   RO         2303    i.pin_in_use_by_te  nrfx_gpiote.o
    0x0002b02c   0x0002b02c   0x0000003c   Code   RO         4862    i.postfix_process   nrf_log_str_formatter.o
    0x0002b068   0x0002b068   0x00000098   Code   RO         4863    i.prefix_process    nrf_log_str_formatter.o
    0x0002b100   0x0002b100   0x00000018   Code   RO         2567    i.prs_box_get       nrfx_prs.o
    0x0002b118   0x0002b118   0x00000014   Code   RO         3968    i.queue_free        nrf_fstorage_sd.o
    0x0002b12c   0x0002b12c   0x000000a0   Code   RO         3969    i.queue_process     nrf_fstorage_sd.o
    0x0002b1cc   0x0002b1cc   0x00000038   Code   RO         1298    i.registered_handler_get  ble_db_discovery.o
    0x0002b204   0x0002b204   0x0000003c   Code   RO         3207    i.rtc1_stop         app_timer.o
    0x0002b240   0x0002b240   0x00000032   Code   RO         2635    i.rx_byte           nrfx_uart.o
    0x0002b272   0x0002b272   0x00000016   Code   RO         2636    i.rx_done_event     nrfx_uart.o
    0x0002b288   0x0002b288   0x00000018   Code   RO         2822    i.rx_done_event     nrfx_uarte.o
    0x0002b2a0   0x0002b2a0   0x00000020   Code   RO         2637    i.rx_enable         nrfx_uart.o
    0x0002b2c0   0x0002b2c0   0x0000005c   Code   RO           17    i.scan_start        main.o
    0x0002b31c   0x0002b31c   0x00000042   Code   RO         5180    i.sd_nvic_SetPriority  nrf_sdh.o
    0x0002b35e   0x0002b35e   0x00000002   PAD
    0x0002b360   0x0002b360   0x00000050   Code   RO         1947    i.sd_state_evt_handler  nrf_drv_clock.o
    0x0002b3b0   0x0002b3b0   0x00000030   Code   RO         5181    i.sdh_request_observer_notify  nrf_sdh.o
    0x0002b3e0   0x0002b3e0   0x0000002c   Code   RO         5182    i.sdh_state_observer_notify  nrf_sdh.o
    0x0002b40c   0x0002b40c   0x00000050   Code   RO         4519    i.serial_tx         nrf_log_backend_rtt.o
    0x0002b45c   0x0002b45c   0x00000018   Code   RO         1948    i.soc_evt_handler   nrf_drv_clock.o
    0x0002b474   0x0002b474   0x00000078   Code   RO         5183    i.softdevice_evt_irq_disable  nrf_sdh.o
    0x0002b4ec   0x0002b4ec   0x00000090   Code   RO         5184    i.softdevices_evt_irq_enable  nrf_sdh.o
    0x0002b57c   0x0002b57c   0x0000008c   Code   RO         4698    i.std_n             nrf_log_frontend.o
    0x0002b608   0x0002b608   0x0000006c   Code   RO         5185    i.swi_interrupt_priority_workaround  nrf_sdh.o
    0x0002b674   0x0002b674   0x00000080   Code   RO         3208    i.timer_list_handler  app_timer.o
    0x0002b6f4   0x0002b6f4   0x0000003c   Code   RO         3209    i.timer_list_insert  app_timer.o
    0x0002b730   0x0002b730   0x00000060   Code   RO         3210    i.timer_list_remove  app_timer.o
    0x0002b790   0x0002b790   0x00000048   Code   RO         3211    i.timer_stop_op_schedule  app_timer.o
    0x0002b7d8   0x0002b7d8   0x00000074   Code   RO         3212    i.timer_timeouts_check  app_timer.o
    0x0002b84c   0x0002b84c   0x00000048   Code   RO         1835    i.tx_buffer_process  ble_lbs_c.o
    0x0002b894   0x0002b894   0x00000020   Code   RO         2638    i.tx_byte           nrfx_uart.o
    0x0002b8b4   0x0002b8b4   0x0000001a   Code   RO         2639    i.tx_done_event     nrfx_uart.o
    0x0002b8ce   0x0002b8ce   0x00000002   PAD
    0x0002b8d0   0x0002b8d0   0x00000254   Code   RO           18    i.uart_event_handle  main.o
    0x0002bb24   0x0002bb24   0x000000a0   Code   RO         4330    i.uart_event_handler  app_uart_fifo.o
    0x0002bbc4   0x0002bbc4   0x00000030   Code   RO         2082    i.uart_evt_handler  nrf_drv_uart.o
    0x0002bbf4   0x0002bbf4   0x00000128   Code   RO         2640    i.uart_irq_handler  nrfx_uart.o
    0x0002bd1c   0x0002bd1c   0x00000030   Code   RO         2083    i.uarte_evt_handler  nrf_drv_uart.o
    0x0002bd4c   0x0002bd4c   0x000000f4   Code   RO         2823    i.uarte_irq_handler  nrfx_uarte.o
    0x0002be40   0x0002be40   0x000000b4   Code   RO         3840    i.unsigned_print    nrf_fprintf_format.o
    0x0002bef4   0x0002bef4   0x00000030   Code   RO         3213    i.user_op_alloc     app_timer.o
    0x0002bf24   0x0002bf24   0x00000030   Data   RO           21    .constdata          main.o
    0x0002bf54   0x0002bf54   0x00000008   Data   RO          419    .constdata          boards.o
    0x0002bf5c   0x0002bf5c   0x0000007c   Data   RO         1300    .constdata          ble_db_discovery.o
    0x0002bfd8   0x0002bfd8   0x00000016   Data   RO         1560    .constdata          nrf_ble_gatt.o
    0x0002bfee   0x0002bfee   0x00000002   PAD
    0x0002bff0   0x0002bff0   0x0000001c   Data   RO         1837    .constdata          ble_lbs_c.o
    0x0002c00c   0x0002c00c   0x00000004   Data   RO         2305    .constdata          nrfx_gpiote.o
    0x0002c010   0x0002c010   0x00000004   Data   RO         2643    .constdata          nrfx_uart.o
    0x0002c014   0x0002c014   0x00000004   Data   RO         2826    .constdata          nrfx_uarte.o
    0x0002c018   0x0002c018   0x00000008   Data   RO         2962    .constdata          app_button.o
    0x0002c020   0x0002c020   0x00000006   Data   RO         3215    .constdata          app_timer.o
    0x0002c026   0x0002c026   0x00000010   Data   RO         3841    .constdata          nrf_fprintf_format.o
    0x0002c036   0x0002c036   0x00000002   PAD
    0x0002c038   0x0002c038   0x00000010   Data   RO         3977    .constdata          nrf_fstorage_sd.o
    0x0002c048   0x0002c048   0x00000018   Data   RO         4147    .constdata          nrf_pwr_mgmt.o
    0x0002c060   0x0002c060   0x0000000c   Data   RO         4148    .constdata          nrf_pwr_mgmt.o
    0x0002c06c   0x0002c06c   0x0000013c   Data   RO         4251    .constdata          nrf_strerror.o
    0x0002c1a8   0x0002c1a8   0x00000020   Data   RO         4332    .constdata          app_uart_fifo.o
    0x0002c1c8   0x0002c1c8   0x0000000c   Data   RO         4521    .constdata          nrf_log_backend_rtt.o
    0x0002c1d4   0x0002c1d4   0x0000000c   PAD
    0x0002c1e0   0x0002c1e0   0x00000006   Data   RO         4522    .constdata          nrf_log_backend_rtt.o
    0x0002c1e6   0x0002c1e6   0x00000002   PAD
    0x0002c1e8   0x0002c1e8   0x00000010   Data   RO         5186    .constdata          nrf_sdh.o
    0x0002c1f8   0x0002c1f8   0x00000028   Data   RO         5187    .constdata          nrf_sdh.o
    0x0002c220   0x0002c220   0x00000010   Data   RO         5188    .constdata          nrf_sdh.o
    0x0002c230   0x0002c230   0x00000010   Data   RO         5189    .constdata          nrf_sdh.o
    0x0002c240   0x0002c240   0x00000020   Data   RO         5309    .constdata          nrf_sdh_ble.o
    0x0002c260   0x0002c260   0x00000010   Data   RO         5310    .constdata          nrf_sdh_ble.o
    0x0002c270   0x0002c270   0x00000010   Data   RO         5357    .constdata          nrf_sdh_soc.o
    0x0002c280   0x0002c280   0x0000000c   Data   RO         5358    .constdata          nrf_sdh_soc.o
    0x0002c28c   0x0002c28c   0x00000081   Data   RO         5440    .constdata          mc_w.l(ctype_o.o)
    0x0002c30d   0x0002c30d   0x00000003   PAD
    0x0002c310   0x0002c310   0x00000004   Data   RO         5441    .constdata          mc_w.l(ctype_o.o)
    0x0002c314   0x0002c314   0x0000002e   Data   RO           22    .conststring        main.o
    0x0002c342   0x0002c342   0x00000002   PAD
    0x0002c344   0x0002c344   0x000000a2   Data   RO         1561    .conststring        nrf_ble_gatt.o
    0x0002c3e6   0x0002c3e6   0x00000002   PAD
    0x0002c3e8   0x0002c3e8   0x000003eb   Data   RO         4252    .conststring        nrf_strerror.o
    0x0002c7d3   0x0002c7d3   0x00000001   PAD
    0x0002c7d4   0x0002c7d4   0x00000066   Data   RO         4864    .conststring        nrf_log_str_formatter.o
    0x0002c83a   0x0002c83a   0x00000002   PAD
    0x0002c83c   0x0002c83c   0x000001cf   Data   RO         5311    .conststring        nrf_sdh_ble.o
    0x0002ca0b   0x0002ca0b   0x00000001   PAD
    0x0002ca0c   0x0002ca0c   0x0000000c   Data   RO         1301    .conststrlit        ble_db_discovery.o
    0x0002ca18   0x0002ca18   0x0000000d   Data   RO         1562    .conststrlit        nrf_ble_gatt.o
    0x0002ca25   0x0002ca25   0x00000003   PAD
    0x0002ca28   0x0002ca28   0x0000000a   Data   RO         1838    .conststrlit        ble_lbs_c.o
    0x0002ca32   0x0002ca32   0x00000002   PAD
    0x0002ca34   0x0002ca34   0x00000006   Data   RO         1954    .conststrlit        nrf_drv_clock.o
    0x0002ca3a   0x0002ca3a   0x00000002   PAD
    0x0002ca3c   0x0002ca3c   0x00000006   Data   RO         2150    .conststrlit        nrfx_clock.o
    0x0002ca42   0x0002ca42   0x00000002   PAD
    0x0002ca44   0x0002ca44   0x00000007   Data   RO         2309    .conststrlit        nrfx_gpiote.o
    0x0002ca4b   0x0002ca4b   0x00000001   PAD
    0x0002ca4c   0x0002ca4c   0x00000004   Data   RO         2569    .conststrlit        nrfx_prs.o
    0x0002ca50   0x0002ca50   0x00000005   Data   RO         2646    .conststrlit        nrfx_uart.o
    0x0002ca55   0x0002ca55   0x00000003   PAD
    0x0002ca58   0x0002ca58   0x00000006   Data   RO         2829    .conststrlit        nrfx_uarte.o
    0x0002ca5e   0x0002ca5e   0x00000002   PAD
    0x0002ca60   0x0002ca60   0x0000000d   Data   RO         3889    .conststrlit        nrf_fstorage.o
    0x0002ca6d   0x0002ca6d   0x00000003   PAD
    0x0002ca70   0x0002ca70   0x0000000e   Data   RO         3979    .conststrlit        nrf_fstorage_sd.o
    0x0002ca7e   0x0002ca7e   0x00000002   PAD
    0x0002ca80   0x0002ca80   0x00000009   Data   RO         4149    .conststrlit        nrf_pwr_mgmt.o
    0x0002ca89   0x0002ca89   0x00000003   PAD
    0x0002ca8c   0x0002ca8c   0x00000018   Data   RO         4701    .conststrlit        nrf_log_frontend.o
    0x0002caa4   0x0002caa4   0x00000008   Data   RO         5190    .conststrlit        nrf_sdh.o
    0x0002caac   0x0002caac   0x0000000c   Data   RO         5312    .conststrlit        nrf_sdh_ble.o
    0x0002cab8   0x0002cab8   0x0000000c   Data   RO         5359    .conststrlit        nrf_sdh_soc.o
    0x0002cac4   0x0002cac4   0x00000020   Data   RO         5774    Region$$Table       anon$$obj.o
    0x0002cae4   0x0002cae4   0x00000008   Data   RO         1303    log_const_data      ble_db_discovery.o
    0x0002caec   0x0002caec   0x00000008   Data   RO         1563    log_const_data      nrf_ble_gatt.o
    0x0002caf4   0x0002caf4   0x00000008   Data   RO         1840    log_const_data      ble_lbs_c.o
    0x0002cafc   0x0002cafc   0x00000008   Data   RO         1955    log_const_data      nrf_drv_clock.o
    0x0002cb04   0x0002cb04   0x00000008   Data   RO         2152    log_const_data      nrfx_clock.o
    0x0002cb0c   0x0002cb0c   0x00000008   Data   RO         2310    log_const_data      nrfx_gpiote.o
    0x0002cb14   0x0002cb14   0x00000008   Data   RO         2571    log_const_data      nrfx_prs.o
    0x0002cb1c   0x0002cb1c   0x00000008   Data   RO         2647    log_const_data      nrfx_uart.o
    0x0002cb24   0x0002cb24   0x00000008   Data   RO         2830    log_const_data      nrfx_uarte.o
    0x0002cb2c   0x0002cb2c   0x00000008   Data   RO         3890    log_const_data      nrf_fstorage.o
    0x0002cb34   0x0002cb34   0x00000008   Data   RO         3982    log_const_data      nrf_fstorage_sd.o
    0x0002cb3c   0x0002cb3c   0x00000008   Data   RO         4151    log_const_data      nrf_pwr_mgmt.o
    0x0002cb44   0x0002cb44   0x00000010   Data   RO         4704    log_const_data      nrf_log_frontend.o
    0x0002cb54   0x0002cb54   0x00000008   Data   RO         5192    log_const_data      nrf_sdh.o
    0x0002cb5c   0x0002cb5c   0x00000008   Data   RO         5314    log_const_data      nrf_sdh_ble.o
    0x0002cb64   0x0002cb64   0x00000008   Data   RO         5360    log_const_data      nrf_sdh_soc.o
    0x0002cb6c   0x0002cb6c   0x00000018   Data   RO         4706    nrf_balloc          nrf_log_frontend.o
    0x0002cb84   0x0002cb84   0x00000008   Data   RO         1135    sdh_ble_observers0  ble_conn_state.o
    0x0002cb8c   0x0002cb8c   0x00000028   Data   RO           27    sdh_ble_observers1  main.o
    0x0002cbb4   0x0002cbb4   0x00000008   Data   RO          755    sdh_ble_observers1  bsp_btn_ble.o
    0x0002cbbc   0x0002cbbc   0x00000020   Data   RO           28    sdh_ble_observers2  main.o
    0x0002cbdc   0x0002cbdc   0x00000008   Data   RO           29    sdh_ble_observers3  main.o
    0x0002cbe4   0x0002cbe4   0x00000008   Data   RO         3984    sdh_req_observers0  nrf_fstorage_sd.o
    0x0002cbec   0x0002cbec   0x00000008   Data   RO         1957    sdh_soc_observers0  nrf_drv_clock.o
    0x0002cbf4   0x0002cbf4   0x00000008   Data   RO         3985    sdh_soc_observers0  nrf_fstorage_sd.o
    0x0002cbfc   0x0002cbfc   0x00000008   Data   RO         5316    sdh_stack_observers0  nrf_sdh_ble.o
    0x0002cc04   0x0002cc04   0x00000008   Data   RO         5362    sdh_stack_observers0  nrf_sdh_soc.o
    0x0002cc0c   0x0002cc0c   0x00000008   Data   RO         1958    sdh_state_observers0  nrf_drv_clock.o
    0x0002cc14   0x0002cc14   0x00000008   Data   RO         3986    sdh_state_observers0  nrf_fstorage_sd.o


    Execution Region RW_IRAM1 (Exec base: 0x20006c98, Load base: 0x0002cc1c, Size: 0x00003f28, Max: 0x0000bc98, ABSOLUTE, COMPRESSED[0x00000088])

    Exec Addr    Load Addr    Size         Type   Attr      Idx    E Section Name        Object

    0x20006c98   COMPRESSED   0x00000b78   Data   RW           23    .data               main.o
    0x20007810   COMPRESSED   0x00000008   Data   RW          754    .data               bsp_btn_ble.o
    0x20007818   COMPRESSED   0x00000010   Data   RW         1302    .data               ble_db_discovery.o
    0x20007828   COMPRESSED   0x00000008   Data   RW         1839    .data               ble_lbs_c.o
    0x20007830   COMPRESSED   0x0000000c   Data   RW         2084    .data               nrf_drv_uart.o
    0x2000783c   COMPRESSED   0x00000008   Data   RW         2151    .data               nrfx_clock.o
    0x20007844   COMPRESSED   0x00000008   Data   RW         2570    .data               nrfx_prs.o
    0x2000784c   COMPRESSED   0x00000004   PAD
    0x20007850   COMPRESSED   0x00000020   Data   RW         2963    .data               app_button.o
    0x20007870   COMPRESSED   0x00000014   Data   RW         3216    .data               app_timer.o
    0x20007884   COMPRESSED   0x00000014   Data   RW         3980    .data               nrf_fstorage_sd.o
    0x20007898   COMPRESSED   0x00000008   Data   RW         3981    .data               nrf_fstorage_sd.o
    0x200078a0   COMPRESSED   0x00000008   Data   RW         4150    .data               nrf_pwr_mgmt.o
    0x200078a8   COMPRESSED   0x00000004   Data   RW         4284    .data               retarget.o
    0x200078ac   COMPRESSED   0x0000001c   Data   RW         4333    .data               app_uart_fifo.o
    0x200078c8   COMPRESSED   0x00000001   Data   RW         4523    .data               nrf_log_backend_rtt.o
    0x200078c9   COMPRESSED   0x00000003   PAD
    0x200078cc   COMPRESSED   0x0000000c   Data   RW         4637    .data               nrf_log_default_backends.o
    0x200078d8   COMPRESSED   0x00000008   Data   RW         4702    .data               nrf_log_frontend.o
    0x200078e0   COMPRESSED   0x00000008   Data   RW         4703    .data               nrf_log_frontend.o
    0x200078e8   COMPRESSED   0x00000040   Data   RW         4865    .data               nrf_log_str_formatter.o
    0x20007928   COMPRESSED   0x00000003   Data   RW         5191    .data               nrf_sdh.o
    0x2000792b   COMPRESSED   0x00000001   Data   RW         5313    .data               nrf_sdh_ble.o
    0x2000792c   COMPRESSED   0x00000004   Data   RW         5397    .data               system_nrf52.o
    0x20007930   COMPRESSED   0x00000004   Data   RW         1304    log_dynamic_data    ble_db_discovery.o
    0x20007934   COMPRESSED   0x00000004   Data   RW         1564    log_dynamic_data    nrf_ble_gatt.o
    0x20007938   COMPRESSED   0x00000004   Data   RW         1841    log_dynamic_data    ble_lbs_c.o
    0x2000793c   COMPRESSED   0x00000004   Data   RW         1956    log_dynamic_data    nrf_drv_clock.o
    0x20007940   COMPRESSED   0x00000004   Data   RW         2153    log_dynamic_data    nrfx_clock.o
    0x20007944   COMPRESSED   0x00000004   Data   RW         2311    log_dynamic_data    nrfx_gpiote.o
    0x20007948   COMPRESSED   0x00000004   Data   RW         2572    log_dynamic_data    nrfx_prs.o
    0x2000794c   COMPRESSED   0x00000004   Data   RW         2648    log_dynamic_data    nrfx_uart.o
    0x20007950   COMPRESSED   0x00000004   Data   RW         2831    log_dynamic_data    nrfx_uarte.o
    0x20007954   COMPRESSED   0x00000004   Data   RW         3891    log_dynamic_data    nrf_fstorage.o
    0x20007958   COMPRESSED   0x00000004   Data   RW         3983    log_dynamic_data    nrf_fstorage_sd.o
    0x2000795c   COMPRESSED   0x00000004   Data   RW         4152    log_dynamic_data    nrf_pwr_mgmt.o
    0x20007960   COMPRESSED   0x00000008   Data   RW         4705    log_dynamic_data    nrf_log_frontend.o
    0x20007968   COMPRESSED   0x00000004   Data   RW         5193    log_dynamic_data    nrf_sdh.o
    0x2000796c   COMPRESSED   0x00000004   Data   RW         5315    log_dynamic_data    nrf_sdh_ble.o
    0x20007970   COMPRESSED   0x00000004   Data   RW         5361    log_dynamic_data    nrf_sdh_soc.o
    0x20007974        -       0x00000360   Zero   RW           19    .bss                main.o
    0x20007cd4        -       0x0000001f   Zero   RW           20    .bss                main.o
    0x20007cf3        -       0x0000000c   Zero   RW          644    .bss                bsp.o
    0x20007cff   COMPRESSED   0x00000001   PAD
    0x20007d00        -       0x00000078   Zero   RW         1134    .bss                ble_conn_state.o
    0x20007d78        -       0x00000318   Zero   RW         1299    .bss                ble_db_discovery.o
    0x20008090        -       0x000000a0   Zero   RW         1836    .bss                ble_lbs_c.o
    0x20008130        -       0x00000014   Zero   RW         1949    .bss                nrf_drv_clock.o
    0x20008144        -       0x0000005c   Zero   RW         2304    .bss                nrfx_gpiote.o
    0x200081a0        -       0x0000002c   Zero   RW         2641    .bss                nrfx_uart.o
    0x200081cc        -       0x00000024   Zero   RW         2824    .bss                nrfx_uarte.o
    0x200081f0        -       0x00000020   Zero   RW         2961    .bss                app_button.o
    0x20008210        -       0x00000020   Zero   RW         3022    .bss                app_error.o
    0x20008230        -       0x0000010c   Zero   RW         3214    .bss                app_timer.o
    0x2000833c        -       0x0000000c   Zero   RW         3367    .bss                app_util_platform.o
    0x20008348        -       0x000000a0   Zero   RW         3976    .bss                nrf_fstorage_sd.o
    0x200083e8        -       0x0000000c   Zero   RW         4146    .bss                nrf_pwr_mgmt.o
    0x200083f4        -       0x00000020   Zero   RW         4331    .bss                app_uart_fifo.o
    0x20008414        -       0x00000040   Zero   RW         4520    .bss                nrf_log_backend_rtt.o
    0x20008454        -       0x000000c0   Zero   RW         4699    .bss                nrf_log_frontend.o
    0x20008514        -       0x00000424   Zero   RW         4700    .bss                nrf_log_frontend.o
    0x20008938        -       0x00000288   Zero   RW         4941    .bss                segger_rtt.o
    0x20008bc0        -       0x00002000   Zero   RW         5385    STACK               arm_startup_nrf52.o


==============================================================================

Image component sizes


      Code (inc. data)   RO Data    RW Data    ZI Data      Debug   Object Name

       488         46          8         32         32      13487   app_button.o
       100          4          0          0         32       3458   app_error.o
        26          0          0          0          0        544   app_error_handler_keil.o
       372        190          0          0          0      12218   app_error_weak.o
       118          0          0          0          0       4282   app_fifo.o
      1510        118          6         20        268      47791   app_timer.o
       588        120         32         28         32      21226   app_uart_fifo.o
       124         14          0          0         12       9550   app_util_platform.o
        36          8        512          0       8192        932   arm_startup_nrf52.o
       124          0          0          0          0      28935   ble_advdata.o
         0          0          0          0          0       5984   ble_advertising.o
       458         74          8          0        120      10003   ble_conn_state.o
      1658         78        144         20        792      19267   ble_db_discovery.o
       758         76         46         12        160      19666   ble_lbs_c.o
         0          0          0          0          0      31404   ble_srv_common.o
       192         16          8          0          0      48313   boards.o
        68          4          0          0         12      10884   bsp.o
       182          6          8          8          0      80472   bsp_btn_ble.o
      2798        726        174       2936        895     111207   main.o
       244          0          0          0          0       5521   nrf_atfifo.o
        64          0          0          0          0       2852   nrf_atflags.o
       306          0          0          0          0       7751   nrf_atomic.o
       164          0          0          0          0       3532   nrf_balloc.o
       938        254        205          4          0      35908   nrf_ble_gatt.o
       276         34         30          4         20      39626   nrf_drv_clock.o
       200         26          0         12          0      17408   nrf_drv_uart.o
        50          0          0          0          0       3417   nrf_fprintf.o
       850          4         16          0          0       5338   nrf_fprintf_format.o
         0          0         21          4          0       1745   nrf_fstorage.o
       484         42         62         32        160       9445   nrf_fstorage_sd.o
       112         18         18          1         64       6097   nrf_log_backend_rtt.o
       200          0          0          0          0      10687   nrf_log_backend_serial.o
        28          6          0         12          0       3078   nrf_log_default_backends.o
      1536        118         64         24       1252      31055   nrf_log_frontend.o
       566        108        102         64          0       5628   nrf_log_str_formatter.o
       330          0          0          0          0       7895   nrf_memobj.o
       108         16         53         12         12      37635   nrf_pwr_mgmt.o
       872        242        104          7          0      43476   nrf_sdh.o
       832        288        539          5          0       5853   nrf_sdh_ble.o
       128         68         56          4          0       2500   nrf_sdh_soc.o
        78          0          0          0          0       2672   nrf_section_iter.o
        76         10       1319          0          0       2631   nrf_strerror.o
       222         28         14         12          0      40956   nrfx_clock.o
      1298         98         19          4         92      58837   nrfx_gpiote.o
        94         16         12         12          0       3701   nrfx_prs.o
      1362         36         17          4         44      30594   nrfx_uart.o
      1200         38         18          4         36      23305   nrfx_uarte.o
        14          0          0          4          0       4582   retarget.o
       378         34          0          0        648       8741   segger_rtt.o
       796         70          0          4          0      29610   system_nrf52.o

    ----------------------------------------------------------------------
     23446       3034       3696       3292      12876     971699   Object Totals
         0          0         32          0          0          0   (incl. Generated)
        40          0         49          7          1          0   (incl. Padding)

    ----------------------------------------------------------------------

      Code (inc. data)   RO Data    RW Data    ZI Data      Debug   Library Member Name

        86          0          0          0          0          0   __dczerorl2.o
         8          4        133          0          0         68   ctype_o.o
         0          0          0          0          0          0   entry.o
         0          0          0          0          0          0   entry10a.o
         0          0          0          0          0          0   entry11a.o
         8          4          0          0          0          0   entry2.o
         4          0          0          0          0          0   entry5.o
         0          0          0          0          0          0   entry7b.o
         0          0          0          0          0          0   entry8b.o
         8          4          0          0          0          0   entry9a.o
        30          0          0          0          0          0   handlers.o
        36          8          0          0          0         68   init.o
        30          0          0          0          0         68   llshl.o
        26          0          0          0          0         80   memcmp.o
        36          0          0          0          0         68   memcpya.o
        36          0          0          0          0        108   memseta.o
        50          8          0          0          0        152   printfb.o
        18          0          0          0          0         68   strcpy.o
        14          0          0          0          0         68   strlen.o

    ----------------------------------------------------------------------
       398         28        136          0          0        748   Library Totals
         8          0          3          0          0          0   (incl. Padding)

    ----------------------------------------------------------------------

      Code (inc. data)   RO Data    RW Data    ZI Data      Debug   Library Name

       390         28        133          0          0        748   mc_w.l

    ----------------------------------------------------------------------
       398         28        136          0          0        748   Library Totals

    ----------------------------------------------------------------------

==============================================================================


      Code (inc. data)   RO Data    RW Data    ZI Data      Debug   

     23844       3062       3832       3292      12876     945671   Grand Totals
     23844       3062       3832        136      12876     945671   ELF Image Totals (compressed)
     23844       3062       3832        136          0          0   ROM Totals

==============================================================================

    Total RO  Size (Code + RO Data)                27676 (  27.03kB)
    Total RW  Size (RW Data + ZI Data)             16168 (  15.79kB)
    Total ROM Size (Code + RO Data + RW Data)      27812 (  27.16kB)

==============================================================================

