<html>
<body>
<pre>
<h1>礦ision Build Log</h1>
<h2>Tool Versions:</h2>
IDE-Version: μVision V5.26.2.0
Copyright (C) 2018 ARM Ltd and ARM Germany GmbH. All rights reserved.
License Information: Xin hp, BUPT, LIC=FQQ63-AFFUC-NQQ0G-V8VNV-S14V8-CLPF4
 
Tool Versions:
Toolchain:       MDK-ARM Professional  Version: 5.26.2.0
Toolchain Path:  D:\Keil_v5\ARM\ARMCC\Bin
C Compiler:      Armcc.exe V5.06 update 6 (build 750)
Assembler:       Armasm.exe V5.06 update 6 (build 750)
Linker/Locator:  ArmLink.exe V5.06 update 6 (build 750)
Library Manager: ArmAr.exe V5.06 update 6 (build 750)
Hex Converter:   FromElf.exe V5.06 update 6 (build 750)
CPU DLL:         
Dialog DLL:      
Target DLL:      Segger\JL2CM3.dll V2.99.31.0
Dialog DLL:      TCM.DLL V1.36.1.0
 
<h2>Project:</h2>
F:\BLE_Project\EEG\nRF5_SDK_15.2.0_9412b96\examples\ble_peripheral\ble_app_blinky\pca10040\s132\arm5_no_packs\ble_app_blinky_pca10040_s132.uvprojx
Project File Date:  11/24/2020

<h2>Output:</h2>
*** Using Compiler 'V5.06 update 6 (build 750)', folder: 'D:\Keil_v5\ARM\ARMCC\Bin'
Rebuild target 'nrf52832_xxaa'
compiling utf.c...
compiling ble_srv_common.c...
compiling ble_conn_state.c...
compiling boards.c...
compiling ble_conn_params.c...
compiling ble_advdata.c...
compiling nrf_ble_gatt.c...
compiling main.c...
..\..\..\main.c(151): warning:  #1182-D: a declaration cannot have a label
              uint16_t  length= EEG_Data_length;
..\..\..\main.c(151): warning:  #177-D: variable "length"  was declared but never referenced
              uint16_t  length= EEG_Data_length;
..\..\..\main.c(152): warning:  #550-D: variable "err_code"  was set but never used
  						ret_code_t  err_code;
..\..\..\main.c(148): warning:  #546-D: transfer of control bypasses initialization of:
            variable "length"  (declared at line 151)
  	    switch (event_type)
  	    ^
..\..\..\main.c(219): warning:  #177-D: variable "time_ticks"  was declared but never referenced
      uint32_t time_ticks;
..\..\..\main.c(220): warning:  #177-D: variable "err_code"  was declared but never referenced
      uint32_t err_code;
..\..\..\main.c(113): warning:  #177-D: variable "ifDataReady"  was declared but never referenced
  static bool ifDataReady=false;			//采样标志位
..\..\..\main.c(259): warning:  #177-D: function "leds_init"  was declared but never referenced
  static void leds_init(void)
..\..\..\main.c(633): warning:  #177-D: function "buttons_init"  was declared but never referenced
  static void buttons_init(void)
..\..\..\main.c: 9 warnings, 0 errors
compiling gatt_cache_manager.c...
compiling nrf_ble_qwr.c...
compiling id_manager.c...
compiling gatts_cache_manager.c...
compiling peer_data_storage.c...
compiling peer_database.c...
compiling pm_buffer.c...
compiling peer_manager.c...
compiling peer_id.c...
compiling security_dispatcher.c...
compiling security_manager.c...
compiling ble_lbs.c...
..\..\..\..\..\..\components\ble\ble_services\ble_lbs\ble_lbs.c(178): warning:  #177-D: variable "err_code"  was declared but never referenced
  	  uint32_t err_code;
..\..\..\..\..\..\components\ble\ble_services\ble_lbs\ble_lbs.c: 1 warning, 0 errors
compiling nrf_drv_clock.c...
compiling nrfx_clock.c...
compiling nrf_drv_uart.c...
compiling nrfx_power_clock.c...
compiling nrfx_gpiote.c...
compiling nrfx_prs.c...
compiling nrfx_uart.c...
compiling nrfx_uarte.c...
compiling nrf_drv_spi.c...
compiling nrfx_saadc.c...
compiling nrfx_spi.c...
compiling nrfx_timer.c...
compiling ADG725.c...
..\..\..\..\..\..\components\libraries\ADG725\ADG725.c(58): warning:  #1-D: last line of file ends without a newline
  }
..\..\..\..\..\..\components\libraries\ADG725\ADG725.c: 1 warning, 0 errors
compiling nrfx_ppi.c...
compiling nrfx_spim.c...
compiling app_error.c...
compiling app_error_handler_keil.c...
compiling nrf_drv_ppi.c...
compiling app_scheduler.c...
compiling app_button.c...
compiling app_error_weak.c...
compiling ADS126X.c...
compiling app_timer.c...
compiling app_util_platform.c...
compiling hardfault_implementation.c...
compiling nrf_assert.c...
compiling nrf_atomic.c...
compiling nrf_atflags.c...
compiling nrf_fprintf.c...
compiling nrf_atfifo.c...
compiling nrf_balloc.c...
compiling nrf_memobj.c...
compiling nrf_fprintf_format.c...
compiling nrf_fstorage.c...
compiling nrf_strerror.c...
compiling nrf_section_iter.c...
compiling fds.c...
compiling nrf_ringbuf.c...
compiling nrf_pwr_mgmt.c...
compiling crc16.c...
compiling nrf_fstorage_sd.c...
compiling nrf_log_backend_uart.c...
compiling nrf_log_backend_serial.c...
compiling nrf_log_default_backends.c...
compiling nrf_log_backend_rtt.c...
compiling nrf_log_str_formatter.c...
compiling nrf_log_frontend.c...
compiling SEGGER_RTT.c...
compiling SEGGER_RTT_Syscalls_KEIL.c...
compiling SEGGER_RTT_printf.c...
compiling nrf_sdh.c...
..\..\..\..\..\..\components\softdevice\common\nrf_sdh.c(78): warning:  #1215-D: #warning directive: Please select NRF_CLOCK_LF_ACCURACY_500_PPM when using NRF_CLOCK_LF_SRC_RC
      #warning Please select NRF_CLOCK_LF_ACCURACY_500_PPM when using NRF_CLOCK_LF_SRC_RC
..\..\..\..\..\..\components\softdevice\common\nrf_sdh.c: 1 warning, 0 errors
assembling arm_startup_nrf52.s...
compiling nrf_sdh_soc.c...
compiling nrf_sdh_ble.c...
compiling ble_dfu_bonded.c...
compiling system_nrf52.c...
compiling nrf_dfu_svci.c...
compiling ble_dfu.c...
compiling ble_dfu_unbonded.c...
linking...
Program Size: Code=20192 RO-data=3780 RW-data=184 ZI-data=11968  
FromELF: creating hex file...
".\_build\nrf52832_xxaa.axf" - 0 Error(s), 12 Warning(s).

<h2>Software Packages used:</h2>

Package Vendor: ARM
                http://www.keil.com/pack/ARM.CMSIS.4.5.0.pack
                ARM.CMSIS.4.5.0
                CMSIS (Cortex Microcontroller Software Interface Standard)
   * Component: CORE Version: 4.3.0

Package Vendor: NordicSemiconductor
                http://developer.nordicsemi.com/nRF5_SDK/pieces/nRF_DeviceFamilyPack/NordicSemiconductor.nRF_DeviceFamilyPack.8.17.0.pack
                NordicSemiconductor.nRF_DeviceFamilyPack.8.17.0
                Nordic Semiconductor nRF ARM devices Device Family Pack.
   * Component: Startup Version: 8.17.0

<h2>Collection of Component include folders:</h2>
  .\RTE\_nrf52832_xxaa
  D:\Keil_v5\ARM\PACK\ARM\CMSIS\4.5.0\CMSIS\Include
  D:\Keil_v5\ARM\PACK\NordicSemiconductor\nRF_DeviceFamilyPack\8.17.0\Device\Include

<h2>Collection of Component Files used:</h2>

   * Component: ARM::CMSIS:CORE:4.3.0

   * Component: NordicSemiconductor::Device:Startup:8.17.0
      Include file:  Device\Include\system_nrf52.h
      Source file:   Device\Source\arm\arm_startup_nrf52.s
      Source file:   Device\Source\system_nrf52.c
Build Time Elapsed:  00:00:44
</pre>
</body>
</html>
