Component: ARM Compiler 5.06 update 6 (build 750) Tool: armlink [4d35ed]

==============================================================================

Section Cross References

    main.o(i.assert_nrf_callback) refers to app_error_handler_keil.o(.emb_text) for app_error_handler
    main.o(i.ble_evt_handler) refers to main.o(i.on_adv_report) for on_adv_report
    main.o(i.ble_evt_handler) refers to nrf_log_frontend.o(i.nrf_log_frontend_std_1) for nrf_log_frontend_std_1
    main.o(i.ble_evt_handler) refers to app_error.o(i.app_error_handler_bare) for app_error_handler_bare
    main.o(i.ble_evt_handler) refers to ble_lbs_c.o(i.ble_lbs_c_handles_assign) for ble_lbs_c_handles_assign
    main.o(i.ble_evt_handler) refers to ble_db_discovery.o(i.ble_db_discovery_start) for ble_db_discovery_start
    main.o(i.ble_evt_handler) refers to boards.o(i.bsp_board_led_on) for bsp_board_led_on
    main.o(i.ble_evt_handler) refers to ble_conn_state.o(i.ble_conn_state_central_conn_count) for ble_conn_state_central_conn_count
    main.o(i.ble_evt_handler) refers to main.o(i.scan_start) for scan_start
    main.o(i.ble_evt_handler) refers to boards.o(i.bsp_board_led_off) for bsp_board_led_off
    main.o(i.ble_evt_handler) refers to nrf_log_frontend.o(i.nrf_log_frontend_std_2) for nrf_log_frontend_std_2
    main.o(i.ble_evt_handler) refers to app_button.o(i.app_button_disable) for app_button_disable
    main.o(i.ble_evt_handler) refers to nrf_log_frontend.o(log_dynamic_data) for m_nrf_log_app_logs_data_dynamic
    main.o(i.ble_evt_handler) refers to main.o(.bss) for .bss
    main.o(i.ble_evt_handler) refers to main.o(.data) for .data
    main.o(i.button_event_handler) refers to app_error.o(i.app_error_handler_bare) for app_error_handler_bare
    main.o(i.button_event_handler) refers to ble_lbs_c.o(i.ble_lbs_led_status_send) for ble_lbs_led_status_send
    main.o(i.button_event_handler) refers to nrf_log_frontend.o(i.nrf_log_frontend_std_1) for nrf_log_frontend_std_1
    main.o(i.button_event_handler) refers to nrf_log_frontend.o(log_dynamic_data) for m_nrf_log_app_logs_data_dynamic
    main.o(i.button_event_handler) refers to main.o(.bss) for .bss
    main.o(i.db_disc_handler) refers to ble_lbs_c.o(i.ble_lbs_on_db_disc_evt) for ble_lbs_on_db_disc_evt
    main.o(i.db_disc_handler) refers to main.o(.bss) for .bss
    main.o(i.lbs_c_evt_handler) refers to main.o(i.nrf_gpio_pin_set) for nrf_gpio_pin_set
    main.o(i.lbs_c_evt_handler) refers to main.o(i.nrfx_coredep_delay_us) for nrfx_coredep_delay_us
    main.o(i.lbs_c_evt_handler) refers to main.o(i.nrf_gpio_pin_clear) for nrf_gpio_pin_clear
    main.o(i.lbs_c_evt_handler) refers to nrf_log_frontend.o(i.nrf_log_frontend_std_1) for nrf_log_frontend_std_1
    main.o(i.lbs_c_evt_handler) refers to app_button.o(i.app_button_enable) for app_button_enable
    main.o(i.lbs_c_evt_handler) refers to app_error.o(i.app_error_handler_bare) for app_error_handler_bare
    main.o(i.lbs_c_evt_handler) refers to ble_lbs_c.o(i.ble_lbs_c_button_notif_enable) for ble_lbs_c_button_notif_enable
    main.o(i.lbs_c_evt_handler) refers to dflti.o(.text) for __aeabi_i2d
    main.o(i.lbs_c_evt_handler) refers to dmul.o(.text) for __aeabi_dmul
    main.o(i.lbs_c_evt_handler) refers to dfixui.o(.text) for __aeabi_d2uiz
    main.o(i.lbs_c_evt_handler) refers to nrf_log_frontend.o(i.nrf_log_frontend_std_0) for nrf_log_frontend_std_0
    main.o(i.lbs_c_evt_handler) refers to nrf_log_frontend.o(log_dynamic_data) for m_nrf_log_app_logs_data_dynamic
    main.o(i.main) refers to nrf_log_frontend.o(i.nrf_log_init) for nrf_log_init
    main.o(i.main) refers to app_error.o(i.app_error_handler_bare) for app_error_handler_bare
    main.o(i.main) refers to nrf_log_default_backends.o(i.nrf_log_default_backends_init) for nrf_log_default_backends_init
    main.o(i.main) refers to app_timer.o(i.app_timer_init) for app_timer_init
    main.o(i.main) refers to boards.o(i.bsp_board_init) for bsp_board_init
    main.o(i.main) refers to app_button.o(i.app_button_init) for app_button_init
    main.o(i.main) refers to nrf_pwr_mgmt.o(i.nrf_pwr_mgmt_init) for nrf_pwr_mgmt_init
    main.o(i.main) refers to nrf_sdh.o(i.nrf_sdh_enable_request) for nrf_sdh_enable_request
    main.o(i.main) refers to nrf_sdh_ble.o(i.nrf_sdh_ble_default_cfg_set) for nrf_sdh_ble_default_cfg_set
    main.o(i.main) refers to nrf_sdh_ble.o(i.nrf_sdh_ble_enable) for nrf_sdh_ble_enable
    main.o(i.main) refers to nrf_ble_gatt.o(i.nrf_ble_gatt_init) for nrf_ble_gatt_init
    main.o(i.main) refers to ble_db_discovery.o(i.ble_db_discovery_init) for ble_db_discovery_init
    main.o(i.main) refers to ble_lbs_c.o(i.ble_lbs_c_init) for ble_lbs_c_init
    main.o(i.main) refers to ble_conn_state.o(i.ble_conn_state_init) for ble_conn_state_init
    main.o(i.main) refers to main.o(i.nrf_gpio_cfg_output) for nrf_gpio_cfg_output
    main.o(i.main) refers to nrf_log_frontend.o(i.nrf_log_frontend_std_0) for nrf_log_frontend_std_0
[...]
    m_cb                                     0x2000608c   Data         108  nrfx_gpiote.o(.bss)
    .bss                                     0x200060f8   Section       44  nrfx_uart.o(.bss)
    m_cb                                     0x200060f8   Data          44  nrfx_uart.o(.bss)
    .bss                                     0x20006124   Section       36  nrfx_uarte.o(.bss)
    m_cb                                     0x20006124   Data          36  nrfx_uarte.o(.bss)
    .bss                                     0x20006148   Section       32  app_button.o(.bss)
    m_detection_delay_timer_id_data          0x20006148   Data          32  app_button.o(.bss)
    .bss                                     0x20006168   Section      268  app_timer.o(.bss)
    m_op_queue                               0x20006168   Data         268  app_timer.o(.bss)
    .bss                                     0x20006274   Section       12  app_util_platform.o(.bss)
    .bss                                     0x20006280   Section      160  nrf_fstorage_sd.o(.bss)
    m_fifo_data                              0x20006280   Data         140  nrf_fstorage_sd.o(.bss)
    m_flags                                  0x2000630c   Data          20  nrf_fstorage_sd.o(.bss)
    .bss                                     0x20006320   Section       12  nrf_pwr_mgmt.o(.bss)
    m_handlers_iter                          0x20006320   Data          12  nrf_pwr_mgmt.o(.bss)
    .bss                                     0x2000632c   Section       64  nrf_log_backend_rtt.o(.bss)
    m_string_buff                            0x2000632c   Data          64  nrf_log_backend_rtt.o(.bss)
    .bss                                     0x2000636c   Section       64  nrf_log_backend_uart.o(.bss)
    m_string_buff                            0x2000636c   Data          64  nrf_log_backend_uart.o(.bss)
    .bss                                     0x200063ac   Section      192  nrf_log_frontend.o(.bss)
    log_mempool_nrf_balloc_pool_mem          0x200063ac   Data         192  nrf_log_frontend.o(.bss)
    .bss                                     0x2000646c   Section     1060  nrf_log_frontend.o(.bss)
    m_log_data                               0x2000646c   Data        1060  nrf_log_frontend.o(.bss)
    .bss                                     0x20006890   Section      648  segger_rtt.o(.bss)
    _acUpBuffer                              0x20006908   Data         512  segger_rtt.o(.bss)
    _acDownBuffer                            0x20006b08   Data          16  segger_rtt.o(.bss)
    STACK                                    0x20006b18   Section     8192  arm_startup_nrf52840.o(STACK)

    Global Symbols

    Symbol Name                              Value     Ov Type        Size  Object(Section)

    BuildAttributes$$THM_ISAv4$E$P$D$K$B$S$7EM$VFPi3$EXTD16$VFPS$VFMA$PE$A:L22UL41UL21$X:L11$S22US41US21$IEEE1$IW$USESV6$~STKCKD$USESV7$~SHL$OSPACE$ROPI$EBA8$MICROLIB$REQ8$EABIv2 0x00000000   Number         0  anon$$obj.o ABSOLUTE
    __ARM_use_no_argv                        0x00000000   Number         0  main.o ABSOLUTE
    __use_no_errno                           0x00000000   Number         0  useno.o ABSOLUTE
    __use_no_exception_handling              0x00000000   Number         0  useno.o ABSOLUTE
    __use_no_fp                              0x00000000   Number         0  useno.o ABSOLUTE
    __use_no_heap                            0x00000000   Number         0  useno.o ABSOLUTE
    __use_no_heap_region                     0x00000000   Number         0  useno.o ABSOLUTE
    __use_no_semihosting                     0x00000000   Number         0  useno.o ABSOLUTE
    __use_no_semihosting_swi                 0x00000000   Number         0  useno.o ABSOLUTE
    __use_no_signal_handling                 0x00000000   Number         0  useno.o ABSOLUTE
    __cpp_initialize__aeabi_                  - Undefined Weak Reference
    __cxa_finalize                            - Undefined Weak Reference
    _clock_init                               - Undefined Weak Reference
    _microlib_exit                            - Undefined Weak Reference
    fs_data$$Base                             - Undefined Reference
    fs_data$$Limit                            - Undefined Reference
    pwr_mgmt_data0$$Base                      - Undefined Reference
    pwr_mgmt_data0$$Limit                     - Undefined Reference
    pwr_mgmt_data1$$Base                      - Undefined Reference
    pwr_mgmt_data1$$Limit                     - Undefined Reference
    pwr_mgmt_data2$$Base                      - Undefined Reference
    pwr_mgmt_data2$$Limit                     - Undefined Reference
    sdh_req_observers1$$Base                  - Undefined Reference
    sdh_req_observers1$$Limit                 - Undefined Reference
    sdh_soc_observers1$$Base                  - Undefined Reference
    sdh_soc_observers1$$Limit                 - Undefined Reference
    sdh_stack_observers1$$Base                - Undefined Reference
    sdh_stack_observers1$$Limit               - Undefined Reference
    sdh_state_observers1$$Base                - Undefined Reference
    sdh_state_observers1$$Limit               - Undefined Reference
    __Vectors_Size                           0x00000200   Number         0  arm_startup_nrf52840.o ABSOLUTE
    __Vectors                                0x00026000   Data           4  arm_startup_nrf52840.o(RESET)
    __Vectors_End                            0x00026200   Data           0  arm_startup_nrf52840.o(RESET)
    __main                                   0x00026201   Thumb Code     0  entry.o(.ARM.Collect$$$$00000000)
    _main_stk                                0x00026201   Thumb Code     0  entry2.o(.ARM.Collect$$$$00000001)
    _main_scatterload                        0x00026205   Thumb Code     0  entry5.o(.ARM.Collect$$$$00000004)
    __main_after_scatterload                 0x00026209   Thumb Code     0  entry5.o(.ARM.Collect$$$$00000004)
    _main_clock                              0x00026209   Thumb Code     0  entry7b.o(.ARM.Collect$$$$00000008)
    _main_cpp_init                           0x00026209   Thumb Code     0  entry8b.o(.ARM.Collect$$$$0000000A)
    _main_init                               0x00026209   Thumb Code     0  entry9a.o(.ARM.Collect$$$$0000000B)
    __rt_final_cpp                           0x00026211   Thumb Code     0  entry10a.o(.ARM.Collect$$$$0000000D)
    __rt_final_exit                          0x00026211   Thumb Code     0  entry11a.o(.ARM.Collect$$$$0000000F)
    __asm___12_nrf_atfifo_c_51f461e1__nrf_atfifo_wspace_req 0x00026215   Thumb Code    56  nrf_atfifo.o(.emb_text)
    __asm___12_nrf_atfifo_c_51f461e1__nrf_atfifo_wspace_close 0x0002624d   Thumb Code    18  nrf_atfifo.o(.emb_text)
    __asm___12_nrf_atfifo_c_51f461e1__nrf_atfifo_rspace_req 0x0002625f   Thumb Code    58  nrf_atfifo.o(.emb_text)
    __asm___12_nrf_atfifo_c_51f461e1__nrf_atfifo_rspace_close 0x00026299   Thumb Code    18  nrf_atfifo.o(.emb_text)
    __asm___12_nrf_atfifo_c_51f461e1__nrf_atfifo_space_clear 0x000262ab   Thumb Code    50  nrf_atfifo.o(.emb_text)
    __asm___12_nrf_atomic_c_85ca2469__nrf_atomic_internal_mov 0x000262dd   Thumb Code    24  nrf_atomic.o(.emb_text)
    __asm___12_nrf_atomic_c_85ca2469__nrf_atomic_internal_orr 0x000262f5   Thumb Code    26  nrf_atomic.o(.emb_text)
    __asm___12_nrf_atomic_c_85ca2469__nrf_atomic_internal_and 0x0002630f   Thumb Code    26  nrf_atomic.o(.emb_text)
    __asm___12_nrf_atomic_c_85ca2469__nrf_atomic_internal_eor 0x00026329   Thumb Code    26  nrf_atomic.o(.emb_text)
    __asm___12_nrf_atomic_c_85ca2469__nrf_atomic_internal_add 0x00026343   Thumb Code    26  nrf_atomic.o(.emb_text)
    __asm___12_nrf_atomic_c_85ca2469__nrf_atomic_internal_sub 0x0002635d   Thumb Code    26  nrf_atomic.o(.emb_text)
    __asm___12_nrf_atomic_c_85ca2469__nrf_atomic_internal_cmp_exch 0x00026377   Thumb Code    42  nrf_atomic.o(.emb_text)
    __asm___12_nrf_atomic_c_85ca2469__nrf_atomic_internal_sub_hs 0x000263a1   Thumb Code    30  nrf_atomic.o(.emb_text)
    Reset_Handler                            0x000263c1   Thumb Code     8  arm_startup_nrf52840.o(.text)
    NMI_Handler                              0x000263c9   Thumb Code     2  arm_startup_nrf52840.o(.text)
    HardFault_Handler                        0x000263cb   Thumb Code     2  arm_startup_nrf52840.o(.text)
    MemoryManagement_Handler                 0x000263cd   Thumb Code     2  arm_startup_nrf52840.o(.text)
    BusFault_Handler                         0x000263cf   Thumb Code     2  arm_startup_nrf52840.o(.text)
    UsageFault_Handler                       0x000263d1   Thumb Code     2  arm_startup_nrf52840.o(.text)
    SVC_Handler                              0x000263d3   Thumb Code     2  arm_startup_nrf52840.o(.text)
    DebugMon_Handler                         0x000263d5   Thumb Code     2  arm_startup_nrf52840.o(.text)
    PendSV_Handler                           0x000263d7   Thumb Code     2  arm_startup_nrf52840.o(.text)
    SysTick_Handler                          0x000263d9   Thumb Code     2  arm_startup_nrf52840.o(.text)
    CCM_AAR_IRQHandler                       0x000263db   Thumb Code     0  arm_startup_nrf52840.o(.text)
    COMP_LPCOMP_IRQHandler                   0x000263db   Thumb Code     0  arm_startup_nrf52840.o(.text)
    CRYPTOCELL_IRQHandler                    0x000263db   Thumb Code     0  arm_startup_nrf52840.o(.text)
    ECB_IRQHandler                           0x000263db   Thumb Code     0  arm_startup_nrf52840.o(.text)
    FPU_IRQHandler                           0x000263db   Thumb Code     0  arm_startup_nrf52840.o(.text)
    I2S_IRQHandler                           0x000263db   Thumb Code     0  arm_startup_nrf52840.o(.text)
    MWU_IRQHandler                           0x000263db   Thumb Code     0  arm_startup_nrf52840.o(.text)
    NFCT_IRQHandler                          0x000263db   Thumb Code     0  arm_startup_nrf52840.o(.text)
    PDM_IRQHandler                           0x000263db   Thumb Code     0  arm_startup_nrf52840.o(.text)
    PWM0_IRQHandler                          0x000263db   Thumb Code     0  arm_startup_nrf52840.o(.text)
    PWM1_IRQHandler                          0x000263db   Thumb Code     0  arm_startup_nrf52840.o(.text)
    PWM2_IRQHandler                          0x000263db   Thumb Code     0  arm_startup_nrf52840.o(.text)
    PWM3_IRQHandler                          0x000263db   Thumb Code     0  arm_startup_nrf52840.o(.text)
    QDEC_IRQHandler                          0x000263db   Thumb Code     0  arm_startup_nrf52840.o(.text)
    QSPI_IRQHandler                          0x000263db   Thumb Code     0  arm_startup_nrf52840.o(.text)
    RADIO_IRQHandler                         0x000263db   Thumb Code     0  arm_startup_nrf52840.o(.text)
    RNG_IRQHandler                           0x000263db   Thumb Code     0  arm_startup_nrf52840.o(.text)
    RTC0_IRQHandler                          0x000263db   Thumb Code     0  arm_startup_nrf52840.o(.text)
    RTC2_IRQHandler                          0x000263db   Thumb Code     0  arm_startup_nrf52840.o(.text)
    SAADC_IRQHandler                         0x000263db   Thumb Code     0  arm_startup_nrf52840.o(.text)
    SPIM0_SPIS0_TWIM0_TWIS0_SPI0_TWI0_IRQHandler 0x000263db   Thumb Code     0  arm_startup_nrf52840.o(.text)
    SPIM1_SPIS1_TWIM1_TWIS1_SPI1_TWI1_IRQHandler 0x000263db   Thumb Code     0  arm_startup_nrf52840.o(.text)
    SPIM2_SPIS2_SPI2_IRQHandler              0x000263db   Thumb Code     0  arm_startup_nrf52840.o(.text)
    SPIM3_IRQHandler                         0x000263db   Thumb Code     0  arm_startup_nrf52840.o(.text)
    SWI1_EGU1_IRQHandler                     0x000263db   Thumb Code     0  arm_startup_nrf52840.o(.text)
    SWI3_EGU3_IRQHandler                     0x000263db   Thumb Code     0  arm_startup_nrf52840.o(.text)
    SWI4_EGU4_IRQHandler                     0x000263db   Thumb Code     0  arm_startup_nrf52840.o(.text)
    SWI5_EGU5_IRQHandler                     0x000263db   Thumb Code     0  arm_startup_nrf52840.o(.text)
    TEMP_IRQHandler                          0x000263db   Thumb Code     0  arm_startup_nrf52840.o(.text)
    TIMER0_IRQHandler                        0x000263db   Thumb Code     0  arm_startup_nrf52840.o(.text)
    TIMER1_IRQHandler                        0x000263db   Thumb Code     0  arm_startup_nrf52840.o(.text)
    TIMER2_IRQHandler                        0x000263db   Thumb Code     0  arm_startup_nrf52840.o(.text)
    TIMER3_IRQHandler                        0x000263db   Thumb Code     0  arm_startup_nrf52840.o(.text)
    TIMER4_IRQHandler                        0x000263db   Thumb Code     0  arm_startup_nrf52840.o(.text)
    UARTE1_IRQHandler                        0x000263db   Thumb Code     0  arm_startup_nrf52840.o(.text)
    USBD_IRQHandler                          0x000263db   Thumb Code     0  arm_startup_nrf52840.o(.text)
    WDT_IRQHandler                           0x000263db   Thumb Code     0  arm_startup_nrf52840.o(.text)
    __aeabi_llsl                             0x000263e5   Thumb Code    30  llshl.o(.text)
    _ll_shift_l                              0x000263e5   Thumb Code     0  llshl.o(.text)
    __rt_ctype_table                         0x00026405   Thumb Code     4  ctype_o.o(.text)
    __aeabi_memcpy                           0x0002640d   Thumb Code    36  memcpya.o(.text)
    __aeabi_memcpy4                          0x0002640d   Thumb Code     0  memcpya.o(.text)
    __aeabi_memcpy8                          0x0002640d   Thumb Code     0  memcpya.o(.text)
    __aeabi_memset                           0x00026431   Thumb Code    14  memseta.o(.text)
    __aeabi_memset4                          0x00026431   Thumb Code     0  memseta.o(.text)
    __aeabi_memset8                          0x00026431   Thumb Code     0  memseta.o(.text)
    __aeabi_memclr                           0x0002643f   Thumb Code     4  memseta.o(.text)
    __aeabi_memclr4                          0x0002643f   Thumb Code     0  memseta.o(.text)
    __aeabi_memclr8                          0x0002643f   Thumb Code     0  memseta.o(.text)
    _memset$wrapper                          0x00026443   Thumb Code    18  memseta.o(.text)
    strlen                                   0x00026455   Thumb Code    14  strlen.o(.text)
    memcmp                                   0x00026463   Thumb Code    26  memcmp.o(.text)
    strcpy                                   0x0002647d   Thumb Code    18  strcpy.o(.text)
    __aeabi_dmul                             0x0002648f   Thumb Code   228  dmul.o(.text)
    __aeabi_i2d                              0x00026573   Thumb Code    34  dflti.o(.text)
    __aeabi_d2uiz                            0x00026595   Thumb Code    50  dfixui.o(.text)
    __aeabi_llsr                             0x000265c7   Thumb Code    32  llushr.o(.text)
    _ll_ushift_r                             0x000265c7   Thumb Code     0  llushr.o(.text)
    __I$use$fp                               0x000265e7   Thumb Code     0  iusefp.o(.text)
    _double_round                            0x000265e7   Thumb Code    30  depilogue.o(.text)
    _double_epilogue                         0x00026605   Thumb Code   156  depilogue.o(.text)
    __scatterload                            0x000266a1   Thumb Code    28  init.o(.text)
    __scatterload_rt2                        0x000266a1   Thumb Code     0  init.o(.text)
    __decompress                             0x000266c5   Thumb Code     0  __dczerorl2.o(.text)
    __decompress1                            0x000266c5   Thumb Code    86  __dczerorl2.o(.text)
    GPIOTE_IRQHandler                        0x0002671d   Thumb Code   428  nrfx_gpiote.o(i.GPIOTE_IRQHandler)
    POWER_CLOCK_IRQHandler                   0x00026935   Thumb Code    82  nrfx_clock.o(i.POWER_CLOCK_IRQHandler)
    RTC1_IRQHandler                          0x0002698d   Thumb Code    32  app_timer.o(i.RTC1_IRQHandler)
    SEGGER_RTT_Init                          0x000269b1   Thumb Code     4  segger_rtt.o(i.SEGGER_RTT_Init)
    SEGGER_RTT_WriteNoLock                   0x000269b5   Thumb Code    86  segger_rtt.o(i.SEGGER_RTT_WriteNoLock)
    SWI0_EGU0_IRQHandler                     0x00026a11   Thumb Code     4  app_timer.o(i.SWI0_EGU0_IRQHandler)
    SWI2_EGU2_IRQHandler                     0x00026a15   Thumb Code     4  nrf_sdh.o(i.SWI2_EGU2_IRQHandler)
    SystemInit                               0x00026a19   Thumb Code   416  system_nrf52840.o(i.SystemInit)
    UARTE0_UART0_IRQHandler                  0x00026bf5   Thumb Code     6  nrfx_prs.o(i.UARTE0_UART0_IRQHandler)
    __scatterload_copy                       0x00026d1b   Thumb Code    14  handlers.o(i.__scatterload_copy)
    __scatterload_null                       0x00026d29   Thumb Code     2  handlers.o(i.__scatterload_null)
    __scatterload_zeroinit                   0x00026d2b   Thumb Code    14  handlers.o(i.__scatterload_zeroinit)
    active_flag_count                        0x00026d5d   Thumb Code    28  ble_conn_state.o(i.active_flag_count)
    app_button_disable                       0x00026dc1   Thumb Code    38  app_button.o(i.app_button_disable)
    app_button_enable                        0x00026df1   Thumb Code    32  app_button.o(i.app_button_enable)
    app_button_init                          0x00026e15   Thumb Code   102  app_button.o(i.app_button_init)
    app_error_fault_handler                  0x00026e8d   Thumb Code    84  app_error_weak.o(i.app_error_fault_handler)
    app_error_handler_bare                   0x00026f09   Thumb Code    22  app_error.o(i.app_error_handler_bare)
    app_timer_create                         0x00026f21   Thumb Code    36  app_timer.o(i.app_timer_create)
    app_timer_init                           0x00026f49   Thumb Code    70  app_timer.o(i.app_timer_init)
    app_timer_start                          0x00026f9d   Thumb Code   128  app_timer.o(i.app_timer_start)
    app_timer_stop                           0x00027025   Thumb Code    26  app_timer.o(i.app_timer_stop)
    app_util_critical_region_enter           0x00027045   Thumb Code    64  app_util_platform.o(i.app_util_critical_region_enter)
    app_util_critical_region_exit            0x0002708d   Thumb Code    46  app_util_platform.o(i.app_util_critical_region_exit)
    bcs_internal_state_reset                 0x000271ad   Thumb Code     8  ble_conn_state.o(i.bcs_internal_state_reset)
    ble_advdata_name_find                    0x000271b9   Thumb Code    68  ble_advdata.o(i.ble_advdata_name_find)
    ble_advdata_search                       0x000271fd   Thumb Code    56  ble_advdata.o(i.ble_advdata_search)
    ble_conn_state_central_conn_count        0x00027235   Thumb Code    24  ble_conn_state.o(i.ble_conn_state_central_conn_count)
    ble_conn_state_init                      0x00027251   Thumb Code     4  ble_conn_state.o(i.ble_conn_state_init)
    ble_db_discovery_evt_register            0x00027255   Thumb Code    56  ble_db_discovery.o(i.ble_db_discovery_evt_register)
    ble_db_discovery_init                    0x00027295   Thumb Code    24  ble_db_discovery.o(i.ble_db_discovery_init)
    ble_db_discovery_on_ble_evt              0x000272b1   Thumb Code   138  ble_db_discovery.o(i.ble_db_discovery_on_ble_evt)
    ble_db_discovery_start                   0x00027341   Thumb Code    34  ble_db_discovery.o(i.ble_db_discovery_start)
    ble_lbs_c_button_notif_enable            0x0002765d   Thumb Code    80  ble_lbs_c.o(i.ble_lbs_c_button_notif_enable)
    ble_lbs_c_handles_assign                 0x000276b5   Thumb Code    24  ble_lbs_c.o(i.ble_lbs_c_handles_assign)
    ble_lbs_c_init                           0x000276cd   Thumb Code    80  ble_lbs_c.o(i.ble_lbs_c_init)
    ble_lbs_c_on_ble_evt                     0x00027721   Thumb Code   120  ble_lbs_c.o(i.ble_lbs_c_on_ble_evt)
    ble_lbs_led_status_send                  0x00027799   Thumb Code    80  ble_lbs_c.o(i.ble_lbs_led_status_send)
    ble_lbs_on_db_disc_evt                   0x000277f1   Thumb Code   140  ble_lbs_c.o(i.ble_lbs_on_db_disc_evt)
    bsp_board_init                           0x0002787d   Thumb Code    80  boards.o(i.bsp_board_init)
    bsp_board_led_off                        0x000278d1   Thumb Code    10  boards.o(i.bsp_board_led_off)
    bsp_board_led_on                         0x000278e1   Thumb Code    10  boards.o(i.bsp_board_led_on)
    bsp_board_leds_off                       0x000278f1   Thumb Code    18  boards.o(i.bsp_board_leds_off)
    bsp_event_to_button_action_assign        0x00027905   Thumb Code    64  bsp.o(i.bsp_event_to_button_action_assign)
    buffer_is_empty                          0x000279f9   Thumb Code    16  nrf_log_frontend.o(i.buffer_is_empty)
    conn_handle_list_get                     0x00027c4d   Thumb Code    62  ble_conn_state.o(i.conn_handle_list_get)
    main                                     0x000285e9   Thumb Code   242  main.o(i.main)
    nrf_atfifo_item_free                     0x000287b5   Thumb Code    22  nrf_atfifo.o(i.nrf_atfifo_item_free)
    nrf_atfifo_item_get                      0x000287cb   Thumb Code    22  nrf_atfifo.o(i.nrf_atfifo_item_get)
    nrf_atflags_clear                        0x000287e1   Thumb Code    22  nrf_atflags.o(i.nrf_atflags_clear)
    nrf_atflags_get                          0x000287f7   Thumb Code    22  nrf_atflags.o(i.nrf_atflags_get)
    nrf_atflags_set                          0x0002880d   Thumb Code    20  nrf_atflags.o(i.nrf_atflags_set)
    nrf_atomic_flag_clear_fetch              0x00028821   Thumb Code     6  nrf_atomic.o(i.nrf_atomic_flag_clear_fetch)
    nrf_atomic_flag_set                      0x00028827   Thumb Code     6  nrf_atomic.o(i.nrf_atomic_flag_set)
    nrf_atomic_u32_add                       0x0002882d   Thumb Code    12  nrf_atomic.o(i.nrf_atomic_u32_add)
    nrf_atomic_u32_and                       0x00028839   Thumb Code    12  nrf_atomic.o(i.nrf_atomic_u32_and)
    nrf_atomic_u32_fetch_and                 0x00028845   Thumb Code    10  nrf_atomic.o(i.nrf_atomic_u32_fetch_and)
    nrf_atomic_u32_fetch_store               0x0002884f   Thumb Code    10  nrf_atomic.o(i.nrf_atomic_u32_fetch_store)
    nrf_atomic_u32_or                        0x00028859   Thumb Code    12  nrf_atomic.o(i.nrf_atomic_u32_or)
    nrf_atomic_u32_sub                       0x00028865   Thumb Code    12  nrf_atomic.o(i.nrf_atomic_u32_sub)
    nrf_balloc_alloc                         0x00028871   Thumb Code    68  nrf_balloc.o(i.nrf_balloc_alloc)
    nrf_balloc_free                          0x000288b5   Thumb Code    48  nrf_balloc.o(i.nrf_balloc_free)
    nrf_balloc_init                          0x000288e5   Thumb Code    48  nrf_balloc.o(i.nrf_balloc_init)
    nrf_ble_gatt_init                        0x00028939   Thumb Code    44  nrf_ble_gatt.o(i.nrf_ble_gatt_init)
    nrf_ble_gatt_on_ble_evt                  0x00028965   Thumb Code   298  nrf_ble_gatt.o(i.nrf_ble_gatt_on_ble_evt)
    nrf_drv_clock_init                       0x00028aed   Thumb Code    48  nrf_drv_clock.o(i.nrf_drv_clock_init)
    nrf_drv_clock_lfclk_release              0x00028b25   Thumb Code    42  nrf_drv_clock.o(i.nrf_drv_clock_lfclk_release)
    nrf_drv_uart_init                        0x00028b55   Thumb Code    90  nrf_drv_uart.o(i.nrf_drv_uart_init)
    nrf_fprintf                              0x00028bbd   Thumb Code    26  nrf_fprintf.o(i.nrf_fprintf)
    nrf_fprintf_buffer_flush                 0x00028bd7   Thumb Code    24  nrf_fprintf.o(i.nrf_fprintf_buffer_flush)
    nrf_fprintf_fmt                          0x00028bef   Thumb Code   474  nrf_fprintf_format.o(i.nrf_fprintf_fmt)
    nrf_fstorage_sdh_req_handler             0x00028dc9   Thumb Code    18  nrf_fstorage_sd.o(i.nrf_fstorage_sdh_req_handler)
    nrf_fstorage_sdh_state_handler           0x00028de1   Thumb Code    28  nrf_fstorage_sd.o(i.nrf_fstorage_sdh_state_handler)
    nrf_fstorage_sys_evt_handler             0x00028e01   Thumb Code   154  nrf_fstorage_sd.o(i.nrf_fstorage_sys_evt_handler)
    nrf_log_backend_add                      0x0002918d   Thumb Code    74  nrf_log_frontend.o(i.nrf_log_backend_add)
    nrf_log_backend_rtt_init                 0x000291df   Thumb Code     4  nrf_log_backend_rtt.o(i.nrf_log_backend_rtt_init)
    nrf_log_backend_serial_put               0x000291fd   Thumb Code   200  nrf_log_backend_serial.o(i.nrf_log_backend_serial_put)
    nrf_log_backend_uart_init                0x000292c7   Thumb Code     6  nrf_log_backend_uart.o(i.nrf_log_backend_uart_init)
    nrf_log_color_id_get                     0x00029311   Thumb Code    42  nrf_log_frontend.o(i.nrf_log_color_id_get)
    nrf_log_default_backends_init            0x00029341   Thumb Code    42  nrf_log_default_backends.o(i.nrf_log_default_backends_init)
    nrf_log_frontend_dequeue                 0x00029371   Thumb Code   510  nrf_log_frontend.o(i.nrf_log_frontend_dequeue)
    nrf_log_frontend_std_0                   0x00029591   Thumb Code     8  nrf_log_frontend.o(i.nrf_log_frontend_std_0)
    nrf_log_frontend_std_1                   0x00029599   Thumb Code    14  nrf_log_frontend.o(i.nrf_log_frontend_std_1)
    nrf_log_frontend_std_2                   0x000295a7   Thumb Code    16  nrf_log_frontend.o(i.nrf_log_frontend_std_2)
    nrf_log_hexdump_entry_process            0x000295b9   Thumb Code   146  nrf_log_str_formatter.o(i.nrf_log_hexdump_entry_process)
    nrf_log_init                             0x00029665   Thumb Code    66  nrf_log_frontend.o(i.nrf_log_init)
    nrf_log_module_cnt_get                   0x000296bd   Thumb Code    10  nrf_log_frontend.o(i.nrf_log_module_cnt_get)
    nrf_log_module_name_get                  0x000296d1   Thumb Code    24  nrf_log_frontend.o(i.nrf_log_module_name_get)
    nrf_log_panic                            0x000296ed   Thumb Code    34  nrf_log_frontend.o(i.nrf_log_panic)
    nrf_log_std_entry_process                0x00029715   Thumb Code   182  nrf_log_str_formatter.o(i.nrf_log_std_entry_process)
    nrf_memobj_alloc                         0x000297cb   Thumb Code    96  nrf_memobj.o(i.nrf_memobj_alloc)
    nrf_memobj_free                          0x0002982b   Thumb Code    50  nrf_memobj.o(i.nrf_memobj_free)
    nrf_memobj_get                           0x0002985d   Thumb Code     8  nrf_memobj.o(i.nrf_memobj_get)
    nrf_memobj_pool_init                     0x00029865   Thumb Code     4  nrf_memobj.o(i.nrf_memobj_pool_init)
    nrf_memobj_put                           0x00029869   Thumb Code    30  nrf_memobj.o(i.nrf_memobj_put)
    nrf_memobj_read                          0x00029887   Thumb Code    12  nrf_memobj.o(i.nrf_memobj_read)
    nrf_memobj_write                         0x00029893   Thumb Code    12  nrf_memobj.o(i.nrf_memobj_write)
    nrf_pwr_mgmt_init                        0x000298a1   Thumb Code    28  nrf_pwr_mgmt.o(i.nrf_pwr_mgmt_init)
    nrf_pwr_mgmt_run                         0x000298c9   Thumb Code    64  nrf_pwr_mgmt.o(i.nrf_pwr_mgmt_run)
    nrf_sdh_ble_app_ram_start_get            0x0002990d   Thumb Code    16  nrf_sdh_ble.o(i.nrf_sdh_ble_app_ram_start_get)
    nrf_sdh_ble_default_cfg_set              0x00029921   Thumb Code   244  nrf_sdh_ble.o(i.nrf_sdh_ble_default_cfg_set)
    nrf_sdh_ble_enable                       0x00029a2d   Thumb Code   116  nrf_sdh_ble.o(i.nrf_sdh_ble_enable)
    nrf_sdh_disable_request                  0x00029bb5   Thumb Code    80  nrf_sdh.o(i.nrf_sdh_disable_request)
    nrf_sdh_enable_request                   0x00029c09   Thumb Code   102  nrf_sdh.o(i.nrf_sdh_enable_request)
    nrf_sdh_evts_poll                        0x00029c7d   Thumb Code    32  nrf_sdh.o(i.nrf_sdh_evts_poll)
    nrf_sdh_is_enabled                       0x00029ca1   Thumb Code     6  nrf_sdh.o(i.nrf_sdh_is_enabled)
    nrf_sdh_request_continue                 0x00029cad   Thumb Code    22  nrf_sdh.o(i.nrf_sdh_request_continue)
    nrf_section_iter_init                    0x00029d05   Thumb Code    10  nrf_section_iter.o(i.nrf_section_iter_init)
    nrf_section_iter_next                    0x00029d33   Thumb Code    32  nrf_section_iter.o(i.nrf_section_iter_next)
    nrf_strerror_find                        0x00029d55   Thumb Code    52  nrf_strerror.o(i.nrf_strerror_find)
    nrf_strerror_get                         0x00029d8d   Thumb Code    14  nrf_strerror.o(i.nrf_strerror_get)
    nrfx_clock_enable                        0x00029dd9   Thumb Code    36  nrfx_clock.o(i.nrfx_clock_enable)
    nrfx_clock_init                          0x00029e05   Thumb Code    26  nrfx_clock.o(i.nrfx_clock_init)
    nrfx_clock_lfclk_stop                    0x00029e25   Thumb Code    20  nrfx_clock.o(i.nrfx_clock_lfclk_stop)
    nrfx_gpiote_in_event_disable             0x00029e61   Thumb Code    66  nrfx_gpiote.o(i.nrfx_gpiote_in_event_disable)
    nrfx_gpiote_in_event_enable              0x00029ea9   Thumb Code   144  nrfx_gpiote.o(i.nrfx_gpiote_in_event_enable)
    nrfx_gpiote_in_init                      0x00029f41   Thumb Code   200  nrfx_gpiote.o(i.nrfx_gpiote_in_init)
    nrfx_gpiote_in_is_set                    0x0002a015   Thumb Code    14  nrfx_gpiote.o(i.nrfx_gpiote_in_is_set)
    nrfx_gpiote_init                         0x0002a025   Thumb Code   104  nrfx_gpiote.o(i.nrfx_gpiote_init)
    nrfx_gpiote_is_init                      0x0002a099   Thumb Code    14  nrfx_gpiote.o(i.nrfx_gpiote_is_init)
    nrfx_prs_acquire                         0x0002a0bd   Thumb Code    58  nrfx_prs.o(i.nrfx_prs_acquire)
    nrfx_prs_release                         0x0002a0f7   Thumb Code    18  nrfx_prs.o(i.nrfx_prs_release)
    nrfx_uart_0_irq_handler                  0x0002a109   Thumb Code     8  nrfx_uart.o(i.nrfx_uart_0_irq_handler)
    nrfx_uart_init                           0x0002a119   Thumb Code   200  nrfx_uart.o(i.nrfx_uart_init)
    nrfx_uart_tx                             0x0002a1ed   Thumb Code   160  nrfx_uart.o(i.nrfx_uart_tx)
    nrfx_uart_tx_in_progress                 0x0002a291   Thumb Code    26  nrfx_uart.o(i.nrfx_uart_tx_in_progress)
    nrfx_uart_uninit                         0x0002a2b1   Thumb Code   170  nrfx_uart.o(i.nrfx_uart_uninit)
    nrfx_uarte_0_irq_handler                 0x0002a365   Thumb Code     8  nrfx_uarte.o(i.nrfx_uarte_0_irq_handler)
    nrfx_uarte_init                          0x0002a375   Thumb Code   100  nrfx_uarte.o(i.nrfx_uarte_init)
    nrfx_uarte_tx                            0x0002a3e1   Thumb Code   138  nrfx_uarte.o(i.nrfx_uarte_tx)
    nrfx_uarte_tx_in_progress                0x0002a471   Thumb Code    22  nrfx_uarte.o(i.nrfx_uarte_tx_in_progress)
    nrfx_uarte_uninit                        0x0002a48d   Thumb Code   166  nrfx_uarte.o(i.nrfx_uarte_uninit)
    nrf_log_backend_rtt_api                  0x0002b7f8   Data          12  nrf_log_backend_rtt.o(.constdata)
    nrf_log_backend_uart_api                 0x0002b818   Data          12  nrf_log_backend_uart.o(.constdata)
    m_ram_start                              0x0002b8bc   Data           4  nrf_sdh_ble.o(.constdata)
    __ctype_table                            0x0002b8e8   Data         129  ctype_o.o(.constdata)
    Region$$Table$$Base                      0x0002c0a8   Number         0  anon$$obj.o(Region$$Table)
    Region$$Table$$Limit                     0x0002c0c8   Number         0  anon$$obj.o(Region$$Table)
    log_const_data$$Base                     0x0002c0c8   Number         0  ble_db_discovery.o(log_const_data)
    m_nrf_log_ble_db_disc_logs_data_const    0x0002c0c8   Data           8  ble_db_discovery.o(log_const_data)
    m_nrf_log_nrf_ble_gatt_logs_data_const   0x0002c0d0   Data           8  nrf_ble_gatt.o(log_const_data)
    m_nrf_log_ble_lbs_c_logs_data_const      0x0002c0d8   Data           8  ble_lbs_c.o(log_const_data)
    m_nrf_log_clock_logs_data_const          0x0002c0e0   Data           8  nrf_drv_clock.o(log_const_data)
    m_nrf_log_CLOCK_logs_data_const          0x0002c0e8   Data           8  nrfx_clock.o(log_const_data)
    m_nrf_log_GPIOTE_logs_data_const         0x0002c0f0   Data           8  nrfx_gpiote.o(log_const_data)
    m_nrf_log_PRS_logs_data_const            0x0002c0f8   Data           8  nrfx_prs.o(log_const_data)
    m_nrf_log_UART_logs_data_const           0x0002c100   Data           8  nrfx_uart.o(log_const_data)
    m_nrf_log_UARTE_logs_data_const          0x0002c108   Data           8  nrfx_uarte.o(log_const_data)
    m_nrf_log_nrf_fstorage_logs_data_const   0x0002c110   Data           8  nrf_fstorage.o(log_const_data)
    m_nrf_log_atfifo_m_fifo_logs_data_const  0x0002c118   Data           8  nrf_fstorage_sd.o(log_const_data)
    m_nrf_log_pwr_mgmt_logs_data_const       0x0002c120   Data           8  nrf_pwr_mgmt.o(log_const_data)
    m_nrf_log_balloc_log_mempool_logs_data_const 0x0002c128   Data           8  nrf_log_frontend.o(log_const_data)
    m_nrf_log_app_logs_data_const            0x0002c130   Data           8  nrf_log_frontend.o(log_const_data)
    m_nrf_log_nrf_sdh_logs_data_const        0x0002c138   Data           8  nrf_sdh.o(log_const_data)
    m_nrf_log_nrf_sdh_ble_logs_data_const    0x0002c140   Data           8  nrf_sdh_ble.o(log_const_data)
    m_nrf_log_nrf_sdh_soc_logs_data_const    0x0002c148   Data           8  nrf_sdh_soc.o(log_const_data)
    log_const_data$$Limit                    0x0002c150   Number         0  nrf_sdh_soc.o(log_const_data)
    log_mempool                              0x0002c150   Data          24  nrf_log_frontend.o(nrf_balloc)
    sdh_ble_observers0$$Base                 0x0002c168   Number         0  ble_conn_state.o(sdh_ble_observers0)
    sdh_ble_observers0$$Limit                0x0002c170   Number         0  ble_conn_state.o(sdh_ble_observers0)
    sdh_ble_observers1$$Base                 0x0002c170   Number         0  main.o(sdh_ble_observers1)
    sdh_ble_observers1$$Limit                0x0002c1c0   Number         0  bsp_btn_ble.o(sdh_ble_observers1)
    sdh_ble_observers2$$Base                 0x0002c1c0   Number         0  main.o(sdh_ble_observers2)
    sdh_ble_observers2$$Limit                0x0002c200   Number         0  main.o(sdh_ble_observers2)
    sdh_ble_observers3$$Base                 0x0002c200   Number         0  main.o(sdh_ble_observers3)
    m_req_obs                                0x0002c208   Data           8  nrf_fstorage_sd.o(sdh_req_observers0)
    sdh_ble_observers3$$Limit                0x0002c208   Number         0  main.o(sdh_ble_observers3)
    sdh_req_observers0$$Base                 0x0002c208   Number         0  nrf_fstorage_sd.o(sdh_req_observers0)
    sdh_req_observers0$$Limit                0x0002c210   Number         0  nrf_fstorage_sd.o(sdh_req_observers0)
    sdh_soc_observers0$$Base                 0x0002c210   Number         0  nrf_drv_clock.o(sdh_soc_observers0)
    sdh_soc_observers0$$Limit                0x0002c220   Number         0  nrf_fstorage_sd.o(sdh_soc_observers0)
    sdh_stack_observers0$$Base               0x0002c220   Number         0  nrf_sdh_ble.o(sdh_stack_observers0)
    sdh_stack_observers0$$Limit              0x0002c230   Number         0  nrf_sdh_soc.o(sdh_stack_observers0)
    sdh_state_observers0$$Base               0x0002c230   Number         0  nrf_drv_clock.o(sdh_state_observers0)
    sdh_state_observers0$$Limit              0x0002c240   Number         0  nrf_fstorage_sd.o(sdh_state_observers0)
    Image$$RW_IRAM1$$Base                    0x20004368   Number         0  anon$$obj.o ABSOLUTE
    nrf_drv_uart_use_easy_dma                0x20005a00   Data           2  nrf_drv_uart.o(.data)
    m_uart                                   0x20005a88   Data          20  nrf_log_backend_uart.o(.data)
    SystemCoreClock                          0x20005b08   Data           4  system_nrf52840.o(.data)
    log_dynamic_data$$Base                   0x20005b0c   Number         0  ble_db_discovery.o(log_dynamic_data)
    m_nrf_log_ble_db_disc_logs_data_dynamic  0x20005b0c   Data           4  ble_db_discovery.o(log_dynamic_data)
    m_nrf_log_nrf_ble_gatt_logs_data_dynamic 0x20005b10   Data           4  nrf_ble_gatt.o(log_dynamic_data)
    m_nrf_log_ble_lbs_c_logs_data_dynamic    0x20005b14   Data           4  ble_lbs_c.o(log_dynamic_data)
    m_nrf_log_clock_logs_data_dynamic        0x20005b18   Data           4  nrf_drv_clock.o(log_dynamic_data)
    m_nrf_log_CLOCK_logs_data_dynamic        0x20005b1c   Data           4  nrfx_clock.o(log_dynamic_data)
    m_nrf_log_GPIOTE_logs_data_dynamic       0x20005b20   Data           4  nrfx_gpiote.o(log_dynamic_data)
    m_nrf_log_PRS_logs_data_dynamic          0x20005b24   Data           4  nrfx_prs.o(log_dynamic_data)
    m_nrf_log_UART_logs_data_dynamic         0x20005b28   Data           4  nrfx_uart.o(log_dynamic_data)
    m_nrf_log_UARTE_logs_data_dynamic        0x20005b2c   Data           4  nrfx_uarte.o(log_dynamic_data)
    m_nrf_log_nrf_fstorage_logs_data_dynamic 0x20005b30   Data           4  nrf_fstorage.o(log_dynamic_data)
    m_nrf_log_atfifo_m_fifo_logs_data_dynamic 0x20005b34   Data           4  nrf_fstorage_sd.o(log_dynamic_data)
    m_nrf_log_pwr_mgmt_logs_data_dynamic     0x20005b38   Data           4  nrf_pwr_mgmt.o(log_dynamic_data)
    m_nrf_log_balloc_log_mempool_logs_data_dynamic 0x20005b3c   Data           4  nrf_log_frontend.o(log_dynamic_data)
    m_nrf_log_app_logs_data_dynamic          0x20005b40   Data           4  nrf_log_frontend.o(log_dynamic_data)
    m_nrf_log_nrf_sdh_logs_data_dynamic      0x20005b44   Data           4  nrf_sdh.o(log_dynamic_data)
    m_nrf_log_nrf_sdh_ble_logs_data_dynamic  0x20005b48   Data           4  nrf_sdh_ble.o(log_dynamic_data)
    m_nrf_log_nrf_sdh_soc_logs_data_dynamic  0x20005b4c   Data           4  nrf_sdh_soc.o(log_dynamic_data)
    nrf_nvic_state                           0x20006274   Data          12  app_util_platform.o(.bss)
    _SEGGER_RTT                              0x20006890   Data         120  segger_rtt.o(.bss)
    __initial_sp                             0x20008b18   Data           0  arm_startup_nrf52840.o(STACK)



==============================================================================

Memory Map of the image

  Image Entry point : 0x00026201

  Load Region LR_IROM1 (Base: 0x00026000, Size: 0x00007a28, Max: 0x000da000, ABSOLUTE, COMPRESSED[0x000062c4])

    Execution Region ER_IROM1 (Exec base: 0x00026000, Load base: 0x00026000, Size: 0x00006240, Max: 0x000da000, ABSOLUTE)

    Exec Addr    Load Addr    Size         Type   Attr      Idx    E Section Name        Object

    0x00026000   0x00026000   0x00000200   Data   RO         4787    RESET               arm_startup_nrf52840.o
    0x00026200   0x00026200   0x00000000   Code   RO         4828  * .ARM.Collect$$$$00000000  mc_w.l(entry.o)
    0x00026200   0x00026200   0x00000004   Code   RO         4888    .ARM.Collect$$$$00000001  mc_w.l(entry2.o)
    0x00026204   0x00026204   0x00000004   Code   RO         4891    .ARM.Collect$$$$00000004  mc_w.l(entry5.o)
    0x00026208   0x00026208   0x00000000   Code   RO         4893    .ARM.Collect$$$$00000008  mc_w.l(entry7b.o)
    0x00026208   0x00026208   0x00000000   Code   RO         4895    .ARM.Collect$$$$0000000A  mc_w.l(entry8b.o)
    0x00026208   0x00026208   0x00000008   Code   RO         4896    .ARM.Collect$$$$0000000B  mc_w.l(entry9a.o)
    0x00026210   0x00026210   0x00000000   Code   RO         4898    .ARM.Collect$$$$0000000D  mc_w.l(entry10a.o)
    0x00026210   0x00026210   0x00000000   Code   RO         4900    .ARM.Collect$$$$0000000F  mc_w.l(entry11a.o)
    0x00026210   0x00026210   0x00000004   Code   RO         4889    .ARM.Collect$$$$00002712  mc_w.l(entry2.o)
    0x00026214   0x00026214   0x000000c8   Code   RO         2972    .emb_text           nrf_atfifo.o
    0x000262dc   0x000262dc   0x000000e2   Code   RO         3111    .emb_text           nrf_atomic.o
    0x000263be   0x000263be   0x00000002   PAD
    0x000263c0   0x000263c0   0x00000024   Code   RO         4788    .text               arm_startup_nrf52840.o
    0x000263e4   0x000263e4   0x0000001e   Code   RO         4838    .text               mc_w.l(llshl.o)
    0x00026402   0x00026402   0x00000002   PAD
    0x00026404   0x00026404   0x00000008   Code   RO         4840    .text               mc_w.l(ctype_o.o)
    0x0002640c   0x0002640c   0x00000024   Code   RO         4868    .text               mc_w.l(memcpya.o)
    0x00026430   0x00026430   0x00000024   Code   RO         4870    .text               mc_w.l(memseta.o)
    0x00026454   0x00026454   0x0000000e   Code   RO         4872    .text               mc_w.l(strlen.o)
    0x00026462   0x00026462   0x0000001a   Code   RO         4876    .text               mc_w.l(memcmp.o)
    0x0002647c   0x0002647c   0x00000012   Code   RO         4878    .text               mc_w.l(strcpy.o)
    0x0002648e   0x0002648e   0x000000e4   Code   RO         4882    .text               mf_w.l(dmul.o)
    0x00026572   0x00026572   0x00000022   Code   RO         4884    .text               mf_w.l(dflti.o)
    0x00026594   0x00026594   0x00000032   Code   RO         4886    .text               mf_w.l(dfixui.o)
    0x000265c6   0x000265c6   0x00000020   Code   RO         4903    .text               mc_w.l(llushr.o)
    0x000265e6   0x000265e6   0x00000000   Code   RO         4905    .text               mc_w.l(iusefp.o)
    0x000265e6   0x000265e6   0x000000ba   Code   RO         4907    .text               mf_w.l(depilogue.o)
    0x000266a0   0x000266a0   0x00000024   Code   RO         4909    .text               mc_w.l(init.o)
    0x000266c4   0x000266c4   0x00000056   Code   RO         4919    .text               mc_w.l(__dczerorl2.o)
    0x0002671a   0x0002671a   0x00000002   PAD
    0x0002671c   0x0002671c   0x000001b4   Code   RO         1753    i.GPIOTE_IRQHandler  nrfx_gpiote.o
    0x000268d0   0x000268d0   0x00000016   Code   RO         2689    i.NVIC_ClearPendingIRQ  app_timer.o
    0x000268e6   0x000268e6   0x00000016   Code   RO         2690    i.NVIC_EnableIRQ    app_timer.o
    0x000268fc   0x000268fc   0x00000016   Code   RO         2691    i.NVIC_SetPendingIRQ  app_timer.o
    0x00026912   0x00026912   0x00000020   Code   RO         2692    i.NVIC_SetPriority  app_timer.o
    0x00026932   0x00026932   0x00000002   PAD
    0x00026934   0x00026934   0x00000058   Code   RO         1621    i.POWER_CLOCK_IRQHandler  nrfx_clock.o
    0x0002698c   0x0002698c   0x00000024   Code   RO         2693    i.RTC1_IRQHandler   app_timer.o
    0x000269b0   0x000269b0   0x00000004   Code   RO         4236    i.SEGGER_RTT_Init   segger_rtt.o
    0x000269b4   0x000269b4   0x0000005c   Code   RO         4250    i.SEGGER_RTT_WriteNoLock  segger_rtt.o
    0x00026a10   0x00026a10   0x00000004   Code   RO         2694    i.SWI0_EGU0_IRQHandler  app_timer.o
    0x00026a14   0x00026a14   0x00000004   Code   RO         4584    i.SWI2_EGU2_IRQHandler  nrf_sdh.o
    0x00026a18   0x00026a18   0x000001dc   Code   RO         4796    i.SystemInit        system_nrf52840.o
    0x00026bf4   0x00026bf4   0x0000000c   Code   RO         2072    i.UARTE0_UART0_IRQHandler  nrfx_prs.o
    0x00026c00   0x00026c00   0x00000068   Code   RO         4254    i._DoInit           segger_rtt.o
    0x00026c68   0x00026c68   0x00000016   Code   RO         4255    i._GetAvailWriteSpace  segger_rtt.o
    0x00026c7e   0x00026c7e   0x0000005a   Code   RO         4257    i._WriteBlocking    segger_rtt.o
    0x00026cd8   0x00026cd8   0x00000042   Code   RO         4258    i._WriteNoCheck     segger_rtt.o
    0x00026d1a   0x00026d1a   0x0000000e   Code   RO         4913    i.__scatterload_copy  mc_w.l(handlers.o)
    0x00026d28   0x00026d28   0x00000002   Code   RO         4914    i.__scatterload_null  mc_w.l(handlers.o)
    0x00026d2a   0x00026d2a   0x0000000e   Code   RO         4915    i.__scatterload_zeroinit  mc_w.l(handlers.o)
    0x00026d38   0x00026d38   0x00000024   Code   RO         4585    i.__sd_nvic_app_accessible_irq  nrf_sdh.o
    0x00026d5c   0x00026d5c   0x0000001c   Code   RO          908    i.active_flag_count  ble_conn_state.o
    0x00026d78   0x00026d78   0x00000046   Code   RO          644    i.advertising_buttons_configure  bsp_btn_ble.o
    0x00026dbe   0x00026dbe   0x00000002   PAD
    0x00026dc0   0x00026dc0   0x00000030   Code   RO         2483    i.app_button_disable  app_button.o
    0x00026df0   0x00026df0   0x00000024   Code   RO         2484    i.app_button_enable  app_button.o
    0x00026e14   0x00026e14   0x00000078   Code   RO         2485    i.app_button_init   app_button.o
    0x00026e8c   0x00026e8c   0x0000007c   Code   RO         2604    i.app_error_fault_handler  app_error_weak.o
    0x00026f08   0x00026f08   0x00000016   Code   RO         2548    i.app_error_handler_bare  app_error.o
    0x00026f1e   0x00026f1e   0x00000002   PAD
    0x00026f20   0x00026f20   0x00000028   Code   RO         2697    i.app_timer_create  app_timer.o
    0x00026f48   0x00026f48   0x00000054   Code   RO         2698    i.app_timer_init    app_timer.o
    0x00026f9c   0x00026f9c   0x00000088   Code   RO         2701    i.app_timer_start   app_timer.o
    0x00027024   0x00027024   0x00000020   Code   RO         2702    i.app_timer_stop    app_timer.o
    0x00027044   0x00027044   0x00000048   Code   RO         2859    i.app_util_critical_region_enter  app_util_platform.o
    0x0002708c   0x0002708c   0x00000034   Code   RO         2860    i.app_util_critical_region_exit  app_util_platform.o
    0x000270c0   0x000270c0   0x00000076   Code   RO         2123    i.apply_config      nrfx_uart.o
    0x00027136   0x00027136   0x00000076   Code   RO         2321    i.apply_config      nrfx_uarte.o
    0x000271ac   0x000271ac   0x0000000c   Code   RO          909    i.bcs_internal_state_reset  ble_conn_state.o
    0x000271b8   0x000271b8   0x00000044   Code   RO          698    i.ble_advdata_name_find  ble_advdata.o
    0x000271fc   0x000271fc   0x00000038   Code   RO          700    i.ble_advdata_search  ble_advdata.o
    0x00027234   0x00027234   0x0000001c   Code   RO          910    i.ble_conn_state_central_conn_count  ble_conn_state.o
    0x00027250   0x00027250   0x00000004   Code   RO          918    i.ble_conn_state_init  ble_conn_state.o
    0x00027254   0x00027254   0x00000040   Code   RO         1076    i.ble_db_discovery_evt_register  ble_db_discovery.o
    0x00027294   0x00027294   0x0000001c   Code   RO         1077    i.ble_db_discovery_init  ble_db_discovery.o
    0x000272b0   0x000272b0   0x00000090   Code   RO         1078    i.ble_db_discovery_on_ble_evt  ble_db_discovery.o
    0x00027340   0x00027340   0x00000028   Code   RO         1079    i.ble_db_discovery_start  ble_db_discovery.o
    0x00027368   0x00027368   0x00000180   Code   RO            5    i.ble_evt_handler   main.o
    0x000274e8   0x000274e8   0x00000070   Code   RO          645    i.ble_evt_handler   bsp_btn_ble.o
    0x00027558   0x00027558   0x00000104   Code   RO          928    i.ble_evt_handler   ble_conn_state.o
    0x0002765c   0x0002765c   0x00000058   Code   RO         1356    i.ble_lbs_c_button_notif_enable  ble_lbs_c.o
    0x000276b4   0x000276b4   0x00000018   Code   RO         1357    i.ble_lbs_c_handles_assign  ble_lbs_c.o
    0x000276cc   0x000276cc   0x00000054   Code   RO         1358    i.ble_lbs_c_init    ble_lbs_c.o
    0x00027720   0x00027720   0x00000078   Code   RO         1359    i.ble_lbs_c_on_ble_evt  ble_lbs_c.o
    0x00027798   0x00027798   0x00000058   Code   RO         1360    i.ble_lbs_led_status_send  ble_lbs_c.o
    0x000277f0   0x000277f0   0x0000008c   Code   RO         1361    i.ble_lbs_on_db_disc_evt  ble_lbs_c.o
    0x0002787c   0x0002787c   0x00000054   Code   RO          388    i.bsp_board_init    boards.o
    0x000278d0   0x000278d0   0x00000010   Code   RO          391    i.bsp_board_led_off  boards.o
    0x000278e0   0x000278e0   0x00000010   Code   RO          392    i.bsp_board_led_on  boards.o
    0x000278f0   0x000278f0   0x00000012   Code   RO          394    i.bsp_board_leds_off  boards.o
    0x00027902   0x00027902   0x00000002   PAD
    0x00027904   0x00027904   0x00000044   Code   RO          532    i.bsp_event_to_button_action_assign  bsp.o
    0x00027948   0x00027948   0x00000090   Code   RO         3990    i.buf_prealloc      nrf_log_frontend.o
    0x000279d8   0x000279d8   0x0000001e   Code   RO         3323    i.buffer_add        nrf_fprintf_format.o
    0x000279f6   0x000279f6   0x00000002   PAD
    0x000279f8   0x000279f8   0x00000014   Code   RO         3991    i.buffer_is_empty   nrf_log_frontend.o
    0x00027a0c   0x00027a0c   0x00000098   Code   RO            6    i.button_event_handler  main.o
    0x00027aa4   0x00027aa4   0x0000001c   Code   RO         1754    i.channel_free      nrfx_gpiote.o
    0x00027ac0   0x00027ac0   0x00000048   Code   RO         1755    i.channel_port_alloc  nrfx_gpiote.o
    0x00027b08   0x00027b08   0x00000010   Code   RO         1756    i.channel_port_get  nrfx_gpiote.o
    0x00027b18   0x00027b18   0x00000042   Code   RO         1080    i.characteristics_discover  ble_db_discovery.o
    0x00027b5a   0x00027b5a   0x00000002   PAD
    0x00027b5c   0x00027b5c   0x00000028   Code   RO         1423    i.clock_clk_started_notify  nrf_drv_clock.o
    0x00027b84   0x00027b84   0x0000001c   Code   RO         1424    i.clock_irq_handler  nrf_drv_clock.o
    0x00027ba0   0x00027ba0   0x000000ac   Code   RO         2704    i.compare_reg_update  app_timer.o
    0x00027c4c   0x00027c4c   0x0000003e   Code   RO          929    i.conn_handle_list_get  ble_conn_state.o
    0x00027c8a   0x00027c8a   0x00000002   PAD
    0x00027c8c   0x00027c8c   0x000000bc   Code   RO         1257    i.data_length_update  nrf_ble_gatt.o
    0x00027d48   0x00027d48   0x00000014   Code   RO            7    i.db_disc_handler   main.o
    0x00027d5c   0x00027d5c   0x0000008c   Code   RO         1081    i.descriptors_discover  ble_db_discovery.o
    0x00027de8   0x00027de8   0x00000098   Code   RO         2487    i.detection_delay_timeout_handler  app_button.o
    0x00027e80   0x00027e80   0x00000090   Code   RO         1082    i.discovery_complete_evt_trigger  ble_db_discovery.o
    0x00027f10   0x00027f10   0x0000003c   Code   RO         1083    i.discovery_error_evt_trigger  ble_db_discovery.o
    0x00027f4c   0x00027f4c   0x0000005c   Code   RO         1084    i.discovery_start   ble_db_discovery.o
    0x00027fa8   0x00027fa8   0x00000014   Code   RO         3993    i.dropped_sat16_get  nrf_log_frontend.o
    0x00027fbc   0x00027fbc   0x00000040   Code   RO         2705    i.elapsed_ticks_acquire  app_timer.o
    0x00027ffc   0x00027ffc   0x00000054   Code   RO         3448    i.event_send        nrf_fstorage_sd.o
    0x00028050   0x00028050   0x00000084   Code   RO         2488    i.gpiote_event_handler  app_button.o
    0x000280d4   0x000280d4   0x000000a6   Code   RO         3324    i.int_print         nrf_fprintf_format.o
    0x0002817a   0x0002817a   0x00000002   PAD
    0x0002817c   0x0002817c   0x00000080   Code   RO         2322    i.interrupts_enable  nrfx_uarte.o
    0x000281fc   0x000281fc   0x0000004c   Code   RO         3994    i.invalid_packets_pushed_str_omit  nrf_log_frontend.o
    0x00028248   0x00028248   0x0000004c   Code   RO         1085    i.is_desc_discovery_reqd  ble_db_discovery.o
    0x00028294   0x00028294   0x000001ac   Code   RO            8    i.lbs_c_evt_handler  main.o
    0x00028440   0x00028440   0x00000014   Code   RO         1258    i.link_init         nrf_ble_gatt.o
    0x00028454   0x00028454   0x000000f8   Code   RO         2706    i.list_insertions_handler  app_timer.o
    0x0002854c   0x0002854c   0x0000009c   Code   RO         3995    i.log_skip          nrf_log_frontend.o
    0x000285e8   0x000285e8   0x00000124   Code   RO            9    i.main              main.o
    0x0002870c   0x0002870c   0x00000076   Code   RO         3562    i.memobj_op         nrf_memobj.o
    0x00028782   0x00028782   0x00000002   PAD
    0x00028784   0x00028784   0x00000030   Code   RO         3996    i.module_idx_get    nrf_log_frontend.o
    0x000287b4   0x000287b4   0x00000016   Code   RO         2978    i.nrf_atfifo_item_free  nrf_atfifo.o
    0x000287ca   0x000287ca   0x00000016   Code   RO         2979    i.nrf_atfifo_item_get  nrf_atfifo.o
    0x000287e0   0x000287e0   0x00000016   Code   RO         3045    i.nrf_atflags_clear  nrf_atflags.o
    0x000287f6   0x000287f6   0x00000016   Code   RO         3050    i.nrf_atflags_get   nrf_atflags.o
    0x0002880c   0x0002880c   0x00000014   Code   RO         3052    i.nrf_atflags_set   nrf_atflags.o
    0x00028820   0x00028820   0x00000006   Code   RO         3113    i.nrf_atomic_flag_clear_fetch  nrf_atomic.o
    0x00028826   0x00028826   0x00000006   Code   RO         3114    i.nrf_atomic_flag_set  nrf_atomic.o
    0x0002882c   0x0002882c   0x0000000c   Code   RO         3116    i.nrf_atomic_u32_add  nrf_atomic.o
    0x00028838   0x00028838   0x0000000c   Code   RO         3117    i.nrf_atomic_u32_and  nrf_atomic.o
    0x00028844   0x00028844   0x0000000a   Code   RO         3120    i.nrf_atomic_u32_fetch_and  nrf_atomic.o
    0x0002884e   0x0002884e   0x0000000a   Code   RO         3122    i.nrf_atomic_u32_fetch_store  nrf_atomic.o
    0x00028858   0x00028858   0x0000000c   Code   RO         3126    i.nrf_atomic_u32_or  nrf_atomic.o
    0x00028864   0x00028864   0x0000000c   Code   RO         3128    i.nrf_atomic_u32_sub  nrf_atomic.o
    0x00028870   0x00028870   0x00000044   Code   RO         3247    i.nrf_balloc_alloc  nrf_balloc.o
    0x000288b4   0x000288b4   0x00000030   Code   RO         3248    i.nrf_balloc_free   nrf_balloc.o
    0x000288e4   0x000288e4   0x00000030   Code   RO         3249    i.nrf_balloc_init   nrf_balloc.o
    0x00028914   0x00028914   0x00000010   Code   RO         1757    i.nrf_bitmask_bit_is_set  nrfx_gpiote.o
    0x00028924   0x00028924   0x00000014   Code   RO         1758    i.nrf_bitmask_bit_set  nrfx_gpiote.o
    0x00028938   0x00028938   0x0000002c   Code   RO         1264    i.nrf_ble_gatt_init  nrf_ble_gatt.o
    0x00028964   0x00028964   0x00000168   Code   RO         1265    i.nrf_ble_gatt_on_ble_evt  nrf_ble_gatt.o
    0x00028acc   0x00028acc   0x0000000e   Code   RO         1622    i.nrf_clock_event_check  nrfx_clock.o
    0x00028ada   0x00028ada   0x00000010   Code   RO         1623    i.nrf_clock_event_clear  nrfx_clock.o
    0x00028aea   0x00028aea   0x00000002   PAD
    0x00028aec   0x00028aec   0x00000038   Code   RO         1431    i.nrf_drv_clock_init  nrf_drv_clock.o
    0x00028b24   0x00028b24   0x00000030   Code   RO         1435    i.nrf_drv_clock_lfclk_release  nrf_drv_clock.o
    0x00028b54   0x00028b54   0x00000068   Code   RO         1569    i.nrf_drv_uart_init  nrf_drv_uart.o
    0x00028bbc   0x00028bbc   0x0000001a   Code   RO         3284    i.nrf_fprintf       nrf_fprintf.o
    0x00028bd6   0x00028bd6   0x00000018   Code   RO         3285    i.nrf_fprintf_buffer_flush  nrf_fprintf.o
    0x00028bee   0x00028bee   0x000001da   Code   RO         3325    i.nrf_fprintf_fmt   nrf_fprintf_format.o
    0x00028dc8   0x00028dc8   0x00000018   Code   RO         3451    i.nrf_fstorage_sdh_req_handler  nrf_fstorage_sd.o
    0x00028de0   0x00028de0   0x00000020   Code   RO         3452    i.nrf_fstorage_sdh_state_handler  nrf_fstorage_sd.o
    0x00028e00   0x00028e00   0x000000a4   Code   RO         3453    i.nrf_fstorage_sys_evt_handler  nrf_fstorage_sd.o
    0x00028ea4   0x00028ea4   0x00000032   Code   RO          398    i.nrf_gpio_cfg      boards.o
    0x00028ed6   0x00028ed6   0x00000032   Code   RO         1759    i.nrf_gpio_cfg      nrfx_gpiote.o
    0x00028f08   0x00028f08   0x00000032   Code   RO         2124    i.nrf_gpio_cfg      nrfx_uart.o
    0x00028f3a   0x00028f3a   0x00000032   Code   RO         2323    i.nrf_gpio_cfg      nrfx_uarte.o
    0x00028f6c   0x00028f6c   0x00000012   Code   RO         2125    i.nrf_gpio_cfg_default  nrfx_uart.o
    0x00028f7e   0x00028f7e   0x00000012   Code   RO         2324    i.nrf_gpio_cfg_default  nrfx_uarte.o
    0x00028f90   0x00028f90   0x00000012   Code   RO         2126    i.nrf_gpio_cfg_input  nrfx_uart.o
    0x00028fa2   0x00028fa2   0x00000012   Code   RO         2325    i.nrf_gpio_cfg_input  nrfx_uarte.o
    0x00028fb4   0x00028fb4   0x00000018   Code   RO           10    i.nrf_gpio_cfg_output  main.o
    0x00028fcc   0x00028fcc   0x00000014   Code   RO         2127    i.nrf_gpio_cfg_output  nrfx_uart.o
    0x00028fe0   0x00028fe0   0x00000014   Code   RO         2326    i.nrf_gpio_cfg_output  nrfx_uarte.o
    0x00028ff4   0x00028ff4   0x00000030   Code   RO         1761    i.nrf_gpio_cfg_sense_set  nrfx_gpiote.o
    0x00029024   0x00029024   0x00000014   Code   RO           11    i.nrf_gpio_pin_clear  main.o
    0x00029038   0x00029038   0x0000001c   Code   RO           12    i.nrf_gpio_pin_port_decode  main.o
    0x00029054   0x00029054   0x0000001c   Code   RO          399    i.nrf_gpio_pin_port_decode  boards.o
    0x00029070   0x00029070   0x0000001c   Code   RO         1763    i.nrf_gpio_pin_port_decode  nrfx_gpiote.o
    0x0002908c   0x0002908c   0x0000001c   Code   RO         2128    i.nrf_gpio_pin_port_decode  nrfx_uart.o
    0x000290a8   0x000290a8   0x0000001c   Code   RO         2327    i.nrf_gpio_pin_port_decode  nrfx_uarte.o
    0x000290c4   0x000290c4   0x00000016   Code   RO         1764    i.nrf_gpio_pin_read  nrfx_gpiote.o
    0x000290da   0x000290da   0x00000014   Code   RO           13    i.nrf_gpio_pin_set  main.o
    0x000290ee   0x000290ee   0x00000014   Code   RO         2129    i.nrf_gpio_pin_set  nrfx_uart.o
    0x00029102   0x00029102   0x00000014   Code   RO         2328    i.nrf_gpio_pin_set  nrfx_uarte.o
    0x00029116   0x00029116   0x00000026   Code   RO          400    i.nrf_gpio_pin_write  boards.o
    0x0002913c   0x0002913c   0x0000002c   Code   RO         1766    i.nrf_gpio_ports_read  nrfx_gpiote.o
    0x00029168   0x00029168   0x00000014   Code   RO         1767    i.nrf_gpiote_event_clear  nrfx_gpiote.o
    0x0002917c   0x0002917c   0x00000010   Code   RO         1768    i.nrf_gpiote_event_is_set  nrfx_gpiote.o
    0x0002918c   0x0002918c   0x00000050   Code   RO         3997    i.nrf_log_backend_add  nrf_log_frontend.o
    0x000291dc   0x000291dc   0x00000002   Code   RO         3778    i.nrf_log_backend_rtt_flush  nrf_log_backend_rtt.o
    0x000291de   0x000291de   0x00000004   Code   RO         3779    i.nrf_log_backend_rtt_init  nrf_log_backend_rtt.o
    0x000291e2   0x000291e2   0x00000002   Code   RO         3780    i.nrf_log_backend_rtt_panic_set  nrf_log_backend_rtt.o
    0x000291e4   0x000291e4   0x00000018   Code   RO         3781    i.nrf_log_backend_rtt_put  nrf_log_backend_rtt.o
    0x000291fc   0x000291fc   0x000000c8   Code   RO         3840    i.nrf_log_backend_serial_put  nrf_log_backend_serial.o
    0x000292c4   0x000292c4   0x00000002   Code   RO         3874    i.nrf_log_backend_uart_flush  nrf_log_backend_uart.o
    0x000292c6   0x000292c6   0x00000006   Code   RO         3875    i.nrf_log_backend_uart_init  nrf_log_backend_uart.o
    0x000292cc   0x000292cc   0x0000002c   Code   RO         3876    i.nrf_log_backend_uart_panic_set  nrf_log_backend_uart.o
    0x000292f8   0x000292f8   0x00000018   Code   RO         3877    i.nrf_log_backend_uart_put  nrf_log_backend_uart.o
    0x00029310   0x00029310   0x00000030   Code   RO         3999    i.nrf_log_color_id_get  nrf_log_frontend.o
    0x00029340   0x00029340   0x00000030   Code   RO         3953    i.nrf_log_default_backends_init  nrf_log_default_backends.o
    0x00029370   0x00029370   0x00000220   Code   RO         4000    i.nrf_log_frontend_dequeue  nrf_log_frontend.o
    0x00029590   0x00029590   0x00000008   Code   RO         4002    i.nrf_log_frontend_std_0  nrf_log_frontend.o
    0x00029598   0x00029598   0x0000000e   Code   RO         4003    i.nrf_log_frontend_std_1  nrf_log_frontend.o
    0x000295a6   0x000295a6   0x00000010   Code   RO         4004    i.nrf_log_frontend_std_2  nrf_log_frontend.o
    0x000295b6   0x000295b6   0x00000002   PAD
    0x000295b8   0x000295b8   0x000000ac   Code   RO         4177    i.nrf_log_hexdump_entry_process  nrf_log_str_formatter.o
    0x00029664   0x00029664   0x00000058   Code   RO         4009    i.nrf_log_init      nrf_log_frontend.o
    0x000296bc   0x000296bc   0x00000014   Code   RO         4010    i.nrf_log_module_cnt_get  nrf_log_frontend.o
    0x000296d0   0x000296d0   0x0000001c   Code   RO         4013    i.nrf_log_module_name_get  nrf_log_frontend.o
    0x000296ec   0x000296ec   0x00000028   Code   RO         4014    i.nrf_log_panic     nrf_log_frontend.o
    0x00029714   0x00029714   0x000000b6   Code   RO         4178    i.nrf_log_std_entry_process  nrf_log_str_formatter.o
    0x000297ca   0x000297ca   0x00000060   Code   RO         3563    i.nrf_memobj_alloc  nrf_memobj.o
    0x0002982a   0x0002982a   0x00000032   Code   RO         3564    i.nrf_memobj_free   nrf_memobj.o
    0x0002985c   0x0002985c   0x00000008   Code   RO         3565    i.nrf_memobj_get    nrf_memobj.o
    0x00029864   0x00029864   0x00000004   Code   RO         3566    i.nrf_memobj_pool_init  nrf_memobj.o
    0x00029868   0x00029868   0x0000001e   Code   RO         3567    i.nrf_memobj_put    nrf_memobj.o
    0x00029886   0x00029886   0x0000000c   Code   RO         3568    i.nrf_memobj_read   nrf_memobj.o
    0x00029892   0x00029892   0x0000000c   Code   RO         3569    i.nrf_memobj_write  nrf_memobj.o
    0x0002989e   0x0002989e   0x00000002   PAD
    0x000298a0   0x000298a0   0x00000028   Code   RO         3641    i.nrf_pwr_mgmt_init  nrf_pwr_mgmt.o
    0x000298c8   0x000298c8   0x00000044   Code   RO         3642    i.nrf_pwr_mgmt_run  nrf_pwr_mgmt.o
    0x0002990c   0x0002990c   0x00000014   Code   RO         4705    i.nrf_sdh_ble_app_ram_start_get  nrf_sdh_ble.o
    0x00029920   0x00029920   0x0000010c   Code   RO         4706    i.nrf_sdh_ble_default_cfg_set  nrf_sdh_ble.o
    0x00029a2c   0x00029a2c   0x0000012c   Code   RO         4707    i.nrf_sdh_ble_enable  nrf_sdh_ble.o
    0x00029b58   0x00029b58   0x0000005c   Code   RO         4708    i.nrf_sdh_ble_evts_poll  nrf_sdh_ble.o
    0x00029bb4   0x00029bb4   0x00000054   Code   RO         4586    i.nrf_sdh_disable_request  nrf_sdh.o
    0x00029c08   0x00029c08   0x00000074   Code   RO         4587    i.nrf_sdh_enable_request  nrf_sdh.o
    0x00029c7c   0x00029c7c   0x00000024   Code   RO         4588    i.nrf_sdh_evts_poll  nrf_sdh.o
    0x00029ca0   0x00029ca0   0x0000000c   Code   RO         4589    i.nrf_sdh_is_enabled  nrf_sdh.o
    0x00029cac   0x00029cac   0x0000001c   Code   RO         4591    i.nrf_sdh_request_continue  nrf_sdh.o
    0x00029cc8   0x00029cc8   0x0000003c   Code   RO         4756    i.nrf_sdh_soc_evts_poll  nrf_sdh_soc.o
    0x00029d04   0x00029d04   0x0000000a   Code   RO         3710    i.nrf_section_iter_init  nrf_section_iter.o
    0x00029d0e   0x00029d0e   0x00000024   Code   RO         3711    i.nrf_section_iter_item_set  nrf_section_iter.o
    0x00029d32   0x00029d32   0x00000020   Code   RO         3712    i.nrf_section_iter_next  nrf_section_iter.o
    0x00029d52   0x00029d52   0x00000002   PAD
    0x00029d54   0x00029d54   0x00000038   Code   RO         3745    i.nrf_strerror_find  nrf_strerror.o
    0x00029d8c   0x00029d8c   0x00000014   Code   RO         3746    i.nrf_strerror_get  nrf_strerror.o
    0x00029da0   0x00029da0   0x0000000a   Code   RO         2130    i.nrf_uart_event_check  nrfx_uart.o
    0x00029daa   0x00029daa   0x0000000c   Code   RO         2131    i.nrf_uart_event_clear  nrfx_uart.o
    0x00029db6   0x00029db6   0x0000000c   Code   RO         2132    i.nrf_uart_int_enable_check  nrfx_uart.o
    0x00029dc2   0x00029dc2   0x0000000a   Code   RO         2329    i.nrf_uarte_event_check  nrfx_uarte.o
    0x00029dcc   0x00029dcc   0x0000000c   Code   RO         2330    i.nrf_uarte_event_clear  nrfx_uarte.o
    0x00029dd8   0x00029dd8   0x0000002c   Code   RO         1628    i.nrfx_clock_enable  nrfx_clock.o
    0x00029e04   0x00029e04   0x00000020   Code   RO         1631    i.nrfx_clock_init   nrfx_clock.o
    0x00029e24   0x00029e24   0x0000001c   Code   RO         1634    i.nrfx_clock_lfclk_stop  nrfx_clock.o
    0x00029e40   0x00029e40   0x00000010   Code   RO           14    i.nrfx_coredep_delay_us  main.o
    0x00029e50   0x00029e50   0x00000010   Code   RO         2707    i.nrfx_coredep_delay_us  app_timer.o
    0x00029e60   0x00029e60   0x00000048   Code   RO         1772    i.nrfx_gpiote_in_event_disable  nrfx_gpiote.o
    0x00029ea8   0x00029ea8   0x00000098   Code   RO         1773    i.nrfx_gpiote_in_event_enable  nrfx_gpiote.o
    0x00029f40   0x00029f40   0x000000d4   Code   RO         1774    i.nrfx_gpiote_in_init  nrfx_gpiote.o
    0x0002a014   0x0002a014   0x0000000e   Code   RO         1775    i.nrfx_gpiote_in_is_set  nrfx_gpiote.o
    0x0002a022   0x0002a022   0x00000002   PAD
    0x0002a024   0x0002a024   0x00000074   Code   RO         1777    i.nrfx_gpiote_init  nrfx_gpiote.o
    0x0002a098   0x0002a098   0x00000014   Code   RO         1778    i.nrfx_gpiote_is_init  nrfx_gpiote.o
    0x0002a0ac   0x0002a0ac   0x00000010   Code   RO         2331    i.nrfx_is_in_ram    nrfx_uarte.o
    0x0002a0bc   0x0002a0bc   0x0000003a   Code   RO         2073    i.nrfx_prs_acquire  nrfx_prs.o
    0x0002a0f6   0x0002a0f6   0x00000012   Code   RO         2074    i.nrfx_prs_release  nrfx_prs.o
    0x0002a108   0x0002a108   0x00000010   Code   RO         2133    i.nrfx_uart_0_irq_handler  nrfx_uart.o
    0x0002a118   0x0002a118   0x000000d4   Code   RO         2135    i.nrfx_uart_init    nrfx_uart.o
    0x0002a1ec   0x0002a1ec   0x000000a4   Code   RO         2141    i.nrfx_uart_tx      nrfx_uart.o
    0x0002a290   0x0002a290   0x00000020   Code   RO         2143    i.nrfx_uart_tx_in_progress  nrfx_uart.o
    0x0002a2b0   0x0002a2b0   0x000000b4   Code   RO         2144    i.nrfx_uart_uninit  nrfx_uart.o
    0x0002a364   0x0002a364   0x00000010   Code   RO         2332    i.nrfx_uarte_0_irq_handler  nrfx_uarte.o
    0x0002a374   0x0002a374   0x0000006c   Code   RO         2334    i.nrfx_uarte_init   nrfx_uarte.o
    0x0002a3e0   0x0002a3e0   0x00000090   Code   RO         2338    i.nrfx_uarte_tx     nrfx_uarte.o
    0x0002a470   0x0002a470   0x0000001c   Code   RO         2340    i.nrfx_uarte_tx_in_progress  nrfx_uarte.o
    0x0002a48c   0x0002a48c   0x000000b0   Code   RO         2341    i.nrfx_uarte_uninit  nrfx_uarte.o
    0x0002a53c   0x0002a53c   0x00000080   Code   RO           15    i.on_adv_report     main.o
    0x0002a5bc   0x0002a5bc   0x00000114   Code   RO         1086    i.on_characteristic_discovery_rsp  ble_db_discovery.o
    0x0002a6d0   0x0002a6d0   0x000000a0   Code   RO         1266    i.on_connected_evt  nrf_ble_gatt.o
    0x0002a770   0x0002a770   0x000000f0   Code   RO         1087    i.on_descriptor_discovery_rsp  ble_db_discovery.o
    0x0002a860   0x0002a860   0x000000a4   Code   RO         1267    i.on_exchange_mtu_request_evt  nrf_ble_gatt.o
    0x0002a904   0x0002a904   0x0000006c   Code   RO         1088    i.on_primary_srv_discovery_rsp  ble_db_discovery.o
    0x0002a970   0x0002a970   0x0000007c   Code   RO         1089    i.on_srv_disc_completion  ble_db_discovery.o
    0x0002a9ec   0x0002a9ec   0x00000018   Code   RO         1794    i.pin_in_use_by_port  nrfx_gpiote.o
    0x0002aa04   0x0002aa04   0x00000018   Code   RO         1795    i.pin_in_use_by_te  nrfx_gpiote.o
    0x0002aa1c   0x0002aa1c   0x0000003c   Code   RO         4180    i.postfix_process   nrf_log_str_formatter.o
    0x0002aa58   0x0002aa58   0x00000098   Code   RO         4181    i.prefix_process    nrf_log_str_formatter.o
    0x0002aaf0   0x0002aaf0   0x00000018   Code   RO         2075    i.prs_box_get       nrfx_prs.o
    0x0002ab08   0x0002ab08   0x00000014   Code   RO         3454    i.queue_free        nrf_fstorage_sd.o
    0x0002ab1c   0x0002ab1c   0x000000a0   Code   RO         3455    i.queue_process     nrf_fstorage_sd.o
    0x0002abbc   0x0002abbc   0x00000038   Code   RO         1090    i.registered_handler_get  ble_db_discovery.o
    0x0002abf4   0x0002abf4   0x0000003c   Code   RO         2708    i.rtc1_stop         app_timer.o
    0x0002ac30   0x0002ac30   0x00000032   Code   RO         2145    i.rx_byte           nrfx_uart.o
    0x0002ac62   0x0002ac62   0x00000016   Code   RO         2146    i.rx_done_event     nrfx_uart.o
    0x0002ac78   0x0002ac78   0x00000018   Code   RO         2342    i.rx_done_event     nrfx_uarte.o
    0x0002ac90   0x0002ac90   0x00000060   Code   RO           16    i.scan_start        main.o
    0x0002acf0   0x0002acf0   0x00000050   Code   RO         1438    i.sd_state_evt_handler  nrf_drv_clock.o
    0x0002ad40   0x0002ad40   0x00000030   Code   RO         4594    i.sdh_request_observer_notify  nrf_sdh.o
    0x0002ad70   0x0002ad70   0x0000002c   Code   RO         4595    i.sdh_state_observer_notify  nrf_sdh.o
    0x0002ad9c   0x0002ad9c   0x00000050   Code   RO         3782    i.serial_tx         nrf_log_backend_rtt.o
    0x0002adec   0x0002adec   0x00000040   Code   RO         3878    i.serial_tx         nrf_log_backend_uart.o
    0x0002ae2c   0x0002ae2c   0x00000018   Code   RO         1439    i.soc_evt_handler   nrf_drv_clock.o
    0x0002ae44   0x0002ae44   0x00000038   Code   RO         4596    i.softdevice_evt_irq_disable  nrf_sdh.o
    0x0002ae7c   0x0002ae7c   0x00000058   Code   RO         4597    i.softdevices_evt_irq_enable  nrf_sdh.o
    0x0002aed4   0x0002aed4   0x0000008c   Code   RO         4016    i.std_n             nrf_log_frontend.o
    0x0002af60   0x0002af60   0x00000080   Code   RO         2709    i.timer_list_handler  app_timer.o
    0x0002afe0   0x0002afe0   0x0000003c   Code   RO         2710    i.timer_list_insert  app_timer.o
    0x0002b01c   0x0002b01c   0x00000060   Code   RO         2711    i.timer_list_remove  app_timer.o
    0x0002b07c   0x0002b07c   0x00000048   Code   RO         2712    i.timer_stop_op_schedule  app_timer.o
    0x0002b0c4   0x0002b0c4   0x00000074   Code   RO         2713    i.timer_timeouts_check  app_timer.o
    0x0002b138   0x0002b138   0x00000048   Code   RO         1362    i.tx_buffer_process  ble_lbs_c.o
    0x0002b180   0x0002b180   0x00000020   Code   RO         2148    i.tx_byte           nrfx_uart.o
    0x0002b1a0   0x0002b1a0   0x0000001a   Code   RO         2149    i.tx_done_event     nrfx_uart.o
    0x0002b1ba   0x0002b1ba   0x00000002   PAD
    0x0002b1bc   0x0002b1bc   0x00000030   Code   RO         1570    i.uart_evt_handler  nrf_drv_uart.o
    0x0002b1ec   0x0002b1ec   0x0000000c   Code   RO         3879    i.uart_evt_handler  nrf_log_backend_uart.o
    0x0002b1f8   0x0002b1f8   0x00000050   Code   RO         3880    i.uart_init         nrf_log_backend_uart.o
    0x0002b248   0x0002b248   0x00000128   Code   RO         2150    i.uart_irq_handler  nrfx_uart.o
    0x0002b370   0x0002b370   0x00000030   Code   RO         1571    i.uarte_evt_handler  nrf_drv_uart.o
    0x0002b3a0   0x0002b3a0   0x000000f4   Code   RO         2343    i.uarte_irq_handler  nrfx_uarte.o
    0x0002b494   0x0002b494   0x000000b4   Code   RO         3326    i.unsigned_print    nrf_fprintf_format.o
    0x0002b548   0x0002b548   0x00000030   Code   RO         2714    i.user_op_alloc     app_timer.o
    0x0002b578   0x0002b578   0x00000008   PAD
    0x0002b580   0x0002b580   0x0000002a   Data   RO           19    .constdata          main.o
    0x0002b5aa   0x0002b5aa   0x00000008   Data   RO          401    .constdata          boards.o
    0x0002b5b2   0x0002b5b2   0x00000002   PAD
    0x0002b5b4   0x0002b5b4   0x0000007c   Data   RO         1092    .constdata          ble_db_discovery.o
    0x0002b630   0x0002b630   0x00000016   Data   RO         1268    .constdata          nrf_ble_gatt.o
    0x0002b646   0x0002b646   0x00000002   PAD
    0x0002b648   0x0002b648   0x00000010   Data   RO         1364    .constdata          ble_lbs_c.o
    0x0002b658   0x0002b658   0x00000008   Data   RO         1797    .constdata          nrfx_gpiote.o
    0x0002b660   0x0002b660   0x00000004   Data   RO         2153    .constdata          nrfx_uart.o
    0x0002b664   0x0002b664   0x00000004   Data   RO         2346    .constdata          nrfx_uarte.o
    0x0002b668   0x0002b668   0x00000008   Data   RO         2490    .constdata          app_button.o
    0x0002b670   0x0002b670   0x00000006   Data   RO         2716    .constdata          app_timer.o
    0x0002b676   0x0002b676   0x00000010   Data   RO         3327    .constdata          nrf_fprintf_format.o
    0x0002b686   0x0002b686   0x00000002   PAD
    0x0002b688   0x0002b688   0x00000010   Data   RO         3463    .constdata          nrf_fstorage_sd.o
    0x0002b698   0x0002b698   0x00000018   Data   RO         3646    .constdata          nrf_pwr_mgmt.o
    0x0002b6b0   0x0002b6b0   0x0000000c   Data   RO         3647    .constdata          nrf_pwr_mgmt.o
    0x0002b6bc   0x0002b6bc   0x0000013c   Data   RO         3747    .constdata          nrf_strerror.o
    0x0002b7f8   0x0002b7f8   0x0000000c   Data   RO         3784    .constdata          nrf_log_backend_rtt.o
    0x0002b804   0x0002b804   0x0000000c   PAD
    0x0002b810   0x0002b810   0x00000006   Data   RO         3785    .constdata          nrf_log_backend_rtt.o
    0x0002b816   0x0002b816   0x00000002   PAD
    0x0002b818   0x0002b818   0x0000000c   Data   RO         3882    .constdata          nrf_log_backend_uart.o
    0x0002b824   0x0002b824   0x00000020   Data   RO         3883    .constdata          nrf_log_backend_uart.o
    0x0002b844   0x0002b844   0x00000010   Data   RO         4598    .constdata          nrf_sdh.o
    0x0002b854   0x0002b854   0x00000028   Data   RO         4599    .constdata          nrf_sdh.o
    0x0002b87c   0x0002b87c   0x00000010   Data   RO         4600    .constdata          nrf_sdh.o
    0x0002b88c   0x0002b88c   0x00000010   Data   RO         4601    .constdata          nrf_sdh.o
    0x0002b89c   0x0002b89c   0x00000020   Data   RO         4709    .constdata          nrf_sdh_ble.o
    0x0002b8bc   0x0002b8bc   0x00000010   Data   RO         4710    .constdata          nrf_sdh_ble.o
    0x0002b8cc   0x0002b8cc   0x00000010   Data   RO         4757    .constdata          nrf_sdh_soc.o
    0x0002b8dc   0x0002b8dc   0x0000000c   Data   RO         4758    .constdata          nrf_sdh_soc.o
    0x0002b8e8   0x0002b8e8   0x00000081   Data   RO         4841    .constdata          mc_w.l(ctype_o.o)
    0x0002b969   0x0002b969   0x00000003   PAD
    0x0002b96c   0x0002b96c   0x00000004   Data   RO         4842    .constdata          mc_w.l(ctype_o.o)
    0x0002b970   0x0002b970   0x000000a2   Data   RO         1269    .conststring        nrf_ble_gatt.o
    0x0002ba12   0x0002ba12   0x00000002   PAD
    0x0002ba14   0x0002ba14   0x000003eb   Data   RO         3748    .conststring        nrf_strerror.o
    0x0002bdff   0x0002bdff   0x00000001   PAD
    0x0002be00   0x0002be00   0x00000066   Data   RO         4182    .conststring        nrf_log_str_formatter.o
    0x0002be66   0x0002be66   0x00000002   PAD
    0x0002be68   0x0002be68   0x00000188   Data   RO         4711    .conststring        nrf_sdh_ble.o
    0x0002bff0   0x0002bff0   0x0000000c   Data   RO         1093    .conststrlit        ble_db_discovery.o
    0x0002bffc   0x0002bffc   0x0000000d   Data   RO         1270    .conststrlit        nrf_ble_gatt.o
    0x0002c009   0x0002c009   0x00000003   PAD
    0x0002c00c   0x0002c00c   0x0000000a   Data   RO         1365    .conststrlit        ble_lbs_c.o
    0x0002c016   0x0002c016   0x00000002   PAD
    0x0002c018   0x0002c018   0x00000006   Data   RO         1445    .conststrlit        nrf_drv_clock.o
    0x0002c01e   0x0002c01e   0x00000002   PAD
    0x0002c020   0x0002c020   0x00000006   Data   RO         1638    .conststrlit        nrfx_clock.o
    0x0002c026   0x0002c026   0x00000002   PAD
    0x0002c028   0x0002c028   0x00000007   Data   RO         1801    .conststrlit        nrfx_gpiote.o
    0x0002c02f   0x0002c02f   0x00000001   PAD
    0x0002c030   0x0002c030   0x00000004   Data   RO         2077    .conststrlit        nrfx_prs.o
    0x0002c034   0x0002c034   0x00000005   Data   RO         2156    .conststrlit        nrfx_uart.o
    0x0002c039   0x0002c039   0x00000003   PAD
    0x0002c03c   0x0002c03c   0x00000006   Data   RO         2349    .conststrlit        nrfx_uarte.o
    0x0002c042   0x0002c042   0x00000002   PAD
    0x0002c044   0x0002c044   0x0000000d   Data   RO         3375    .conststrlit        nrf_fstorage.o
    0x0002c051   0x0002c051   0x00000003   PAD
    0x0002c054   0x0002c054   0x0000000e   Data   RO         3465    .conststrlit        nrf_fstorage_sd.o
    0x0002c062   0x0002c062   0x00000002   PAD
    0x0002c064   0x0002c064   0x00000009   Data   RO         3648    .conststrlit        nrf_pwr_mgmt.o
    0x0002c06d   0x0002c06d   0x00000003   PAD
    0x0002c070   0x0002c070   0x00000018   Data   RO         4019    .conststrlit        nrf_log_frontend.o
    0x0002c088   0x0002c088   0x00000008   Data   RO         4602    .conststrlit        nrf_sdh.o
    0x0002c090   0x0002c090   0x0000000c   Data   RO         4712    .conststrlit        nrf_sdh_ble.o
    0x0002c09c   0x0002c09c   0x0000000c   Data   RO         4759    .conststrlit        nrf_sdh_soc.o
    0x0002c0a8   0x0002c0a8   0x00000020   Data   RO         4911    Region$$Table       anon$$obj.o
    0x0002c0c8   0x0002c0c8   0x00000008   Data   RO         1095    log_const_data      ble_db_discovery.o
    0x0002c0d0   0x0002c0d0   0x00000008   Data   RO         1271    log_const_data      nrf_ble_gatt.o
    0x0002c0d8   0x0002c0d8   0x00000008   Data   RO         1367    log_const_data      ble_lbs_c.o
    0x0002c0e0   0x0002c0e0   0x00000008   Data   RO         1446    log_const_data      nrf_drv_clock.o
    0x0002c0e8   0x0002c0e8   0x00000008   Data   RO         1640    log_const_data      nrfx_clock.o
    0x0002c0f0   0x0002c0f0   0x00000008   Data   RO         1802    log_const_data      nrfx_gpiote.o
    0x0002c0f8   0x0002c0f8   0x00000008   Data   RO         2079    log_const_data      nrfx_prs.o
    0x0002c100   0x0002c100   0x00000008   Data   RO         2157    log_const_data      nrfx_uart.o
    0x0002c108   0x0002c108   0x00000008   Data   RO         2350    log_const_data      nrfx_uarte.o
    0x0002c110   0x0002c110   0x00000008   Data   RO         3376    log_const_data      nrf_fstorage.o
    0x0002c118   0x0002c118   0x00000008   Data   RO         3468    log_const_data      nrf_fstorage_sd.o
    0x0002c120   0x0002c120   0x00000008   Data   RO         3650    log_const_data      nrf_pwr_mgmt.o
    0x0002c128   0x0002c128   0x00000010   Data   RO         4022    log_const_data      nrf_log_frontend.o
    0x0002c138   0x0002c138   0x00000008   Data   RO         4604    log_const_data      nrf_sdh.o
    0x0002c140   0x0002c140   0x00000008   Data   RO         4714    log_const_data      nrf_sdh_ble.o
    0x0002c148   0x0002c148   0x00000008   Data   RO         4760    log_const_data      nrf_sdh_soc.o
    0x0002c150   0x0002c150   0x00000018   Data   RO         4024    nrf_balloc          nrf_log_frontend.o
    0x0002c168   0x0002c168   0x00000008   Data   RO          933    sdh_ble_observers0  ble_conn_state.o
    0x0002c170   0x0002c170   0x00000048   Data   RO           21    sdh_ble_observers1  main.o
    0x0002c1b8   0x0002c1b8   0x00000008   Data   RO          649    sdh_ble_observers1  bsp_btn_ble.o
    0x0002c1c0   0x0002c1c0   0x00000040   Data   RO           22    sdh_ble_observers2  main.o
    0x0002c200   0x0002c200   0x00000008   Data   RO           23    sdh_ble_observers3  main.o
    0x0002c208   0x0002c208   0x00000008   Data   RO         3470    sdh_req_observers0  nrf_fstorage_sd.o
    0x0002c210   0x0002c210   0x00000008   Data   RO         1448    sdh_soc_observers0  nrf_drv_clock.o
    0x0002c218   0x0002c218   0x00000008   Data   RO         3471    sdh_soc_observers0  nrf_fstorage_sd.o
    0x0002c220   0x0002c220   0x00000008   Data   RO         4716    sdh_stack_observers0  nrf_sdh_ble.o
    0x0002c228   0x0002c228   0x00000008   Data   RO         4762    sdh_stack_observers0  nrf_sdh_soc.o
    0x0002c230   0x0002c230   0x00000008   Data   RO         1449    sdh_state_observers0  nrf_drv_clock.o
    0x0002c238   0x0002c238   0x00000008   Data   RO         3472    sdh_state_observers0  nrf_fstorage_sd.o


    Execution Region RW_IRAM1 (Exec base: 0x20004368, Load base: 0x0002c240, Size: 0x000047b0, Max: 0x0003bc98, ABSOLUTE, COMPRESSED[0x00000084])

    Exec Addr    Load Addr    Size         Type   Attr      Idx    E Section Name        Object

    0x20004368   COMPRESSED   0x00001678   Data   RW           20    .data               main.o
    0x200059e0   COMPRESSED   0x00000008   Data   RW          648    .data               bsp_btn_ble.o
    0x200059e8   COMPRESSED   0x00000010   Data   RW         1094    .data               ble_db_discovery.o
    0x200059f8   COMPRESSED   0x00000008   Data   RW         1366    .data               ble_lbs_c.o
    0x20005a00   COMPRESSED   0x00000014   Data   RW         1572    .data               nrf_drv_uart.o
    0x20005a14   COMPRESSED   0x00000008   Data   RW         1639    .data               nrfx_clock.o
    0x20005a1c   COMPRESSED   0x00000008   Data   RW         2078    .data               nrfx_prs.o
    0x20005a24   COMPRESSED   0x00000004   PAD
    0x20005a28   COMPRESSED   0x00000020   Data   RW         2491    .data               app_button.o
    0x20005a48   COMPRESSED   0x00000014   Data   RW         2717    .data               app_timer.o
    0x20005a5c   COMPRESSED   0x00000014   Data   RW         3466    .data               nrf_fstorage_sd.o
    0x20005a70   COMPRESSED   0x00000008   Data   RW         3467    .data               nrf_fstorage_sd.o
    0x20005a78   COMPRESSED   0x00000008   Data   RW         3649    .data               nrf_pwr_mgmt.o
    0x20005a80   COMPRESSED   0x00000001   Data   RW         3786    .data               nrf_log_backend_rtt.o
    0x20005a81   COMPRESSED   0x00000003   PAD
    0x20005a84   COMPRESSED   0x00000018   Data   RW         3884    .data               nrf_log_backend_uart.o
    0x20005a9c   COMPRESSED   0x00000018   Data   RW         3954    .data               nrf_log_default_backends.o
    0x20005ab4   COMPRESSED   0x00000008   Data   RW         4020    .data               nrf_log_frontend.o
    0x20005abc   COMPRESSED   0x00000008   Data   RW         4021    .data               nrf_log_frontend.o
    0x20005ac4   COMPRESSED   0x00000040   Data   RW         4183    .data               nrf_log_str_formatter.o
    0x20005b04   COMPRESSED   0x00000003   Data   RW         4603    .data               nrf_sdh.o
    0x20005b07   COMPRESSED   0x00000001   Data   RW         4713    .data               nrf_sdh_ble.o
    0x20005b08   COMPRESSED   0x00000004   Data   RW         4797    .data               system_nrf52840.o
    0x20005b0c   COMPRESSED   0x00000004   Data   RW         1096    log_dynamic_data    ble_db_discovery.o
    0x20005b10   COMPRESSED   0x00000004   Data   RW         1272    log_dynamic_data    nrf_ble_gatt.o
    0x20005b14   COMPRESSED   0x00000004   Data   RW         1368    log_dynamic_data    ble_lbs_c.o
    0x20005b18   COMPRESSED   0x00000004   Data   RW         1447    log_dynamic_data    nrf_drv_clock.o
    0x20005b1c   COMPRESSED   0x00000004   Data   RW         1641    log_dynamic_data    nrfx_clock.o
    0x20005b20   COMPRESSED   0x00000004   Data   RW         1803    log_dynamic_data    nrfx_gpiote.o
    0x20005b24   COMPRESSED   0x00000004   Data   RW         2080    log_dynamic_data    nrfx_prs.o
    0x20005b28   COMPRESSED   0x00000004   Data   RW         2158    log_dynamic_data    nrfx_uart.o
    0x20005b2c   COMPRESSED   0x00000004   Data   RW         2351    log_dynamic_data    nrfx_uarte.o
    0x20005b30   COMPRESSED   0x00000004   Data   RW         3377    log_dynamic_data    nrf_fstorage.o
    0x20005b34   COMPRESSED   0x00000004   Data   RW         3469    log_dynamic_data    nrf_fstorage_sd.o
    0x20005b38   COMPRESSED   0x00000004   Data   RW         3651    log_dynamic_data    nrf_pwr_mgmt.o
    0x20005b3c   COMPRESSED   0x00000008   Data   RW         4023    log_dynamic_data    nrf_log_frontend.o
    0x20005b44   COMPRESSED   0x00000004   Data   RW         4605    log_dynamic_data    nrf_sdh.o
    0x20005b48   COMPRESSED   0x00000004   Data   RW         4715    log_dynamic_data    nrf_sdh_ble.o
    0x20005b4c   COMPRESSED   0x00000004   Data   RW         4761    log_dynamic_data    nrf_sdh_soc.o
    0x20005b50        -       0x000000cc   Zero   RW           17    .bss                main.o
    0x20005c1c        -       0x0000001f   Zero   RW           18    .bss                main.o
    0x20005c3b        -       0x0000000c   Zero   RW          544    .bss                bsp.o
    0x20005c47   COMPRESSED   0x00000001   PAD
    0x20005c48        -       0x00000078   Zero   RW          932    .bss                ble_conn_state.o
    0x20005cc0        -       0x00000318   Zero   RW         1091    .bss                ble_db_discovery.o
    0x20005fd8        -       0x000000a0   Zero   RW         1363    .bss                ble_lbs_c.o
    0x20006078        -       0x00000014   Zero   RW         1440    .bss                nrf_drv_clock.o
    0x2000608c        -       0x0000006c   Zero   RW         1796    .bss                nrfx_gpiote.o
    0x200060f8        -       0x0000002c   Zero   RW         2151    .bss                nrfx_uart.o
    0x20006124        -       0x00000024   Zero   RW         2344    .bss                nrfx_uarte.o
    0x20006148        -       0x00000020   Zero   RW         2489    .bss                app_button.o
    0x20006168        -       0x0000010c   Zero   RW         2715    .bss                app_timer.o
    0x20006274        -       0x0000000c   Zero   RW         2865    .bss                app_util_platform.o
    0x20006280        -       0x000000a0   Zero   RW         3462    .bss                nrf_fstorage_sd.o
    0x20006320        -       0x0000000c   Zero   RW         3645    .bss                nrf_pwr_mgmt.o
    0x2000632c        -       0x00000040   Zero   RW         3783    .bss                nrf_log_backend_rtt.o
    0x2000636c        -       0x00000040   Zero   RW         3881    .bss                nrf_log_backend_uart.o
    0x200063ac        -       0x000000c0   Zero   RW         4017    .bss                nrf_log_frontend.o
    0x2000646c        -       0x00000424   Zero   RW         4018    .bss                nrf_log_frontend.o
    0x20006890        -       0x00000288   Zero   RW         4259    .bss                segger_rtt.o
    0x20006b18        -       0x00002000   Zero   RW         4785    STACK               arm_startup_nrf52840.o


==============================================================================

Image component sizes


      Code (inc. data)   RO Data    RW Data    ZI Data      Debug   Object Name

       488         46          8         32         32      13991   app_button.o
        22          0          0          0          0       2493   app_error.o
       124         40          0          0          0      30573   app_error_weak.o
      1510        118          6         20        268      48943   app_timer.o
       124         14          0          0         12       9550   app_util_platform.o
        36          8        512          0       8192        968   arm_startup_nrf52840.o
       124          0          0          0          0      29175   ble_advdata.o
         0          0          0          0          0       5128   ble_advertising.o
       394         14          8          0        120       8199   ble_conn_state.o
      1658         78        144         20        792      19307   ble_db_discovery.o
       616         30         34         12        160       8822   ble_lbs_c.o
       250         22          8          0          0      49433   boards.o
        68          4          0          0         12       6880   bsp.o
       182          6          8          8          0       7604   bsp_btn_ble.o
      1608        438        186       5752        235     130031   main.o
       244          0          0          0          0       5749   nrf_atfifo.o
        64          0          0          0          0       3044   nrf_atflags.o
       306          0          0          0          0       8215   nrf_atomic.o
       164          0          0          0          0       3724   nrf_balloc.o
       936        254        205          4          0      36536   nrf_ble_gatt.o
       276         34         30          4         20      37914   nrf_drv_clock.o
       200         26          0         20          0      17888   nrf_drv_uart.o
        50          0          0          0          0       3609   nrf_fprintf.o
       850          4         16          0          0       5578   nrf_fprintf_format.o
         0          0         21          4          0       1841   nrf_fstorage.o
       484         42         62         32        160       9877   nrf_fstorage_sd.o
       112         18         18          1         64       6529   nrf_log_backend_rtt.o
       200          0          0          0          0      10879   nrf_log_backend_serial.o
       232         44         44         24         64      21426   nrf_log_backend_uart.o
        48          6          0         24          0       4093   nrf_log_default_backends.o
      1490        118         64         24       1252      30377   nrf_log_frontend.o
       566        108        102         64          0       5916   nrf_log_str_formatter.o
       330          0          0          0          0       9799   nrf_memobj.o
       108         16         53         12         12      36555   nrf_pwr_mgmt.o
       552         60        104          7          0      42012   nrf_sdh.o
       680        222        468          5          0       6081   nrf_sdh_ble.o
        60          4         56          4          0       2640   nrf_sdh_soc.o
        78          0          0          0          0       2864   nrf_section_iter.o
        76         10       1319          0          0       2823   nrf_strerror.o
       222         28         14         12          0      41340   nrfx_clock.o
      1450         98         23          4        108      61157   nrfx_gpiote.o
       112         16         12         12          0       4688   nrfx_prs.o
      1336         46         17          4         44      32818   nrfx_uart.o
      1178         50         18          4         36      25865   nrfx_uarte.o
       378         34          0          0        648       9173   segger_rtt.o
       476         60          0          4          0       2411   system_nrf52840.o

    ----------------------------------------------------------------------
     20502       2124       3640       6120      12232     864518   Object Totals
         0          0         32          0          0          0   (incl. Generated)
        40          8         48          7          1          0   (incl. Padding)

    ----------------------------------------------------------------------

      Code (inc. data)   RO Data    RW Data    ZI Data      Debug   Library Member Name

        86          0          0          0          0          0   __dczerorl2.o
         8          4        133          0          0         68   ctype_o.o
         0          0          0          0          0          0   entry.o
         0          0          0          0          0          0   entry10a.o
         0          0          0          0          0          0   entry11a.o
         8          4          0          0          0          0   entry2.o
         4          0          0          0          0          0   entry5.o
         0          0          0          0          0          0   entry7b.o
         0          0          0          0          0          0   entry8b.o
         8          4          0          0          0          0   entry9a.o
        30          0          0          0          0          0   handlers.o
        36          8          0          0          0         68   init.o
         0          0          0          0          0          0   iusefp.o
        30          0          0          0          0         68   llshl.o
        32          0          0          0          0         68   llushr.o
        26          0          0          0          0         80   memcmp.o
        36          0          0          0          0         68   memcpya.o
        36          0          0          0          0        108   memseta.o
        18          0          0          0          0         68   strcpy.o
        14          0          0          0          0         68   strlen.o
       186          0          0          0          0        176   depilogue.o
        50          0          0          0          0         76   dfixui.o
        34          0          0          0          0         76   dflti.o
       228          0          0          0          0         96   dmul.o

    ----------------------------------------------------------------------
       874         20        136          0          0       1088   Library Totals
         4          0          3          0          0          0   (incl. Padding)

    ----------------------------------------------------------------------

      Code (inc. data)   RO Data    RW Data    ZI Data      Debug   Library Name

       372         20        133          0          0        664   mc_w.l
       498          0          0          0          0        424   mf_w.l

    ----------------------------------------------------------------------
       874         20        136          0          0       1088   Library Totals

    ----------------------------------------------------------------------

==============================================================================


      Code (inc. data)   RO Data    RW Data    ZI Data      Debug   

     21376       2144       3776       6120      12232     839122   Grand Totals
     21376       2144       3776        132      12232     839122   ELF Image Totals (compressed)
     21376       2144       3776        132          0          0   ROM Totals

==============================================================================

    Total RO  Size (Code + RO Data)                25152 (  24.56kB)
    Total RW  Size (RW Data + ZI Data)             18352 (  17.92kB)
    Total ROM Size (Code + RO Data + RW Data)      25284 (  24.69kB)

==============================================================================

