<html>
<body>
<pre>
<h1>礦ision Build Log</h1>
<h2>Tool Versions:</h2>
IDE-Version: μVision V5.26.2.0
Copyright (C) 2018 ARM Ltd and ARM Germany GmbH. All rights reserved.
License Information: Xin hp, BUPT, LIC=FQQ63-AFFUC-NQQ0G-V8VNV-S14V8-CLPF4
 
Tool Versions:
Toolchain:       MDK-ARM Professional  Version: 5.26.2.0
Toolchain Path:  D:\Keil_v5\ARM\ARMCC\Bin
C Compiler:      Armcc.exe V5.06 update 6 (build 750)
Assembler:       Armasm.exe V5.06 update 6 (build 750)
Linker/Locator:  ArmLink.exe V5.06 update 6 (build 750)
Library Manager: ArmAr.exe V5.06 update 6 (build 750)
Hex Converter:   FromElf.exe V5.06 update 6 (build 750)
CPU DLL:         
Dialog DLL:      
Target DLL:      Segger\JL2CM3.dll V2.99.31.0
Dialog DLL:      TCM.DLL V1.36.1.0
 
<h2>Project:</h2>
D:\2019.8.6 主机一拖八\实验38：1主机带多从机\examples\ble_central\ble_app_multilink_central8\pca10056\s140\arm5_no_packs\ble_app_multilink_central_pca10056_s140.uvprojx
Project File Date:  08/07/2019

<h2>Output:</h2>
*** Using Compiler 'V5.06 update 6 (build 750)', folder: 'D:\Keil_v5\ARM\ARMCC\Bin'
Build target 'nrf52840_xxaa'
compiling main.c...
..\..\..\main.c(227): warning:  #550-D: variable "delaytime"  was set but never used
  							int delaytime=0;
..\..\..\main.c(236): warning:  #550-D: variable "delaytime"  was set but never used
  							int delaytime=0;
..\..\..\main.c(245): warning:  #550-D: variable "delaytime"  was set but never used
  							int delaytime=0;
..\..\..\main.c(254): warning:  #550-D: variable "delaytime"  was set but never used
  							int delaytime=0;
..\..\..\main.c(262): warning:  #550-D: variable "delaytime"  was set but never used
  							int delaytime=0;
..\..\..\main.c(537): warning:  #550-D: variable "err_code"  was set but never used
      ret_code_t err_code;
..\..\..\main.c: 6 warnings, 0 errors
linking...
Program Size: Code=21376 RO-data=3776 RW-data=6120 ZI-data=12232  
FromELF: creating hex file...
".\_build\nrf52840_xxaa.axf" - 0 Error(s), 6 Warning(s).

<h2>Software Packages used:</h2>

Package Vendor: ARM
                http://www.keil.com/pack/ARM.CMSIS.4.5.0.pack
                ARM.CMSIS.4.5.0
                CMSIS (Cortex Microcontroller Software Interface Standard)
   * Component: CORE Version: 4.3.0

Package Vendor: NordicSemiconductor
                http://developer.nordicsemi.com/nRF5_SDK/pieces/nRF_DeviceFamilyPack/NordicSemiconductor.nRF_DeviceFamilyPack.8.16.0.pack
                NordicSemiconductor.nRF_DeviceFamilyPack.8.16.0
                Nordic Semiconductor nRF ARM devices Device Family Pack.
   * Component: Startup Version: 8.16.0

<h2>Collection of Component include folders:</h2>
  .\RTE\_nrf52840_xxaa
  D:\Keil_v5\ARM\PACK\ARM\CMSIS\4.5.0\CMSIS\Include
  D:\Keil_v5\ARM\PACK\NordicSemiconductor\nRF_DeviceFamilyPack\8.16.0\Device\Include

<h2>Collection of Component Files used:</h2>

   * Component: ARM::CMSIS:CORE:4.3.0

   * Component: NordicSemiconductor::Device:Startup:8.16.0
      Source file:   Device\Source\arm\arm_startup_nrf52840.s
      Include file:  Device\Include\system_nrf52840.h
      Source file:   Device\Source\system_nrf52840.c
Build Time Elapsed:  00:00:02
</pre>
</body>
</html>
